
07-30 13:57:36.400  1917  3201 I ActivityTaskManager: START u0 {act=android.intent.action.MAIN cat=[android.intent.category.LAUNCHER] flg=0x10200000 cmp=com.jcarpenter1.expootaexclusionrepro/.MainActivity bnds=[864,1813][1021,1990]} from uid 10154
07-30 13:57:36.401  1917  3201 D CompatibilityChangeReporter: Compat change id reported: 265464455; UID 10481; state: DISABLED
07-30 13:57:36.401  1917  3201 D CompatibilityChangeReporter: Compat change id reported: 265452344; UID 10481; state: DISABLED
07-30 13:57:36.402  1917  3201 D CompatibilityChangeReporter: Compat change id reported: 266124927; UID 10481; state: DISABLED
07-30 13:57:36.402  1917  3201 D CompatibilityChangeReporter: Compat change id reported: 265451093; UID 10481; state: DISABLED
07-30 13:57:36.402  1917  3201 D CompatibilityChangeReporter: Compat change id reported: 265456536; UID 10481; state: DISABLED
07-30 13:57:36.402  1917  3201 D CompatibilityChangeReporter: Compat change id reported: 255940284; UID 10481; state: DISABLED
07-30 13:57:36.402  1917  3201 D CompatibilityChangeReporter: Compat change id reported: 236283604; UID 10481; state: DISABLED
07-30 13:57:36.402  1917  3201 D CompatibilityChangeReporter: Compat change id reported: 263959004; UID 10481; state: DISABLED
07-30 13:57:36.402  1917  3201 D CompatibilityChangeReporter: Compat change id reported: 264304459; UID 10481; state: DISABLED
07-30 13:57:36.402  1917  3201 D CompatibilityChangeReporter: Compat change id reported: 264301586; UID 10481; state: DISABLED
07-30 13:57:36.403  1917  3201 D CompatibilityChangeReporter: Compat change id reported: 254631730; UID 10481; state: DISABLED
07-30 13:57:36.403  1917  3201 D CompatibilityChangeReporter: Compat change id reported: 273509367; UID 10481; state: DISABLED
07-30 13:57:36.403  1917  3201 D CompatibilityChangeReporter: Compat change id reported: 263259275; UID 10481; state: DISABLED
07-30 13:57:36.403  1917  3201 D CompatibilityChangeReporter: Compat change id reported: 194480991; UID 10481; state: ENABLED
07-30 13:57:36.404  1917  3201 D CompatibilityChangeReporter: Compat change id reported: 174042980; UID 10481; state: DISABLED
07-30 13:57:36.408  1917  3201 D CompatibilityChangeReporter: Compat change id reported: 184838306; UID 10481; state: DISABLED
07-30 13:57:36.408  1917  3201 D CompatibilityChangeReporter: Compat change id reported: 185004937; UID 10481; state: DISABLED
07-30 13:57:36.411  1917  3201 D CompatibilityChangeReporter: Compat change id reported: 205907456; UID 10481; state: ENABLED
07-30 13:57:36.416  2874  2935 W Parcel  : Expecting binder but got null!
07-30 13:57:36.417  1917  3201 D CompatibilityChangeReporter: Compat change id reported: 194833441; UID 10481; state: ENABLED
07-30 13:57:36.419  1917  2092 D CompatibilityChangeReporter: Compat change id reported: 135634846; UID 10481; state: DISABLED
07-30 13:57:36.419  1917  2092 D CompatibilityChangeReporter: Compat change id reported: 177438394; UID 10481; state: DISABLED
07-30 13:57:36.419  1917  2092 D CompatibilityChangeReporter: Compat change id reported: 135772972; UID 10481; state: DISABLED
07-30 13:57:36.419  1917  2092 D CompatibilityChangeReporter: Compat change id reported: 135754954; UID 10481; state: ENABLED
07-30 13:57:36.419  1917  3278 D CompatibilityChangeReporter: Compat change id reported: 168419799; UID 10481; state: DISABLED
07-30 13:57:36.419  1917  3278 D CompatibilityChangeReporter: Compat change id reported: 273564678; UID 10481; state: DISABLED
07-30 13:57:36.420  1917  2106 D CompatibilityChangeReporter: Compat change id reported: 143937733; UID 10481; state: ENABLED
07-30 13:57:36.422  1917  4361 D CoreBackPreview: Window{3a9297c u0 Splash Screen com.jcarpenter1.expootaexclusionrepro}: Setting back callback OnBackInvokedCallbackInfo{mCallback=android.window.IOnBackInvokedCallback$Stub$Proxy@faab25a, mPriority=0}
07-30 13:57:36.430  1917  3278 W AutofillManagerServiceImpl: getFillEventHistory() called by UID 10135, but service UID is 10147
07-30 13:57:36.432  1353  1353 D Zygote  : Forked child process 32643
07-30 13:57:36.433  1917  2106 I ActivityManager: Start proc 32643:com.jcarpenter1.expootaexclusionrepro/u0a481 for next-top-activity {com.jcarpenter1.expootaexclusionrepro/com.jcarpenter1.expootaexclusionrepro.MainActivity}
07-30 13:57:36.434  2874  2935 E OpenGLRenderer: Unable to match the desired swap behavior.
07-30 13:57:36.437  3253  3311 D QuickstepModelDelegate: notifyAppTargetEvent action=1 launchLocation=predictions/hotseat
07-30 13:57:36.444 32643 32643 I aexclusionrepro: Using CollectorTypeCC GC.
07-30 13:57:36.451 32643 32643 E aexclusionrepro: Not starting debugger since process cannot load the jdwp agent.
07-30 13:57:36.463 32643 32643 D CompatibilityChangeReporter: Compat change id reported: 171979766; UID 10481; state: ENABLED
07-30 13:57:36.472 32643 32643 D nativeloader: Configuring clns-4 for other apk /data/app/~~NfLuExn4uH56SsxBgVKQgQ==/com.jcarpenter1.expootaexclusionrepro-qBr5yS93gDrON2zDImzzIg==/base.apk. target_sdk_version=34, uses_libraries=, library_path=/data/app/~~NfLuExn4uH56SsxBgVKQgQ==/com.jcarpenter1.expootaexclusionrepro-qBr5yS93gDrON2zDImzzIg==/lib/arm64:/data/app/~~NfLuExn4uH56SsxBgVKQgQ==/com.jcarpenter1.expootaexclusionrepro-qBr5yS93gDrON2zDImzzIg==/base.apk!/lib/arm64-v8a, permitted_path=/data:/mnt/expand:/data/user/0/com.jcarpenter1.expootaexclusionrepro
07-30 13:57:36.479 32643 32643 V GraphicsEnvironment: ANGLE Developer option for 'com.jcarpenter1.expootaexclusionrepro' set to: 'default'
07-30 13:57:36.479 32643 32643 V GraphicsEnvironment: ANGLE GameManagerService for com.jcarpenter1.expootaexclusionrepro: false
07-30 13:57:36.479 32643 32643 V GraphicsEnvironment: Updatable production driver is not supported on the device.
07-30 13:57:36.481 32643 32643 D NetworkSecurityConfig: No Network Security Config specified, using platform default
07-30 13:57:36.481 32643 32643 D NetworkSecurityConfig: No Network Security Config specified, using platform default
07-30 13:57:36.492 32643 32643 V SoLoader: Init SoLoader delegate
07-30 13:57:36.498 32643 32643 D AppCompatDelegate: Checking for metadata for AppLocalesMetadataHolderService : Service not found
07-30 13:57:36.527 22421 22421 I A       : onPause
07-30 13:57:36.529  1917  3201 D CompatibilityChangeReporter: Compat change id reported: 197654537; UID 10191; state: ENABLED
07-30 13:57:36.533 22421 22616 V ClearcutMetricXmitter: Transmission is done.
07-30 13:57:36.594 32643 32643 D CompatibilityChangeReporter: Compat change id reported: 237531167; UID 10481; state: DISABLED
07-30 13:57:36.597 32643 32659 W Parcel  : Expecting binder but got null!
07-30 13:57:36.602  1917  3278 D CoreBackPreview: Window{3a3bb5f u0 com.jcarpenter1.expootaexclusionrepro/com.jcarpenter1.expootaexclusionrepro.MainActivity}: Setting back callback OnBackInvokedCallbackInfo{mCallback=android.window.IOnBackInvokedCallback$Stub$Proxy@d91675, mPriority=0}
07-30 13:57:36.612 32643 32659 I AdrenoGLES-0: QUALCOMM build                   : 85da404, I46ff5fc46f
07-30 13:57:36.612 32643 32659 I AdrenoGLES-0: Build Date                       : 11/30/20
07-30 13:57:36.612 32643 32659 I AdrenoGLES-0: OpenGL ES Shader Compiler Version: EV031.31.04.01
07-30 13:57:36.612 32643 32659 I AdrenoGLES-0: Local Branch                     : promo490_3_Google
07-30 13:57:36.612 32643 32659 I AdrenoGLES-0: Remote Branch                    :
07-30 13:57:36.612 32643 32659 I AdrenoGLES-0: Remote Branch                    :
07-30 13:57:36.612 32643 32659 I AdrenoGLES-0: Reconstruct Branch               :
07-30 13:57:36.612 32643 32659 I AdrenoGLES-0: Build Config                     : S P 10.0.4 AArch64
07-30 13:57:36.612 32643 32659 I AdrenoGLES-0: Driver Path                      : /vendor/lib64/egl/libGLESv2_adreno.so
07-30 13:57:36.614 32643 32662 I dev.expo.updates: {"timestamp":1722369456614,"message":"embeddedAssetFileMap: embeddedAssets count = 18","code":"None","level":"info"}
07-30 13:57:36.615 32643 32662 I dev.expo.updates: {"timestamp":1722369456615,"message":"embeddedAssetFileMap: 778ffc9fe8773a878e9c30a6304784de,png => file:\/\/\/data\/user\/0\/com.jcarpenter1.expootaexclusionrepro\/files\/.expo-internal\/778ffc9fe8773a878e9c30a6304784de.png","code":"None","level":"info"}
07-30 13:57:36.615 32643 32659 I AdrenoGLES-0: PFP: 0x016ee190, ME: 0x00000000
07-30 13:57:36.616 32643 32662 I dev.expo.updates: {"timestamp":1722369456615,"message":"embeddedAssetFileMap: 376d6a4c7f622917c39feb23671ef71d,png => file:\/\/\/data\/user\/0\/com.jcarpenter1.expootaexclusionrepro\/files\/.expo-internal\/376d6a4c7f622917c39feb23671ef71d.png","code":"None","level":"info"}
07-30 13:57:36.617 32643 32662 I dev.expo.updates: {"timestamp":1722369456617,"message":"embeddedAssetFileMap: c79c3606a1cf168006ad3979763c7e0c,png => file:\/\/\/data\/user\/0\/com.jcarpenter1.expootaexclusionrepro\/files\/.expo-internal\/c79c3606a1cf168006ad3979763c7e0c.png","code":"None","level":"info"}
07-30 13:57:36.617 32643 32659 W AdrenoUtils: <ReadGpuID_from_sysfs:197>: Failed to open /sys/class/kgsl/kgsl-3d0/gpu_model
07-30 13:57:36.617 32643 32659 W AdrenoUtils: <ReadGpuID:221>: Failed to read chip ID from gpu_model. Fallback to use the GSL path
07-30 13:57:36.618 32643 32662 I dev.expo.updates: {"timestamp":1722369456618,"message":"embeddedAssetFileMap: 02bc1fa7c0313217bde2d65ccbff40c9,png => file:\/\/\/data\/user\/0\/com.jcarpenter1.expootaexclusionrepro\/files\/.expo-internal\/02bc1fa7c0313217bde2d65ccbff40c9.png","code":"None","level":"info"}
07-30 13:57:36.618 32643 32662 I dev.expo.updates: {"timestamp":1722369456618,"message":"embeddedAssetFileMap: 35ba0eaec5a4f5ed12ca16fabeae451d,png => file:\/\/\/data\/user\/0\/com.jcarpenter1.expootaexclusionrepro\/files\/.expo-internal\/35ba0eaec5a4f5ed12ca16fabeae451d.png","code":"None","level":"info"}
07-30 13:57:36.619 32643 32662 I dev.expo.updates: {"timestamp":1722369456619,"message":"embeddedAssetFileMap: 5223c8d9b0d08b82a5670fb5f71faf78,png => file:\/\/\/data\/user\/0\/com.jcarpenter1.expootaexclusionrepro\/files\/.expo-internal\/5223c8d9b0d08b82a5670fb5f71faf78.png","code":"None","level":"info"}
07-30 13:57:36.620 32643 32662 I dev.expo.updates: {"timestamp":1722369456620,"message":"embeddedAssetFileMap: 563d5e3294b67811d0a1aede6f601e30,png => file:\/\/\/data\/user\/0\/com.jcarpenter1.expootaexclusionrepro\/files\/.expo-internal\/563d5e3294b67811d0a1aede6f601e30.png","code":"None","level":"info"}
07-30 13:57:36.621 32643 32662 I dev.expo.updates: {"timestamp":1722369456621,"message":"embeddedAssetFileMap: b6c297a501e289394b0bc5dc69c265e6,png => file:\/\/\/data\/user\/0\/com.jcarpenter1.expootaexclusionrepro\/files\/.expo-internal\/b6c297a501e289394b0bc5dc69c265e6.png","code":"None","level":"info"}
07-30 13:57:36.621 32643 32662 I dev.expo.updates: {"timestamp":1722369456621,"message":"embeddedAssetFileMap: 5974eb3e1c5314e8d5a822702d7d0740,png => file:\/\/\/data\/user\/0\/com.jcarpenter1.expootaexclusionrepro\/files\/.expo-internal\/5974eb3e1c5314e8d5a822702d7d0740.png","code":"None","level":"info"}
07-30 13:57:36.622 32643 32662 I dev.expo.updates: {"timestamp":1722369456622,"message":"embeddedAssetFileMap: 9d9c5644f55c2f6e4b7f247c378b2fe9,png => file:\/\/\/data\/user\/0\/com.jcarpenter1.expootaexclusionrepro\/files\/.expo-internal\/9d9c5644f55c2f6e4b7f247c378b2fe9.png","code":"None","level":"info"}
07-30 13:57:36.622 32643 32662 I dev.expo.updates: {"timestamp":1722369456622,"message":"embeddedAssetFileMap: 6148e7019854f3bde85b633cb88f3c25,ttf => file:\/\/\/data\/user\/0\/com.jcarpenter1.expootaexclusionrepro\/files\/.expo-internal\/6148e7019854f3bde85b633cb88f3c25.ttf","code":"None","level":"info"}
07-30 13:57:36.623 32643 32662 I dev.expo.updates: {"timestamp":1722369456623,"message":"embeddedAssetFileMap: 695d5a1c6f29a689130f3aaa573aec6e,png => file:\/\/\/data\/user\/0\/com.jcarpenter1.expootaexclusionrepro\/files\/.expo-internal\/695d5a1c6f29a689130f3aaa573aec6e.png","code":"None","level":"info"}
07-30 13:57:36.624 32643 32662 I dev.expo.updates: {"timestamp":1722369456624,"message":"embeddedAssetFileMap: b507e7f2c91ebc8fe24dee79ccb3b600,png => file:\/\/\/data\/user\/0\/com.jcarpenter1.expootaexclusionrepro\/files\/.expo-internal\/b507e7f2c91ebc8fe24dee79ccb3b600.png","code":"None","level":"info"}
07-30 13:57:36.624   709   753 I SDM     : HWCDisplay::GetColorModeCount: Supported color mode count = 3
07-30 13:57:36.625 32643 32662 I dev.expo.updates: {"timestamp":1722369456624,"message":"embeddedAssetFileMap: 8a4d0e5b845044e56e3b2df627d01cfd,png => file:\/\/\/data\/user\/0\/com.jcarpenter1.expootaexclusionrepro\/files\/.expo-internal\/8a4d0e5b845044e56e3b2df627d01cfd.png","code":"None","level":"info"}
07-30 13:57:36.625 32643 32662 I dev.expo.updates: {"timestamp":1722369456625,"message":"embeddedAssetFileMap: 8f14e478886737f3323a2ac79c833749,png => file:\/\/\/data\/user\/0\/com.jcarpenter1.expootaexclusionrepro\/files\/.expo-internal\/8f14e478886737f3323a2ac79c833749.png","code":"None","level":"info"}
07-30 13:57:36.625 32643 32659 E OpenGLRenderer: Unable to match the desired swap behavior.
07-30 13:57:36.626 32643 32662 I dev.expo.updates: {"timestamp":1722369456625,"message":"embeddedAssetFileMap: 49a79d66bdea2debf1832bf4d7aca127,ttf => file:\/\/\/data\/user\/0\/com.jcarpenter1.expootaexclusionrepro\/files\/.expo-internal\/49a79d66bdea2debf1832bf4d7aca127.ttf","code":"None","level":"info"}
07-30 13:57:36.627 32643 32662 I dev.expo.updates: {"timestamp":1722369456626,"message":"embeddedAssetFileMap: 92c7720bb90d3bf633cdce9845065657,db => file:\/\/\/data\/user\/0\/com.jcarpenter1.expootaexclusionrepro\/files\/.expo-internal\/92c7720bb90d3bf633cdce9845065657.db","code":"None","level":"info"}
07-30 13:57:36.630 32643 32672 I dev.expo.updates: {"timestamp":1722369456629,"message":"Updates state change: Check, context = {isUpdateAvailable=false, isUpdatePending=false, isChecking=true, isDownloading=false, isRestarting=false}","code":"None","level":"info"}
07-30 13:57:36.630   652   652 I servicemanager: Could not find android.hardware.graphics.allocator.IAllocator/default in the VINTF manifest.
07-30 13:57:36.632 32643 32672 V SoLoader: libreactnativejni.so not found on /data/app/~~NfLuExn4uH56SsxBgVKQgQ==/com.jcarpenter1.expootaexclusionrepro-qBr5yS93gDrON2zDImzzIg==/lib/arm64
07-30 13:57:36.637 32643 32672 V SoLoader: libandroid.so not found on /data/app/~~NfLuExn4uH56SsxBgVKQgQ==/com.jcarpenter1.expootaexclusionrepro-qBr5yS93gDrON2zDImzzIg==/lib/arm64
07-30 13:57:36.637 32643 32672 V SoLoader: libandroid.so not found on /data/app/~~NfLuExn4uH56SsxBgVKQgQ==/com.jcarpenter1.expootaexclusionrepro-qBr5yS93gDrON2zDImzzIg==/base.apk!/lib/arm64-v8a
07-30 13:57:36.637 32643 32672 D SoLoader: libandroid.so found on /system/lib64
07-30 13:57:36.637 32643 32672 D SoLoader: libandroid.so loaded implicitly
07-30 13:57:36.638 32643 32672 V SoLoader: libyoga.so not found on /data/app/~~NfLuExn4uH56SsxBgVKQgQ==/com.jcarpenter1.expootaexclusionrepro-qBr5yS93gDrON2zDImzzIg==/lib/arm64
07-30 13:57:36.644 32643 32672 V SoLoader: libfbjni.so not found on /data/app/~~NfLuExn4uH56SsxBgVKQgQ==/com.jcarpenter1.expootaexclusionrepro-qBr5yS93gDrON2zDImzzIg==/lib/arm64
07-30 13:57:36.647 32643 32672 V SoLoader: liblog.so not found on /data/app/~~NfLuExn4uH56SsxBgVKQgQ==/com.jcarpenter1.expootaexclusionrepro-qBr5yS93gDrON2zDImzzIg==/lib/arm64
07-30 13:57:36.647 32643 32672 V SoLoader: liblog.so not found on /data/app/~~NfLuExn4uH56SsxBgVKQgQ==/com.jcarpenter1.expootaexclusionrepro-qBr5yS93gDrON2zDImzzIg==/base.apk!/lib/arm64-v8a
07-30 13:57:36.647 32643 32672 D SoLoader: liblog.so found on /system/lib64
07-30 13:57:36.647 32643 32672 D SoLoader: liblog.so loaded implicitly
07-30 13:57:36.647 32643 32672 V SoLoader: libm.so not found on /data/app/~~NfLuExn4uH56SsxBgVKQgQ==/com.jcarpenter1.expootaexclusionrepro-qBr5yS93gDrON2zDImzzIg==/lib/arm64
07-30 13:57:36.647 32643 32672 V SoLoader: libm.so not found on /data/app/~~NfLuExn4uH56SsxBgVKQgQ==/com.jcarpenter1.expootaexclusionrepro-qBr5yS93gDrON2zDImzzIg==/base.apk!/lib/arm64-v8a
07-30 13:57:36.647 32643 32672 D SoLoader: libm.so found on /system/lib64
07-30 13:57:36.647 32643 32672 D SoLoader: libm.so loaded implicitly
07-30 13:57:36.647 32643 32672 V SoLoader: libc++_shared.so not found on /data/app/~~NfLuExn4uH56SsxBgVKQgQ==/com.jcarpenter1.expootaexclusionrepro-qBr5yS93gDrON2zDImzzIg==/lib/arm64
07-30 13:57:36.648 32643 32643 V SoLoader: libhermes.so not found on /data/app/~~NfLuExn4uH56SsxBgVKQgQ==/com.jcarpenter1.expootaexclusionrepro-qBr5yS93gDrON2zDImzzIg==/lib/arm64
07-30 13:57:36.649 32643 32672 V SoLoader: libc.so not found on /data/app/~~NfLuExn4uH56SsxBgVKQgQ==/com.jcarpenter1.expootaexclusionrepro-qBr5yS93gDrON2zDImzzIg==/lib/arm64
07-30 13:57:36.649  1395  1480 D VSC     : @ 489815.565: [WO] Proposed rotation: 0, flat angle threshold: 65
07-30 13:57:36.649 32643 32672 V SoLoader: libc.so not found on /data/app/~~NfLuExn4uH56SsxBgVKQgQ==/com.jcarpenter1.expootaexclusionrepro-qBr5yS93gDrON2zDImzzIg==/base.apk!/lib/arm64-v8a
07-30 13:57:36.649  1395  1480 D VSC     : @ 489815.565: [WO] orientation angle 0, orientation 0
07-30 13:57:36.649  1395  1480 D VSC     : @ 489815.565: [WO] Gyro angle integrated: 38.469509
07-30 13:57:36.649  1395  1480 D VSC     : @ 489815.565: [WO] Gyro angle integrated: 38.469509
07-30 13:57:36.649 32643 32672 D SoLoader: libc.so found on /system/lib64
07-30 13:57:36.649 32643 32672 D SoLoader: libc.so loaded implicitly
07-30 13:57:36.650 32643 32672 V SoLoader: libdl.so not found on /data/app/~~NfLuExn4uH56SsxBgVKQgQ==/com.jcarpenter1.expootaexclusionrepro-qBr5yS93gDrON2zDImzzIg==/lib/arm64
07-30 13:57:36.650 32643 32672 V SoLoader: libdl.so not found on /data/app/~~NfLuExn4uH56SsxBgVKQgQ==/com.jcarpenter1.expootaexclusionrepro-qBr5yS93gDrON2zDImzzIg==/base.apk!/lib/arm64-v8a
07-30 13:57:36.650 32643 32643 V SoLoader: libjsi.so not found on /data/app/~~NfLuExn4uH56SsxBgVKQgQ==/com.jcarpenter1.expootaexclusionrepro-qBr5yS93gDrON2zDImzzIg==/lib/arm64
07-30 13:57:36.650 32643 32672 D SoLoader: libdl.so found on /system/lib64
07-30 13:57:36.650 32643 32672 D SoLoader: libdl.so loaded implicitly
07-30 13:57:36.652  1917  2089 I ActivityTaskManager: Displayed com.jcarpenter1.expootaexclusionrepro/.MainActivity: +250ms
07-30 13:57:36.652 32643 32643 V SoLoader: libfolly_runtime.so not found on /data/app/~~NfLuExn4uH56SsxBgVKQgQ==/com.jcarpenter1.expootaexclusionrepro-qBr5yS93gDrON2zDImzzIg==/lib/arm64
07-30 13:57:36.652 32643 32672 D SoLoader: libc++_shared.so found on /data/app/~~NfLuExn4uH56SsxBgVKQgQ==/com.jcarpenter1.expootaexclusionrepro-qBr5yS93gDrON2zDImzzIg==/base.apk!/lib/arm64-v8a
07-30 13:57:36.653 32643 32643 V SoLoader: libglog.so not found on /data/app/~~NfLuExn4uH56SsxBgVKQgQ==/com.jcarpenter1.expootaexclusionrepro-qBr5yS93gDrON2zDImzzIg==/lib/arm64
07-30 13:57:36.653 32643 32672 D SoLoader: libfbjni.so found on /data/app/~~NfLuExn4uH56SsxBgVKQgQ==/com.jcarpenter1.expootaexclusionrepro-qBr5yS93gDrON2zDImzzIg==/base.apk!/lib/arm64-v8a
07-30 13:57:36.654 32643 32643 D SoLoader: libglog.so found on /data/app/~~NfLuExn4uH56SsxBgVKQgQ==/com.jcarpenter1.expootaexclusionrepro-qBr5yS93gDrON2zDImzzIg==/base.apk!/lib/arm64-v8a
07-30 13:57:36.655 32643 32672 D SoLoader: libyoga.so found on /data/app/~~NfLuExn4uH56SsxBgVKQgQ==/com.jcarpenter1.expootaexclusionrepro-qBr5yS93gDrON2zDImzzIg==/base.apk!/lib/arm64-v8a
07-30 13:57:36.655 32643 32672 V SoLoader: libreactperfloggerjni.so not found on /data/app/~~NfLuExn4uH56SsxBgVKQgQ==/com.jcarpenter1.expootaexclusionrepro-qBr5yS93gDrON2zDImzzIg==/lib/arm64
07-30 13:57:36.656 32643 32643 D SoLoader: libfolly_runtime.so found on /data/app/~~NfLuExn4uH56SsxBgVKQgQ==/com.jcarpenter1.expootaexclusionrepro-qBr5yS93gDrON2zDImzzIg==/base.apk!/lib/arm64-v8a
07-30 13:57:36.659 32643 32643 D SoLoader: libjsi.so found on /data/app/~~NfLuExn4uH56SsxBgVKQgQ==/com.jcarpenter1.expootaexclusionrepro-qBr5yS93gDrON2zDImzzIg==/base.apk!/lib/arm64-v8a
07-30 13:57:36.660 32643 32643 D SoLoader: libhermes.so found on /data/app/~~NfLuExn4uH56SsxBgVKQgQ==/com.jcarpenter1.expootaexclusionrepro-qBr5yS93gDrON2zDImzzIg==/base.apk!/lib/arm64-v8a
07-30 13:57:36.661 32643 32643 V SoLoader: libhermes_executor.so not found on /data/app/~~NfLuExn4uH56SsxBgVKQgQ==/com.jcarpenter1.expootaexclusionrepro-qBr5yS93gDrON2zDImzzIg==/lib/arm64
07-30 13:57:36.661 32643 32672 D SoLoader: libreactperfloggerjni.so found on /data/app/~~NfLuExn4uH56SsxBgVKQgQ==/com.jcarpenter1.expootaexclusionrepro-qBr5yS93gDrON2zDImzzIg==/base.apk!/lib/arm64-v8a
07-30 13:57:36.661 32643 32672 V SoLoader: libreact_render_core.so not found on /data/app/~~NfLuExn4uH56SsxBgVKQgQ==/com.jcarpenter1.expootaexclusionrepro-qBr5yS93gDrON2zDImzzIg==/lib/arm64
07-30 13:57:36.663 32643 32672 V SoLoader: libreact_render_debug.so not found on /data/app/~~NfLuExn4uH56SsxBgVKQgQ==/com.jcarpenter1.expootaexclusionrepro-qBr5yS93gDrON2zDImzzIg==/lib/arm64
07-30 13:57:36.664 32643 32672 D SoLoader: libreact_render_debug.so found on /data/app/~~NfLuExn4uH56SsxBgVKQgQ==/com.jcarpenter1.expootaexclusionrepro-qBr5yS93gDrON2zDImzzIg==/base.apk!/lib/arm64-v8a
07-30 13:57:36.665 32643 32672 V SoLoader: libreact_render_graphics.so not found on /data/app/~~NfLuExn4uH56SsxBgVKQgQ==/com.jcarpenter1.expootaexclusionrepro-qBr5yS93gDrON2zDImzzIg==/lib/arm64
07-30 13:57:36.666 32643 32672 V SoLoader: libreact_utils.so not found on /data/app/~~NfLuExn4uH56SsxBgVKQgQ==/com.jcarpenter1.expootaexclusionrepro-qBr5yS93gDrON2zDImzzIg==/lib/arm64
07-30 13:57:36.667 32643 32672 V SoLoader: libreact_debug.so not found on /data/app/~~NfLuExn4uH56SsxBgVKQgQ==/com.jcarpenter1.expootaexclusionrepro-qBr5yS93gDrON2zDImzzIg==/lib/arm64
07-30 13:57:36.668 32643 32672 D SoLoader: libreact_debug.so found on /data/app/~~NfLuExn4uH56SsxBgVKQgQ==/com.jcarpenter1.expootaexclusionrepro-qBr5yS93gDrON2zDImzzIg==/base.apk!/lib/arm64-v8a
07-30 13:57:36.668 32643 32672 V SoLoader: libjsinspector.so not found on /data/app/~~NfLuExn4uH56SsxBgVKQgQ==/com.jcarpenter1.expootaexclusionrepro-qBr5yS93gDrON2zDImzzIg==/lib/arm64
07-30 13:57:36.669 32643 32672 V SoLoader: libreact_featureflags.so not found on /data/app/~~NfLuExn4uH56SsxBgVKQgQ==/com.jcarpenter1.expootaexclusionrepro-qBr5yS93gDrON2zDImzzIg==/lib/arm64
07-30 13:57:36.670 32643 32672 D SoLoader: libreact_featureflags.so found on /data/app/~~NfLuExn4uH56SsxBgVKQgQ==/com.jcarpenter1.expootaexclusionrepro-qBr5yS93gDrON2zDImzzIg==/base.apk!/lib/arm64-v8a
07-30 13:57:36.670 32643 32672 V SoLoader: libruntimeexecutor.so not found on /data/app/~~NfLuExn4uH56SsxBgVKQgQ==/com.jcarpenter1.expootaexclusionrepro-qBr5yS93gDrON2zDImzzIg==/lib/arm64
07-30 13:57:36.671 32643 32672 D SoLoader: libruntimeexecutor.so found on /data/app/~~NfLuExn4uH56SsxBgVKQgQ==/com.jcarpenter1.expootaexclusionrepro-qBr5yS93gDrON2zDImzzIg==/base.apk!/lib/arm64-v8a
07-30 13:57:36.672 32643 32672 D SoLoader: libjsinspector.so found on /data/app/~~NfLuExn4uH56SsxBgVKQgQ==/com.jcarpenter1.expootaexclusionrepro-qBr5yS93gDrON2zDImzzIg==/base.apk!/lib/arm64-v8a
07-30 13:57:36.673 32643 32672 D SoLoader: libreact_utils.so found on /data/app/~~NfLuExn4uH56SsxBgVKQgQ==/com.jcarpenter1.expootaexclusionrepro-qBr5yS93gDrON2zDImzzIg==/base.apk!/lib/arm64-v8a
07-30 13:57:36.674 32643 32672 D SoLoader: libreact_render_graphics.so found on /data/app/~~NfLuExn4uH56SsxBgVKQgQ==/com.jcarpenter1.expootaexclusionrepro-qBr5yS93gDrON2zDImzzIg==/base.apk!/lib/arm64-v8a
07-30 13:57:36.674 32643 32672 V SoLoader: libreact_render_mapbuffer.so not found on /data/app/~~NfLuExn4uH56SsxBgVKQgQ==/com.jcarpenter1.expootaexclusionrepro-qBr5yS93gDrON2zDImzzIg==/lib/arm64
07-30 13:57:36.676 32643 32672 D SoLoader: libreact_render_mapbuffer.so found on /data/app/~~NfLuExn4uH56SsxBgVKQgQ==/com.jcarpenter1.expootaexclusionrepro-qBr5yS93gDrON2zDImzzIg==/base.apk!/lib/arm64-v8a
07-30 13:57:36.677 32643 32672 D SoLoader: libreact_render_core.so found on /data/app/~~NfLuExn4uH56SsxBgVKQgQ==/com.jcarpenter1.expootaexclusionrepro-qBr5yS93gDrON2zDImzzIg==/base.apk!/lib/arm64-v8a
07-30 13:57:36.679 32643 32672 D SoLoader: libreactnativejni.so found on /data/app/~~NfLuExn4uH56SsxBgVKQgQ==/com.jcarpenter1.expootaexclusionrepro-qBr5yS93gDrON2zDImzzIg==/base.apk!/lib/arm64-v8a
07-30 13:57:36.680 32643 32672 E dev.expo.updates: {"timestamp":1722369456679,"message":"Could not emit Expo.nativeUpdatesStateChangeEvent check event; no subscribers registered.","code":"JSRuntimeError","level":"error","stacktrace":["expo.modules.updates.logging.UpdatesLogger.logEntryString(UpdatesLogger.kt:141)","expo.modules.updates.logging.UpdatesLogger.error(UpdatesLogger.kt:94)","expo.modules.updates.logging.UpdatesLogger.error(UpdatesLogger.kt:84)","expo.modules.updates.logging.UpdatesLogger.error$default(UpdatesLogger.kt:79)","expo.modules.updates.UpdatesUtils.sendEvent(UpdatesUtils.kt:177)","expo.modules.updates.EnabledUpdatesController.sendEventToJS(EnabledUpdatesController.kt:175)","expo.modules.updates.EnabledUpdatesController.sendUpdateStateChangeEventToAppContext(EnabledUpdatesController.kt:171)","expo.modules.updates.statemachine.UpdatesStateMachine.sendChangeEventToJS(UpdatesStateMachine.kt:96)","expo.modules.updates.statemachine.UpdatesStateMachine.processEvent(UpdatesStateMachine.kt:73)","expo.modules.updates.statemachine.UpdatesStateMachine.access$processEvent(UpdatesStateMachine.kt:13)","expo.modules.updates.statemachine.UpdatesStateMachine$serialExecutorQueue$1.processStateEvent(UpdatesStateMachine.kt:24)","expo.modules.updates.procedures.StateMachineSerialExecutorQueue$MethodInvocationHolder$execute$1.processStateEvent(StateMachineSerialExecutorQueue.kt:35)","expo.modules.updates.procedures.StartupProcedure$loaderTask$1.onRemoteCheckForUpdateStarted(StartupProcedure.kt:111)","expo.modules.updates.loader.LoaderTask.launchRemoteUpdateInBackground$lambda$1(LoaderTask.kt:352)","expo.modules.updates.loader.LoaderTask.$r8$lambda$8InBWK0aYpzSnAyJPpk9Wheme_8(Unknown Source:0)","expo.modules.updates.loader.LoaderTask$$ExternalSyntheticLambda0.run(Unknown Source:6)","android.os.AsyncTask$SerialExecutor$1.run(AsyncTask.java:305)","java.util.concurrent.ThreadPoolExecutor.runWorker(ThreadPoolExecutor.java:1145)","java.util.concurrent.ThreadPoolExecutor$Worker.run(ThreadPoolExecutor.java:644)","java.lang.Thread.run(Thread.java:1012)"]}
07-30 13:57:36.680 32643 32643 D SoLoader: libhermes_executor.so found on /data/app/~~NfLuExn4uH56SsxBgVKQgQ==/com.jcarpenter1.expootaexclusionrepro-qBr5yS93gDrON2zDImzzIg==/base.apk!/lib/arm64-v8a
07-30 13:57:36.681  4076  4198 W AiAiEcho: Logging to Simple Storage failed.
07-30 13:57:36.681  4076  4198 W AiAiEcho: java.util.concurrent.CancellationException
07-30 13:57:36.681  4076  4198 W AiAiEcho: 	at ybm.d(PG:8)
07-30 13:57:36.681  4076  4198 W AiAiEcho: 	at ybm.get(PG:1)
07-30 13:57:36.681  4076  4198 W AiAiEcho: 	at a.n(PG:2)
07-30 13:57:36.681  4076  4198 W AiAiEcho: 	at trf.Q(PG:10)
07-30 13:57:36.681  4076  4198 W AiAiEcho: 	at uba.run(PG:24)
07-30 13:57:36.681  4076  4198 W AiAiEcho: 	at java.util.concurrent.Executors$RunnableAdapter.call(Executors.java:487)
07-30 13:57:36.681  4076  4198 W AiAiEcho: 	at uci.a(PG:3)
07-30 13:57:36.681  4076  4198 W AiAiEcho: 	at ubk.run(PG:21)
07-30 13:57:36.681  4076  4198 W AiAiEcho: 	at ucj.run(PG:5)
07-30 13:57:36.681  4076  4198 W AiAiEcho: 	at java.util.concurrent.Executors$RunnableAdapter.call(Executors.java:487)
07-30 13:57:36.681  4076  4198 W AiAiEcho: 	at java.util.concurrent.FutureTask.run(FutureTask.java:264)
07-30 13:57:36.681  4076  4198 W AiAiEcho: 	at java.util.concurrent.ScheduledThreadPoolExecutor$ScheduledFutureTask.run(ScheduledThreadPoolExecutor.java:307)
07-30 13:57:36.681  4076  4198 W AiAiEcho: 	at java.util.concurrent.ThreadPoolExecutor.runWorker(ThreadPoolExecutor.java:1145)
07-30 13:57:36.681  4076  4198 W AiAiEcho: 	at java.util.concurrent.ThreadPoolExecutor$Worker.run(ThreadPoolExecutor.java:644)
07-30 13:57:36.681  4076  4198 W AiAiEcho: 	at hff.run(PG:221)
07-30 13:57:36.681  4076  4198 W AiAiEcho: 	at java.lang.Thread.run(Thread.java:1012)
07-30 13:57:36.681  4076  4198 W AiAiEcho: Caused by: xuy: Parent job is Cancelled; job=xva{Cancelled}@9680557
07-30 13:57:36.681  4076  4198 W AiAiEcho: Caused by: android.database.sqlite.SQLiteException: no such column: "ttlBaseMillis" (code 1 SQLITE_ERROR): , while compiling: ALTER TABLE `PersistedPeopleSuggestLabels`
07-30 13:57:36.681  4076  4198 W AiAiEcho:             RENAME COLUMN `ttlBaseMillis` TO `createdMillis`;
07-30 13:57:36.681  4076  4198 W AiAiEcho: 	at android.database.sqlite.SQLiteConnection.nativePrepareStatement(Native Method)
07-30 13:57:36.681  4076  4198 W AiAiEcho: 	at android.database.sqlite.SQLiteConnection.acquirePreparedStatement(SQLiteConnection.java:1068)
07-30 13:57:36.681  4076  4198 W AiAiEcho: 	at android.database.sqlite.SQLiteConnection.prepare(SQLiteConnection.java:673)
07-30 13:57:36.681  4076  4198 W AiAiEcho: 	at android.database.sqlite.SQLiteSession.prepare(SQLiteSession.java:590)
07-30 13:57:36.681  4076  4198 W AiAiEcho: 	at android.database.sqlite.SQLiteProgram.<init>(SQLiteProgram.java:62)
07-30 13:57:36.681  4076  4198 W AiAiEcho: 	at android.database.sqlite.SQLiteStatement.<init>(SQLiteStatement.java:34)
07-30 13:57:36.681  4076  4198 W AiAiEcho: 	at android.database.sqlite.SQLiteDatabase.executeSql(SQLiteDatabase.java:2086)
07-30 13:57:36.681  4076  4198 W AiAiEcho: 	at android.database.sqlite.SQLiteDatabase.execSQL(SQLiteDatabase.java:2008)
07-30 13:57:36.681  4076  4198 W AiAiEcho: 	at bsy.h(PG:3)
07-30 13:57:36.681  4076  4198 W AiAiEcho: 	at gfl.a(PG:3)
07-30 13:57:36.681  4076  4198 W AiAiEcho: 	at bso.b(PG:151)
07-30 13:57:36.681  4076  4198 W AiAiEcho: 	at btc.onUpgrade(PG:15)
07-30 13:57:36.681  4076  4198 W AiAiEcho: 	at android.database.sqlite.SQLiteOpenHelper.getDatabaseLocked(SQLiteOpenHelper.java:416)
07-30 13:57:36.681  4076  4198 W AiAiEcho: 	at android.database.sqlite.SQLiteOpenHelper.getWritableDatabase(SQLiteOpenHelper.java:316)
07-30 13:57:36.681  4076  4198 W AiAiEcho: 	at btc.c(PG:1)
07-30 13:57:36.681  4076  4198 W AiAiEcho: 	at btc.b(PG:90)
07-30 13:57:36.681  4076  4198 W AiAiEcho: 	at bte.a(PG:5)
07-30 13:57:36.681  4076  4198 W AiAiEcho: 	at ghg.b(PG:139)
07-30 13:57:36.681  4076  4198 W AiAiEcho: 	at ghg.a(PG:13)
07-30 13:57:36.681  4076  4198 W AiAiEcho: 	at xpi.C(PG:14)
07-30 13:57:36.681  4076  4198 W AiAiEcho: 	at xey.bw(PG:54)
07-30 13:57:36.681  4076  4198 W AiAiEcho: 	at ghl.b(PG:39)
07-30 13:57:36.681  4076  4198 W AiAiEcho: 	at xms.g(PG:13)
07-30 13:57:36.681  4076  4198 W AiAiEcho: 	at kotlinx.coroutines.DispatchedTask.run(PG:114)
07-30 13:57:36.681  4076  4198 W AiAiEcho: 	at java.util.concurrent.Executors$RunnableAdapter.call(Executors.java:487)
07-30 13:57:36.681  4076  4198 W AiAiEcho: 	at uci.a(PG:3)
07-30 13:57:36.681  4076  4198 W AiAiEcho: 	at ubk.run(PG:21)
07-30 13:57:36.681  4076  4198 W AiAiEcho: 	at ucj.run(PG:5)
07-30 13:57:36.681  4076  4198 W AiAiEcho: 	at java.util.concurrent.Executors$RunnableAdapter.call(Executors.java:487)
07-30 13:57:36.681  4076  4198 W AiAiEcho: 	at java.util.concurrent.FutureTask.run(FutureTask.java:264)
07-30 13:57:36.681  4076  4198 W AiAiEcho: 	at java.util.concurrent.ScheduledThreadPoolExecutor$ScheduledFutureTask.run(ScheduledThreadPoolExecutor.java:307)
07-30 13:57:36.681  4076  4198 W AiAiEcho: 	at java.util.concurrent.ThreadPoolExecutor.runWorker(ThreadPoolExecutor.java:1145)
07-30 13:57:36.681  4076  4198 W AiAiEcho: 	at java.util.concurrent.ThreadPoolExecutor$Worker.run(ThreadPoolExecutor.java:644)
07-30 13:57:36.681  4076  4198 W AiAiEcho: 	at hff.run(PG:221)
07-30 13:57:36.681  4076  4198 W AiAiEcho: 	at java.lang.Thread.run(Thread.java:1012)
07-30 13:57:36.682  4076  4198 W AiAiEcho: Logging to Simple Storage failed.
07-30 13:57:36.682  4076  4198 W AiAiEcho: java.util.concurrent.CancellationException
07-30 13:57:36.682  4076  4198 W AiAiEcho: 	at ybm.d(PG:8)
07-30 13:57:36.682  4076  4198 W AiAiEcho: 	at ybm.get(PG:1)
07-30 13:57:36.682  4076  4198 W AiAiEcho: 	at a.n(PG:2)
07-30 13:57:36.682  4076  4198 W AiAiEcho: 	at trf.Q(PG:10)
07-30 13:57:36.682  4076  4198 W AiAiEcho: 	at uba.run(PG:24)
07-30 13:57:36.682  4076  4198 W AiAiEcho: 	at java.util.concurrent.Executors$RunnableAdapter.call(Executors.java:487)
07-30 13:57:36.682  4076  4198 W AiAiEcho: 	at uci.a(PG:3)
07-30 13:57:36.682  4076  4198 W AiAiEcho: 	at ubk.run(PG:21)
07-30 13:57:36.682  4076  4198 W AiAiEcho: 	at ucj.run(PG:5)
07-30 13:57:36.682  4076  4198 W AiAiEcho: 	at java.util.concurrent.Executors$RunnableAdapter.call(Executors.java:487)
07-30 13:57:36.682  4076  4198 W AiAiEcho: 	at java.util.concurrent.FutureTask.run(FutureTask.java:264)
07-30 13:57:36.682  4076  4198 W AiAiEcho: 	at java.util.concurrent.ScheduledThreadPoolExecutor$ScheduledFutureTask.run(ScheduledThreadPoolExecutor.java:307)
07-30 13:57:36.682  4076  4198 W AiAiEcho: 	at java.util.concurrent.ThreadPoolExecutor.runWorker(ThreadPoolExecutor.java:1145)
07-30 13:57:36.682  4076  4198 W AiAiEcho: 	at java.util.concurrent.ThreadPoolExecutor$Worker.run(ThreadPoolExecutor.java:644)
07-30 13:57:36.682  4076  4198 W AiAiEcho: 	at hff.run(PG:221)
07-30 13:57:36.682  4076  4198 W AiAiEcho: 	at java.lang.Thread.run(Thread.java:1012)
07-30 13:57:36.682  4076  4198 W AiAiEcho: Caused by: xuy: Parent job is Cancelled; job=xva{Cancelled}@9680557
07-30 13:57:36.682  4076  4198 W AiAiEcho: Caused by: android.database.sqlite.SQLiteException: no such column: "ttlBaseMillis" (code 1 SQLITE_ERROR): , while compiling: ALTER TABLE `PersistedPeopleSuggestLabels`
07-30 13:57:36.682  4076  4198 W AiAiEcho:             RENAME COLUMN `ttlBaseMillis` TO `createdMillis`;
07-30 13:57:36.682  4076  4198 W AiAiEcho: 	at android.database.sqlite.SQLiteConnection.nativePrepareStatement(Native Method)
07-30 13:57:36.682  4076  4198 W AiAiEcho: 	at android.database.sqlite.SQLiteConnection.acquirePreparedStatement(SQLiteConnection.java:1068)
07-30 13:57:36.682  4076  4198 W AiAiEcho: 	at android.database.sqlite.SQLiteConnection.prepare(SQLiteConnection.java:673)
07-30 13:57:36.682  4076  4198 W AiAiEcho: 	at android.database.sqlite.SQLiteSession.prepare(SQLiteSession.java:590)
07-30 13:57:36.682  4076  4198 W AiAiEcho: 	at android.database.sqlite.SQLiteProgram.<init>(SQLiteProgram.java:62)
07-30 13:57:36.682  4076  4198 W AiAiEcho: 	at android.database.sqlite.SQLiteStatement.<init>(SQLiteStatement.java:34)
07-30 13:57:36.682  4076  4198 W AiAiEcho: 	at android.database.sqlite.SQLiteDatabase.executeSql(SQLiteDatabase.java:2086)
07-30 13:57:36.682  4076  4198 W AiAiEcho: 	at android.database.sqlite.SQLiteDatabase.execSQL(SQLiteDatabase.java:2008)
07-30 13:57:36.682  4076  4198 W AiAiEcho: 	at bsy.h(PG:3)
07-30 13:57:36.682  4076  4198 W AiAiEcho: 	at gfl.a(PG:3)
07-30 13:57:36.682  4076  4198 W AiAiEcho: 	at bso.b(PG:151)
07-30 13:57:36.682  4076  4198 W AiAiEcho: 	at btc.onUpgrade(PG:15)
07-30 13:57:36.682  4076  4198 W AiAiEcho: 	at android.database.sqlite.SQLiteOpenHelper.getDatabaseLocked(SQLiteOpenHelper.java:416)
07-30 13:57:36.682  4076  4198 W AiAiEcho: 	at android.database.sqlite.SQLiteOpenHelper.getWritableDatabase(SQLiteOpenHelper.java:316)
07-30 13:57:36.682  4076  4198 W AiAiEcho: 	at btc.c(PG:1)
07-30 13:57:36.682  4076  4198 W AiAiEcho: 	at btc.b(PG:90)
07-30 13:57:36.682  4076  4198 W AiAiEcho: 	at bte.a(PG:5)
07-30 13:57:36.682  4076  4198 W AiAiEcho: 	at ghg.b(PG:139)
07-30 13:57:36.682  4076  4198 W AiAiEcho: 	at ghg.a(PG:13)
07-30 13:57:36.682  4076  4198 W AiAiEcho: 	at xpi.C(PG:14)
07-30 13:57:36.682  4076  4198 W AiAiEcho: 	at xey.bw(PG:54)
07-30 13:57:36.682  4076  4198 W AiAiEcho: 	at ghl.b(PG:39)
07-30 13:57:36.682  4076  4198 W AiAiEcho: 	at xms.g(PG:13)
07-30 13:57:36.682  4076  4198 W AiAiEcho: 	at kotlinx.coroutines.DispatchedTask.run(PG:114)
07-30 13:57:36.682  4076  4198 W AiAiEcho: 	at java.util.concurrent.Executors$RunnableAdapter.call(Executors.java:487)
07-30 13:57:36.682  4076  4198 W AiAiEcho: 	at uci.a(PG:3)
07-30 13:57:36.682  4076  4198 W AiAiEcho: 	at ubk.run(PG:21)
07-30 13:57:36.682  4076  4198 W AiAiEcho: 	at ucj.run(PG:5)
07-30 13:57:36.682  4076  4198 W AiAiEcho: 	at java.util.concurrent.Executors$RunnableAdapter.call(Executors.java:487)
07-30 13:57:36.682  4076  4198 W AiAiEcho: 	at java.util.concurrent.FutureTask.run(FutureTask.java:264)
07-30 13:57:36.682  4076  4198 W AiAiEcho: 	at java.util.concurrent.ScheduledThreadPoolExecutor$ScheduledFutureTask.run(ScheduledThreadPoolExecutor.java:307)
07-30 13:57:36.682  4076  4198 W AiAiEcho: 	at java.util.concurrent.ThreadPoolExecutor.runWorker(ThreadPoolExecutor.java:1145)
07-30 13:57:36.682  4076  4198 W AiAiEcho: 	at java.util.concurrent.ThreadPoolExecutor$Worker.run(ThreadPoolExecutor.java:644)
07-30 13:57:36.682  4076  4198 W AiAiEcho: 	at hff.run(PG:221)
07-30 13:57:36.682  4076  4198 W AiAiEcho: 	at java.lang.Thread.run(Thread.java:1012)
07-30 13:57:36.683  4076  4198 W AiAiEcho: Logging to Simple Storage failed.
07-30 13:57:36.683  4076  4198 W AiAiEcho: java.util.concurrent.CancellationException
07-30 13:57:36.683  4076  4198 W AiAiEcho: 	at ybm.d(PG:8)
07-30 13:57:36.683  4076  4198 W AiAiEcho: 	at ybm.get(PG:1)
07-30 13:57:36.683  4076  4198 W AiAiEcho: 	at a.n(PG:2)
07-30 13:57:36.683  4076  4198 W AiAiEcho: 	at trf.Q(PG:10)
07-30 13:57:36.683  4076  4198 W AiAiEcho: 	at uba.run(PG:24)
07-30 13:57:36.683  4076  4198 W AiAiEcho: 	at java.util.concurrent.Executors$RunnableAdapter.call(Executors.java:487)
07-30 13:57:36.683  4076  4198 W AiAiEcho: 	at uci.a(PG:3)
07-30 13:57:36.683  4076  4198 W AiAiEcho: 	at ubk.run(PG:21)
07-30 13:57:36.683  4076  4198 W AiAiEcho: 	at ucj.run(PG:5)
07-30 13:57:36.683  4076  4198 W AiAiEcho: 	at java.util.concurrent.Executors$RunnableAdapter.call(Executors.java:487)
07-30 13:57:36.683  4076  4198 W AiAiEcho: 	at java.util.concurrent.FutureTask.run(FutureTask.java:264)
07-30 13:57:36.683  4076  4198 W AiAiEcho: 	at java.util.concurrent.ScheduledThreadPoolExecutor$ScheduledFutureTask.run(ScheduledThreadPoolExecutor.java:307)
07-30 13:57:36.683  4076  4198 W AiAiEcho: 	at java.util.concurrent.ThreadPoolExecutor.runWorker(ThreadPoolExecutor.java:1145)
07-30 13:57:36.683  4076  4198 W AiAiEcho: 	at java.util.concurrent.ThreadPoolExecutor$Worker.run(ThreadPoolExecutor.java:644)
07-30 13:57:36.683  4076  4198 W AiAiEcho: 	at hff.run(PG:221)
07-30 13:57:36.683  4076  4198 W AiAiEcho: 	at java.lang.Thread.run(Thread.java:1012)
07-30 13:57:36.683  4076  4198 W AiAiEcho: Caused by: xuy: Parent job is Cancelled; job=xva{Cancelled}@9680557
07-30 13:57:36.683  4076  4198 W AiAiEcho: Caused by: android.database.sqlite.SQLiteException: no such column: "ttlBaseMillis" (code 1 SQLITE_ERROR): , while compiling: ALTER TABLE `PersistedPeopleSuggestLabels`
07-30 13:57:36.683  4076  4198 W AiAiEcho:             RENAME COLUMN `ttlBaseMillis` TO `createdMillis`;
07-30 13:57:36.683  4076  4198 W AiAiEcho: 	at android.database.sqlite.SQLiteConnection.nativePrepareStatement(Native Method)
07-30 13:57:36.683  4076  4198 W AiAiEcho: 	at android.database.sqlite.SQLiteConnection.acquirePreparedStatement(SQLiteConnection.java:1068)
07-30 13:57:36.683  4076  4198 W AiAiEcho: 	at android.database.sqlite.SQLiteConnection.prepare(SQLiteConnection.java:673)
07-30 13:57:36.683  4076  4198 W AiAiEcho: 	at android.database.sqlite.SQLiteSession.prepare(SQLiteSession.java:590)
07-30 13:57:36.683  4076  4198 W AiAiEcho: 	at android.database.sqlite.SQLiteProgram.<init>(SQLiteProgram.java:62)
07-30 13:57:36.683  4076  4198 W AiAiEcho: 	at android.database.sqlite.SQLiteStatement.<init>(SQLiteStatement.java:34)
07-30 13:57:36.683  4076  4198 W AiAiEcho: 	at android.database.sqlite.SQLiteDatabase.executeSql(SQLiteDatabase.java:2086)
07-30 13:57:36.683  4076  4198 W AiAiEcho: 	at android.database.sqlite.SQLiteDatabase.execSQL(SQLiteDatabase.java:2008)
07-30 13:57:36.683  4076  4198 W AiAiEcho: 	at bsy.h(PG:3)
07-30 13:57:36.683  4076  4198 W AiAiEcho: 	at gfl.a(PG:3)
07-30 13:57:36.683  4076  4198 W AiAiEcho: 	at bso.b(PG:151)
07-30 13:57:36.683  4076  4198 W AiAiEcho: 	at btc.onUpgrade(PG:15)
07-30 13:57:36.683  4076  4198 W AiAiEcho: 	at android.database.sqlite.SQLiteOpenHelper.getDatabaseLocked(SQLiteOpenHelper.java:416)
07-30 13:57:36.683  4076  4198 W AiAiEcho: 	at android.database.sqlite.SQLiteOpenHelper.getWritableDatabase(SQLiteOpenHelper.java:316)
07-30 13:57:36.683  4076  4198 W AiAiEcho: 	at btc.c(PG:1)
07-30 13:57:36.683  4076  4198 W AiAiEcho: 	at btc.b(PG:90)
07-30 13:57:36.683  4076  4198 W AiAiEcho: 	at bte.a(PG:5)
07-30 13:57:36.683  4076  4198 W AiAiEcho: 	at ghg.b(PG:139)
07-30 13:57:36.683  4076  4198 W AiAiEcho: 	at ghg.a(PG:13)
07-30 13:57:36.683  4076  4198 W AiAiEcho: 	at xpi.C(PG:14)
07-30 13:57:36.683  4076  4198 W AiAiEcho: 	at xey.bw(PG:54)
07-30 13:57:36.683  4076  4198 W AiAiEcho: 	at ghl.b(PG:39)
07-30 13:57:36.683  4076  4198 W AiAiEcho: 	at xms.g(PG:13)
07-30 13:57:36.683  4076  4198 W AiAiEcho: 	at kotlinx.coroutines.DispatchedTask.run(PG:114)
07-30 13:57:36.683  4076  4198 W AiAiEcho: 	at java.util.concurrent.Executors$RunnableAdapter.call(Executors.java:487)
07-30 13:57:36.683  4076  4198 W AiAiEcho: 	at uci.a(PG:3)
07-30 13:57:36.683  4076  4198 W AiAiEcho: 	at ubk.run(PG:21)
07-30 13:57:36.683  4076  4198 W AiAiEcho: 	at ucj.run(PG:5)
07-30 13:57:36.683  4076  4198 W AiAiEcho: 	at java.util.concurrent.Executors$RunnableAdapter.call(Executors.java:487)
07-30 13:57:36.683  4076  4198 W AiAiEcho: 	at java.util.concurrent.FutureTask.run(FutureTask.java:264)
07-30 13:57:36.683  4076  4198 W AiAiEcho: 	at java.util.concurrent.ScheduledThreadPoolExecutor$ScheduledFutureTask.run(ScheduledThreadPoolExecutor.java:307)
07-30 13:57:36.683  4076  4198 W AiAiEcho: 	at java.util.concurrent.ThreadPoolExecutor.runWorker(ThreadPoolExecutor.java:1145)
07-30 13:57:36.683  4076  4198 W AiAiEcho: 	at java.util.concurrent.ThreadPoolExecutor$Worker.run(ThreadPoolExecutor.java:644)
07-30 13:57:36.683  4076  4198 W AiAiEcho: 	at hff.run(PG:221)
07-30 13:57:36.683  4076  4198 W AiAiEcho: 	at java.lang.Thread.run(Thread.java:1012)
07-30 13:57:36.683  4076  4198 W AiAiEcho: Logging to Simple Storage failed.
07-30 13:57:36.683  4076  4198 W AiAiEcho: java.util.concurrent.CancellationException
07-30 13:57:36.683  4076  4198 W AiAiEcho: 	at ybm.d(PG:8)
07-30 13:57:36.683  4076  4198 W AiAiEcho: 	at ybm.get(PG:1)
07-30 13:57:36.683  4076  4198 W AiAiEcho: 	at a.n(PG:2)
07-30 13:57:36.683  4076  4198 W AiAiEcho: 	at trf.Q(PG:10)
07-30 13:57:36.683  4076  4198 W AiAiEcho: 	at uba.run(PG:24)
07-30 13:57:36.683  4076  4198 W AiAiEcho: 	at java.util.concurrent.Executors$RunnableAdapter.call(Executors.java:487)
07-30 13:57:36.683  4076  4198 W AiAiEcho: 	at uci.a(PG:3)
07-30 13:57:36.683  4076  4198 W AiAiEcho: 	at ubk.run(PG:21)
07-30 13:57:36.683  4076  4198 W AiAiEcho: 	at ucj.run(PG:5)
07-30 13:57:36.683  4076  4198 W AiAiEcho: 	at java.util.concurrent.Executors$RunnableAdapter.call(Executors.java:487)
07-30 13:57:36.683  4076  4198 W AiAiEcho: 	at java.util.concurrent.FutureTask.run(FutureTask.java:264)
07-30 13:57:36.683  4076  4198 W AiAiEcho: 	at java.util.concurrent.ScheduledThreadPoolExecutor$ScheduledFutureTask.run(ScheduledThreadPoolExecutor.java:307)
07-30 13:57:36.683  4076  4198 W AiAiEcho: 	at java.util.concurrent.ThreadPoolExecutor.runWorker(ThreadPoolExecutor.java:1145)
07-30 13:57:36.683  4076  4198 W AiAiEcho: 	at java.util.concurrent.ThreadPoolExecutor$Worker.run(ThreadPoolExecutor.java:644)
07-30 13:57:36.683  4076  4198 W AiAiEcho: 	at hff.run(PG:221)
07-30 13:57:36.683  4076  4198 W AiAiEcho: 	at java.lang.Thread.run(Thread.java:1012)
07-30 13:57:36.683  4076  4198 W AiAiEcho: Caused by: xuy: Parent job is Cancelled; job=xva{Cancelled}@9680557
07-30 13:57:36.683  4076  4198 W AiAiEcho: Caused by: android.database.sqlite.SQLiteException: no such column: "ttlBaseMillis" (code 1 SQLITE_ERROR): , while compiling: ALTER TABLE `PersistedPeopleSuggestLabels`
07-30 13:57:36.683  4076  4198 W AiAiEcho:             RENAME COLUMN `ttlBaseMillis` TO `createdMillis`;
07-30 13:57:36.683  4076  4198 W AiAiEcho: 	at android.database.sqlite.SQLiteConnection.nativePrepareStatement(Native Method)
07-30 13:57:36.683  4076  4198 W AiAiEcho: 	at android.database.sqlite.SQLiteConnection.acquirePreparedStatement(SQLiteConnection.java:1068)
07-30 13:57:36.683  4076  4198 W AiAiEcho: 	at android.database.sqlite.SQLiteConnection.prepare(SQLiteConnection.java:673)
07-30 13:57:36.683  4076  4198 W AiAiEcho: 	at android.database.sqlite.SQLiteSession.prepare(SQLiteSession.java:590)
07-30 13:57:36.683  4076  4198 W AiAiEcho: 	at android.database.sqlite.SQLiteProgram.<init>(SQLiteProgram.java:62)
07-30 13:57:36.683  4076  4198 W AiAiEcho: 	at android.database.sqlite.SQLiteStatement.<init>(SQLiteStatement.java:34)
07-30 13:57:36.683  4076  4198 W AiAiEcho: 	at android.database.sqlite.SQLiteDatabase.executeSql(SQLiteDatabase.java:2086)
07-30 13:57:36.683  4076  4198 W AiAiEcho: 	at android.database.sqlite.SQLiteDatabase.execSQL(SQLiteDatabase.java:2008)
07-30 13:57:36.683  4076  4198 W AiAiEcho: 	at bsy.h(PG:3)
07-30 13:57:36.683  4076  4198 W AiAiEcho: 	at gfl.a(PG:3)
07-30 13:57:36.683  4076  4198 W AiAiEcho: 	at bso.b(PG:151)
07-30 13:57:36.683  4076  4198 W AiAiEcho: 	at btc.onUpgrade(PG:15)
07-30 13:57:36.683  4076  4198 W AiAiEcho: 	at android.database.sqlite.SQLiteOpenHelper.getDatabaseLocked(SQLiteOpenHelper.java:416)
07-30 13:57:36.683  4076  4198 W AiAiEcho: 	at android.database.sqlite.SQLiteOpenHelper.getWritableDatabase(SQLiteOpenHelper.java:316)
07-30 13:57:36.683  4076  4198 W AiAiEcho: 	at btc.c(PG:1)
07-30 13:57:36.683  4076  4198 W AiAiEcho: 	at btc.b(PG:90)
07-30 13:57:36.683  4076  4198 W AiAiEcho: 	at bte.a(PG:5)
07-30 13:57:36.683  4076  4198 W AiAiEcho: 	at ghg.b(PG:139)
07-30 13:57:36.683  4076  4198 W AiAiEcho: 	at ghg.a(PG:13)
07-30 13:57:36.683  4076  4198 W AiAiEcho: 	at xpi.C(PG:14)
07-30 13:57:36.683  4076  4198 W AiAiEcho: 	at xey.bw(PG:54)
07-30 13:57:36.683  4076  4198 W AiAiEcho: 	at ghl.b(PG:39)
07-30 13:57:36.683  4076  4198 W AiAiEcho: 	at xms.g(PG:13)
07-30 13:57:36.683  4076  4198 W AiAiEcho: 	at kotlinx.coroutines.DispatchedTask.run(PG:114)
07-30 13:57:36.683  4076  4198 W AiAiEcho: 	at java.util.concurrent.Executors$RunnableAdapter.call(Executors.java:487)
07-30 13:57:36.683  4076  4198 W AiAiEcho: 	at uci.a(PG:3)
07-30 13:57:36.683  4076  4198 W AiAiEcho: 	at ubk.run(PG:21)
07-30 13:57:36.683  4076  4198 W AiAiEcho: 	at ucj.run(PG:5)
07-30 13:57:36.683  4076  4198 W AiAiEcho: 	at java.util.concurrent.Executors$RunnableAdapter.call(Executors.java:487)
07-30 13:57:36.683  4076  4198 W AiAiEcho: 	at java.util.concurrent.FutureTask.run(FutureTask.java:264)
07-30 13:57:36.683  4076  4198 W AiAiEcho: 	at java.util.concurrent.ScheduledThreadPoolExecutor$ScheduledFutureTask.run(ScheduledThreadPoolExecutor.java:307)
07-30 13:57:36.683  4076  4198 W AiAiEcho: 	at java.util.concurrent.ThreadPoolExecutor.runWorker(ThreadPoolExecutor.java:1145)
07-30 13:57:36.683  4076  4198 W AiAiEcho: 	at java.util.concurrent.ThreadPoolExecutor$Worker.run(ThreadPoolExecutor.java:644)
07-30 13:57:36.683  4076  4198 W AiAiEcho: 	at hff.run(PG:221)
07-30 13:57:36.683  4076  4198 W AiAiEcho: 	at java.lang.Thread.run(Thread.java:1012)
07-30 13:57:36.688  1382  1382 W binder:1382_3: type=1400 audit(0.0:2532559): avc: denied { write } for name="statsdw" dev="tmpfs" ino=33376 scontext=u:r:hal_camera_default:s0 tcontext=u:object_r:statsdw_socket:s0 tclass=sock_file permissive=0
07-30 13:57:36.694  1917  4361 D CompatibilityChangeReporter: Compat change id reported: 214016041; UID 10481; state: ENABLED
07-30 13:57:36.695  1382  1382 W binder:1382_3: type=1400 audit(0.0:2532560): avc: denied { write } for name="statsdw" dev="tmpfs" ino=33376 scontext=u:r:hal_camera_default:s0 tcontext=u:object_r:statsdw_socket:s0 tclass=sock_file permissive=0
07-30 13:57:36.702  1382  1382 W binder:1382_3: type=1400 audit(0.0:2532561): avc: denied { write } for name="statsdw" dev="tmpfs" ino=33376 scontext=u:r:hal_camera_default:s0 tcontext=u:object_r:statsdw_socket:s0 tclass=sock_file permissive=0
07-30 13:57:36.705  1382  1382 W binder:1382_3: type=1400 audit(0.0:2532562): avc: denied { write } for name="statsdw" dev="tmpfs" ino=33376 scontext=u:r:hal_camera_default:s0 tcontext=u:object_r:statsdw_socket:s0 tclass=sock_file permissive=0
07-30 13:57:36.712  1382  1382 W binder:1382_3: type=1400 audit(0.0:2532563): avc: denied { write } for name="statsdw" dev="tmpfs" ino=33376 scontext=u:r:hal_camera_default:s0 tcontext=u:object_r:statsdw_socket:s0 tclass=sock_file permissive=0
07-30 13:57:36.709  1917  2092 I ActivityManager: Killing 29977:com.google.android.webview:sandboxed_process0:org.chromium.content.app.SandboxedProcessService0:0/u0a122i9 (adj 985): empty #33
07-30 13:57:36.713 17875 17875 I GoogleInputMethodService: GoogleInputMethodService.updateDeviceLockedStatus():2248 repeatCheckTimes = 0, locked = false
07-30 13:57:36.713 17875 17875 I GoogleInputMethodService: GoogleInputMethodService.onStartInput():1986 onStartInput(EditorInfo{EditorInfo{packageName=com.jcarpenter1.expootaexclusionrepro, inputType=0, inputTypeString=NULL, enableLearning=false, autoCorrection=false, autoComplete=false, imeOptions=0, privateImeOptions=null, actionName=UNSPECIFIED, actionLabel=null, initialSelStart=-1, initialSelEnd=-1, initialCapsMode=0, label=null, fieldId=-1, fieldName=null, extras=null, hintText=null, hintLocales=[]}}, false)
07-30 13:57:36.714 17875 17875 I GoogleInputMethodService: GoogleInputMethodService.updateDeviceLockedStatus():2248 repeatCheckTimes = 1, locked = false
07-30 13:57:36.715 17875 17875 I AndroidIME: InputBundleManager.loadActiveInputBundleId():450 loadActiveInputBundleId: und-Latn-x-password, password
07-30 13:57:36.715  1917  2125 I libprocessgroup: Successfully killed process cgroup uid 99009 pid 29977 in 5ms
