07-30 13:57:50.929 17875 17875 I GoogleInputMethodService: GoogleInputMethodService.onStartInput():1986 onStartInput(EditorInfo{EditorInfo{packageName=com.jcarpenter1.expootaexclusionrepro, inputType=0, inputTypeString=NULL, enableLearning=false, autoCorrection=false, autoComplete=false, imeOptions=0, privateImeOptions=null, actionName=UNSPECIFIED, actionLabel=null, initialSelStart=-1, initialSelEnd=-1, initialCapsMode=0, label=null, fieldId=-1, fieldName=null, extras=null, hintText=null, hintLocales=[]}}, false)
07-30 13:57:50.931 17875 17875 I GoogleInputMethodService: GoogleInputMethodService.updateDeviceLockedStatus():2248 repeatCheckTimes = 1, locked = false
07-30 13:57:50.933 17875 17875 I AndroidIME: InputBundleManager.loadActiveInputBundleId():450 loadActiveInputBundleId: und-Latn-x-password, password
07-30 13:57:50.962 32724 32757 I ExpoModulesCore:  AppContext was initialized
07-30 13:57:50.970 32724 32766 W unknown:ViewManagerPropertyUpdater: Could not find generated setter for class com.facebook.react.views.drawer.ReactDrawerLayoutManager
07-30 13:57:50.973 32724 32766 W unknown:ViewManagerPropertyUpdater: Could not find generated setter for class com.facebook.react.uimanager.LayoutShadowNode
07-30 13:57:50.976 32724 32766 W unknown:ViewManagerPropertyUpdater: Could not find generated setter for class com.facebook.react.views.scroll.ReactHorizontalScrollViewManager
07-30 13:57:50.978 32724 32766 W unknown:ViewManagerPropertyUpdater: Could not find generated setter for class com.facebook.react.views.scroll.ReactHorizontalScrollContainerViewManager
07-30 13:57:50.979 32724 32766 W unknown:ViewManagerPropertyUpdater: Could not find generated setter for class com.facebook.react.views.progressbar.ReactProgressBarViewManager
07-30 13:57:50.979 32724 32766 W unknown:ViewManagerPropertyUpdater: Could not find generated setter for class com.facebook.react.views.progressbar.ProgressBarShadowNode
07-30 13:57:50.980 32724 32766 W unknown:ViewManagerPropertyUpdater: Could not find generated setter for class com.facebook.react.views.scroll.ReactScrollViewManager
07-30 13:57:50.982 32724 32766 W unknown:ViewManagerPropertyUpdater: Could not find generated setter for class com.facebook.react.views.switchview.ReactSwitchManager
07-30 13:57:50.983 32724 32766 W unknown:ViewManagerPropertyUpdater: Could not find generated setter for class com.facebook.react.views.switchview.ReactSwitchManager$ReactSwitchShadowNode
07-30 13:57:50.983 32724 32766 W unknown:ViewManagerPropertyUpdater: Could not find generated setter for class com.facebook.react.views.swiperefresh.SwipeRefreshLayoutManager
07-30 13:57:50.984 32724 32766 W unknown:ViewManagerPropertyUpdater: Could not find generated setter for class com.facebook.react.views.text.frescosupport.FrescoBasedReactTextInlineImageViewManager
07-30 13:57:50.985 32724 32766 W unknown:ViewManagerPropertyUpdater: Could not find generated setter for class com.facebook.react.views.text.frescosupport.FrescoBasedReactTextInlineImageShadowNode
07-30 13:57:50.985 32724 32766 W unknown:ViewManagerPropertyUpdater: Could not find generated setter for class com.facebook.react.views.image.ReactImageManager
07-30 13:57:50.986 32724 32766 W unknown:ViewManagerPropertyUpdater: Could not find generated setter for class com.facebook.react.views.modal.ReactModalHostManager
07-30 13:57:50.987 32724 32766 W unknown:ViewManagerPropertyUpdater: Could not find generated setter for class com.facebook.react.views.modal.ModalHostShadowNode
07-30 13:57:50.988 32724 32766 W unknown:ViewManagerPropertyUpdater: Could not find generated setter for class com.facebook.react.views.text.ReactRawTextManager
07-30 13:57:50.988 32724 32766 W unknown:ViewManagerPropertyUpdater: Could not find generated setter for class com.facebook.react.views.text.ReactRawTextShadowNode
07-30 13:57:50.989 32724 32766 W unknown:ViewManagerPropertyUpdater: Could not find generated setter for class com.facebook.react.views.textinput.ReactTextInputManager
07-30 13:57:50.991 32724 32766 W unknown:ViewManagerPropertyUpdater: Could not find generated setter for class com.facebook.react.views.textinput.ReactTextInputShadowNode
07-30 13:57:50.993 32724 32766 W unknown:ViewManagerPropertyUpdater: Could not find generated setter for class com.facebook.react.views.text.ReactTextViewManager
07-30 13:57:50.995 32724 32766 W unknown:ViewManagerPropertyUpdater: Could not find generated setter for class com.facebook.react.views.text.ReactTextShadowNode
07-30 13:57:50.996 32724 32766 W unknown:ViewManagerPropertyUpdater: Could not find generated setter for class com.facebook.react.views.view.ReactViewManager
07-30 13:57:50.998 32724 32766 W unknown:ViewManagerPropertyUpdater: Could not find generated setter for class com.facebook.react.views.text.ReactVirtualTextViewManager
07-30 13:57:50.998 32724 32766 W unknown:ViewManagerPropertyUpdater: Could not find generated setter for class com.facebook.react.views.text.ReactVirtualTextShadowNode
07-30 13:57:50.998 32724 32766 W unknown:ViewManagerPropertyUpdater: Could not find generated setter for class com.facebook.react.views.unimplementedview.ReactUnimplementedViewManager
07-30 13:57:50.999 32724 32766 W unknown:ViewManagerPropertyUpdater: Could not find generated setter for class com.swmansion.gesturehandler.react.RNGestureHandlerRootViewManager
07-30 13:57:50.999 32724 32766 W unknown:ViewManagerPropertyUpdater: Could not find generated setter for class com.swmansion.gesturehandler.react.RNGestureHandlerButtonViewManager
07-30 13:57:51.001 32724 32766 W unknown:ViewManagerPropertyUpdater: Could not find generated setter for class com.th3rdwave.safeareacontext.SafeAreaProviderManager
07-30 13:57:51.001 32724 32766 W unknown:ViewManagerPropertyUpdater: Could not find generated setter for class com.th3rdwave.safeareacontext.SafeAreaViewManager
07-30 13:57:51.002 32724 32766 W unknown:ViewManagerPropertyUpdater: Could not find generated setter for class com.th3rdwave.safeareacontext.SafeAreaViewShadowNode
07-30 13:57:51.002 32724 32766 W unknown:ViewManagerPropertyUpdater: Could not find generated setter for class com.swmansion.rnscreens.ScreenContainerViewManager
07-30 13:57:51.003 32724 32766 W unknown:ViewManagerPropertyUpdater: Could not find generated setter for class com.swmansion.rnscreens.ScreenViewManager
07-30 13:57:51.004 32724 32766 W unknown:ViewManagerPropertyUpdater: Could not find generated setter for class com.swmansion.rnscreens.ModalScreenViewManager
07-30 13:57:51.004 32724 32766 W unknown:ViewManagerPropertyUpdater: Could not find generated setter for class com.swmansion.rnscreens.ScreenStackViewManager
07-30 13:57:51.005 32724 32766 W unknown:ViewManagerPropertyUpdater: Could not find generated setter for class com.swmansion.rnscreens.ScreenStackHeaderConfigViewManager
07-30 13:57:51.006 32724 32766 W unknown:ViewManagerPropertyUpdater: Could not find generated setter for class com.swmansion.rnscreens.ScreenStackHeaderSubviewManager
07-30 13:57:51.006 32724 32766 W unknown:ViewManagerPropertyUpdater: Could not find generated setter for class com.swmansion.rnscreens.SearchBarManager
07-30 13:57:51.031 32724 32765 V SoLoader: libexpo-modules-core.so not found on /data/app/~~NfLuExn4uH56SsxBgVKQgQ==/com.jcarpenter1.expootaexclusionrepro-qBr5yS93gDrON2zDImzzIg==/lib/arm64
07-30 13:57:51.032 32724 32765 V SoLoader: libreact_nativemodule_core.so not found on /data/app/~~NfLuExn4uH56SsxBgVKQgQ==/com.jcarpenter1.expootaexclusionrepro-qBr5yS93gDrON2zDImzzIg==/lib/arm64
07-30 13:57:51.034 32724 32765 D SoLoader: libreact_nativemodule_core.so found on /data/app/~~NfLuExn4uH56SsxBgVKQgQ==/com.jcarpenter1.expootaexclusionrepro-qBr5yS93gDrON2zDImzzIg==/base.apk!/lib/arm64-v8a
07-30 13:57:51.036 32724 32765 D SoLoader: libexpo-modules-core.so found on /data/app/~~NfLuExn4uH56SsxBgVKQgQ==/com.jcarpenter1.expootaexclusionrepro-qBr5yS93gDrON2zDImzzIg==/base.apk!/lib/arm64-v8a
07-30 13:57:51.036 32724 32765 V SoLoader: libturbomodulejsijni.so not found on /data/app/~~NfLuExn4uH56SsxBgVKQgQ==/com.jcarpenter1.expootaexclusionrepro-qBr5yS93gDrON2zDImzzIg==/lib/arm64
07-30 13:57:51.038 32724 32765 D SoLoader: libturbomodulejsijni.so found on /data/app/~~NfLuExn4uH56SsxBgVKQgQ==/com.jcarpenter1.expootaexclusionrepro-qBr5yS93gDrON2zDImzzIg==/base.apk!/lib/arm64-v8a
07-30 13:57:51.041 32724 32765 I ExpoModulesCore:  JSI interop was installed
07-30 13:57:51.041 32724 32765 W ExpoModulesCore:  JSI interop was already installed
07-30 13:57:51.042 32724 32765 I ExpoModulesCore:  Constants were exported
07-30 13:57:51.043 32724 32765 I dev.expo.updates: {"timestamp":1722369471043,"message":"UpdatesModule: getConstants called","code":"None","level":"info"}
07-30 13:57:51.067 32724 32765 I ReactNativeJS: Running "main
07-30 13:57:51.076 32724 32765 V SoLoader: libreanimated.so not found on /data/app/~~NfLuExn4uH56SsxBgVKQgQ==/com.jcarpenter1.expootaexclusionrepro-qBr5yS93gDrON2zDImzzIg==/lib/arm64
07-30 13:57:51.079 32724 32765 D SoLoader: libreanimated.so found on /data/app/~~NfLuExn4uH56SsxBgVKQgQ==/com.jcarpenter1.expootaexclusionrepro-qBr5yS93gDrON2zDImzzIg==/base.apk!/lib/arm64-v8a
07-30 13:57:51.135 32724 32759 I dev.expo.updates: {"timestamp":1722369471135,"message":"Updates state change: CheckCompleteUnavailable, context = {isUpdateAvailable=false, isUpdatePending=false, isChecking=false, isDownloading=false, isRestarting=false, lastCheckForUpdateTime=Tue Jul 30 13:57:51 MDT 2024}","code":"None","level":"info"}
07-30 13:57:51.136 32724 32759 E dev.expo.updates: {"timestamp":1722369471136,"message":"Could not emit Expo.nativeUpdatesStateChangeEvent checkCompleteUnavailable event; no subscribers registered.","code":"JSRuntimeError","level":"error","stacktrace":["expo.modules.updates.logging.UpdatesLogger.logEntryString(UpdatesLogger.kt:141)","expo.modules.updates.logging.UpdatesLogger.error(UpdatesLogger.kt:94)","expo.modules.updates.logging.UpdatesLogger.error(UpdatesLogger.kt:84)","expo.modules.updates.logging.UpdatesLogger.error$default(UpdatesLogger.kt:79)","expo.modules.updates.UpdatesUtils.sendEvent(UpdatesUtils.kt:177)","expo.modules.updates.EnabledUpdatesController.sendEventToJS(EnabledUpdatesController.kt:175)","expo.modules.updates.EnabledUpdatesController.sendUpdateStateChangeEventToAppContext(EnabledUpdatesController.kt:171)","expo.modules.updates.statemachine.UpdatesStateMachine.sendChangeEventToJS(UpdatesStateMachine.kt:96)","expo.modules.updates.statemachine.UpdatesStateMachine.processEvent(UpdatesStateMachine.kt:73)","expo.modules.updates.statemachine.UpdatesStateMachine.access$processEvent(UpdatesStateMachine.kt:13)","expo.modules.updates.statemachine.UpdatesStateMachine$serialExecutorQueue$1.processStateEvent(UpdatesStateMachine.kt:24)","expo.modules.updates.procedures.StateMachineSerialExecutorQueue$MethodInvocationHolder$execute$1.processStateEvent(StateMachineSerialExecutorQueue.kt:35)","expo.modules.updates.procedures.StartupProcedure$loaderTask$1.onRemoteCheckForUpdateFinished(StartupProcedure.kt:120)","expo.modules.updates.loader.LoaderTask$launchRemoteUpdateInBackground$1$1.onUpdateResponseLoaded(LoaderTask.kt:391)","expo.modules.updates.loader.Loader$start$1.onSuccess(Loader.kt:111)","expo.modules.updates.loader.FileDownloader.parseRemoteUpdateResponse$expo_updates_release(FileDownloader.kt:123)","expo.modules.updates.loader.FileDownloader$downloadRemoteUpdate$1.onResponse(FileDownloader.kt:480)","expo.modules.updates.loader.FileDownloader$downloadData$1.onResponse(FileDownloader.kt:553)","okhttp3.internal.connection.RealCall$AsyncCall.run(RealCall.kt:519)","java.util.concurrent.ThreadPoolExecutor.runWorker(ThreadPoolExecutor.java:1145)"]}
07-30 13:57:51.146 32724 32759 I dev.expo.updates: {"timestamp":1722369471146,"message":"embeddedAssetFileMap: embeddedAssets count = 18","code":"None","level":"info"}
07-30 13:57:51.148 32724 32759 I dev.expo.updates: {"timestamp":1722369471147,"message":"embeddedAssetFileMap: 778ffc9fe8773a878e9c30a6304784de,png => file:\/\/\/data\/user\/0\/com.jcarpenter1.expootaexclusionrepro\/files\/.expo-internal\/778ffc9fe8773a878e9c30a6304784de.png","code":"None","level":"info"}
07-30 13:57:51.149 32724 32759 I dev.expo.updates: {"timestamp":1722369471149,"message":"embeddedAssetFileMap: 376d6a4c7f622917c39feb23671ef71d,png => file:\/\/\/data\/user\/0\/com.jcarpenter1.expootaexclusionrepro\/files\/.expo-internal\/376d6a4c7f622917c39feb23671ef71d.png","code":"None","level":"info"}
07-30 13:57:51.150 32724 32759 I dev.expo.updates: {"timestamp":1722369471150,"message":"embeddedAssetFileMap: c79c3606a1cf168006ad3979763c7e0c,png => file:\/\/\/data\/user\/0\/com.jcarpenter1.expootaexclusionrepro\/files\/.expo-internal\/c79c3606a1cf168006ad3979763c7e0c.png","code":"None","level":"info"}
07-30 13:57:51.151 32724 32759 I dev.expo.updates: {"timestamp":1722369471151,"message":"embeddedAssetFileMap: 02bc1fa7c0313217bde2d65ccbff40c9,png => file:\/\/\/data\/user\/0\/com.jcarpenter1.expootaexclusionrepro\/files\/.expo-internal\/02bc1fa7c0313217bde2d65ccbff40c9.png","code":"None","level":"info"}
07-30 13:57:51.152 32724 32759 I dev.expo.updates: {"timestamp":1722369471152,"message":"embeddedAssetFileMap: 35ba0eaec5a4f5ed12ca16fabeae451d,png => file:\/\/\/data\/user\/0\/com.jcarpenter1.expootaexclusionrepro\/files\/.expo-internal\/35ba0eaec5a4f5ed12ca16fabeae451d.png","code":"None","level":"info"}
07-30 13:57:51.153 32724 32759 I dev.expo.updates: {"timestamp":1722369471153,"message":"embeddedAssetFileMap: 5223c8d9b0d08b82a5670fb5f71faf78,png => file:\/\/\/data\/user\/0\/com.jcarpenter1.expootaexclusionrepro\/files\/.expo-internal\/5223c8d9b0d08b82a5670fb5f71faf78.png","code":"None","level":"info"}
07-30 13:57:51.154 32724 32759 I dev.expo.updates: {"timestamp":1722369471154,"message":"embeddedAssetFileMap: 563d5e3294b67811d0a1aede6f601e30,png => file:\/\/\/data\/user\/0\/com.jcarpenter1.expootaexclusionrepro\/files\/.expo-internal\/563d5e3294b67811d0a1aede6f601e30.png","code":"None","level":"info"}
07-30 13:57:51.155 32724 32759 I dev.expo.updates: {"timestamp":1722369471155,"message":"embeddedAssetFileMap: b6c297a501e289394b0bc5dc69c265e6,png => file:\/\/\/data\/user\/0\/com.jcarpenter1.expootaexclusionrepro\/files\/.expo-internal\/b6c297a501e289394b0bc5dc69c265e6.png","code":"None","level":"info"}
07-30 13:57:51.156 32724 32759 I dev.expo.updates: {"timestamp":1722369471156,"message":"embeddedAssetFileMap: 5974eb3e1c5314e8d5a822702d7d0740,png => file:\/\/\/data\/user\/0\/com.jcarpenter1.expootaexclusionrepro\/files\/.expo-internal\/5974eb3e1c5314e8d5a822702d7d0740.png","code":"None","level":"info"}
07-30 13:57:51.157 32724 32759 I dev.expo.updates: {"timestamp":1722369471157,"message":"embeddedAssetFileMap: 9d9c5644f55c2f6e4b7f247c378b2fe9,png => file:\/\/\/data\/user\/0\/com.jcarpenter1.expootaexclusionrepro\/files\/.expo-internal\/9d9c5644f55c2f6e4b7f247c378b2fe9.png","code":"None","level":"info"}
07-30 13:57:51.157 32724 32759 I dev.expo.updates: {"timestamp":1722369471157,"message":"embeddedAssetFileMap: 6148e7019854f3bde85b633cb88f3c25,ttf => file:\/\/\/data\/user\/0\/com.jcarpenter1.expootaexclusionrepro\/files\/.expo-internal\/6148e7019854f3bde85b633cb88f3c25.ttf","code":"None","level":"info"}
07-30 13:57:51.158 32724 32759 I dev.expo.updates: {"timestamp":1722369471157,"message":"embeddedAssetFileMap: 695d5a1c6f29a689130f3aaa573aec6e,png => file:\/\/\/data\/user\/0\/com.jcarpenter1.expootaexclusionrepro\/files\/.expo-internal\/695d5a1c6f29a689130f3aaa573aec6e.png","code":"None","level":"info"}
07-30 13:57:51.158 32724 32759 I dev.expo.updates: {"timestamp":1722369471158,"message":"embeddedAssetFileMap: b507e7f2c91ebc8fe24dee79ccb3b600,png => file:\/\/\/data\/user\/0\/com.jcarpenter1.expootaexclusionrepro\/files\/.expo-internal\/b507e7f2c91ebc8fe24dee79ccb3b600.png","code":"None","level":"info"}
07-30 13:57:51.158 32724 32759 I dev.expo.updates: {"timestamp":1722369471158,"message":"embeddedAssetFileMap: 8a4d0e5b845044e56e3b2df627d01cfd,png => file:\/\/\/data\/user\/0\/com.jcarpenter1.expootaexclusionrepro\/files\/.expo-internal\/8a4d0e5b845044e56e3b2df627d01cfd.png","code":"None","level":"info"}
07-30 13:57:51.159 32724 32759 I dev.expo.updates: {"timestamp":1722369471158,"message":"embeddedAssetFileMap: 8f14e478886737f3323a2ac79c833749,png => file:\/\/\/data\/user\/0\/com.jcarpenter1.expootaexclusionrepro\/files\/.expo-internal\/8f14e478886737f3323a2ac79c833749.png","code":"None","level":"info"}
07-30 13:57:51.163 32724 32759 I dev.expo.updates: {"timestamp":1722369471163,"message":"embeddedAssetFileMap: 49a79d66bdea2debf1832bf4d7aca127,ttf => file:\/\/\/data\/user\/0\/com.jcarpenter1.expootaexclusionrepro\/files\/.expo-internal\/49a79d66bdea2debf1832bf4d7aca127.ttf","code":"None","level":"info"}
07-30 13:57:51.164 32724 32759 I dev.expo.updates: {"timestamp":1722369471164,"message":"embeddedAssetFileMap: 92c7720bb90d3bf633cdce9845065657,db => file:\/\/\/data\/user\/0\/com.jcarpenter1.expootaexclusionrepro\/files\/.expo-internal\/92c7720bb90d3bf633cdce9845065657.db","code":"None","level":"info"}
07-30 13:57:51.164 32724 32759 E dev.expo.updates: {"timestamp":1722369471164,"message":"UpdatesController onBackgroundUpdateFinished: No update available","code":"NoUpdatesAvailable","level":"error","stacktrace":["expo.modules.updates.logging.UpdatesLogger.logEntryString(UpdatesLogger.kt:141)","expo.modules.updates.logging.UpdatesLogger.error(UpdatesLogger.kt:94)","expo.modules.updates.logging.UpdatesLogger.error(UpdatesLogger.kt:84)","expo.modules.updates.logging.UpdatesLogger.error$default(UpdatesLogger.kt:79)","expo.modules.updates.procedures.StartupProcedure$loaderTask$1.onRemoteUpdateFinished(StartupProcedure.kt:195)","expo.modules.updates.loader.LoaderTask$launchRemoteUpdateInBackground$1$1$launchUpdate$1.onSuccess(LoaderTask.kt:456)","expo.modules.updates.launcher.DatabaseLauncher.launch(DatabaseLauncher.kt:123)","expo.modules.updates.loader.LoaderTask$launchRemoteUpdateInBackground$1$1.launchUpdate(LoaderTask.kt:435)","expo.modules.updates.loader.LoaderTask$launchRemoteUpdateInBackground$1$1.access$launchUpdate(LoaderTask.kt:354)","expo.modules.updates.loader.LoaderTask$launchRemoteUpdateInBackground$1$1$onSuccess$1.invoke(LoaderTask.kt:427)","expo.modules.updates.loader.LoaderTask$launchRemoteUpdateInBackground$1$1$onSuccess$1.invoke(LoaderTask.kt:418)","expo.modules.updates.loader.RemoteLoader$Companion.processSuccessLoaderResult(RemoteLoader.kt:83)","expo.modules.updates.loader.LoaderTask$launchRemoteUpdateInBackground$1$1.onSuccess(LoaderTask.kt:418)","expo.modules.updates.loader.Loader.finishWithSuccess(Loader.kt:151)","expo.modules.updates.loader.Loader.access$finishWithSuccess(Loader.kt:25)","expo.modules.updates.loader.Loader$start$1.onSuccess(Loader.kt:118)","expo.modules.updates.loader.FileDownloader.parseRemoteUpdateResponse$expo_updates_release(FileDownloader.kt:123)","expo.modules.updates.loader.FileDownloader$downloadRemoteUpdate$1.onResponse(FileDownloader.kt:480)","expo.modules.updates.loader.FileDownloader$downloadData$1.onResponse(FileDownloader.kt:553)","okhttp3.internal.connection.RealCall$AsyncCall.run(RealCall.kt:519)"]}
07-30 13:57:51.165 32724 32759 I dev.expo.updates: {"timestamp":1722369471165,"message":"ErrorRecovery: remote load status changed: IDLE","code":"None","level":"info"}
07-30 13:57:51.188 32724 32765 E ReactNativeJS: Error: Call to function 'ExpoAsset.downloadAsync' has been rejected.
07-30 13:57:51.188 32724 32765 E ReactNativeJS:  Caused by: Unable to download asset from url:
07-30 13:57:51.188 32724 32765 E ReactNativeJS:
07-30 13:57:51.188 32724 32765 E ReactNativeJS: This error is located at:
07-30 13:57:51.188 32724 32765 E ReactNativeJS:     in SQLiteProviderNonSuspense
07-30 13:57:51.188 32724 32765 E ReactNativeJS:     in SQLiteProvider
07-30 13:57:51.188 32724 32765 E ReactNativeJS:     in ThemeProvider
07-30 13:57:51.188 32724 32765 E ReactNativeJS:     in RootLayout
07-30 13:57:51.188 32724 32765 E ReactNativeJS:     in Unknown
07-30 13:57:51.188 32724 32765 E ReactNativeJS:     in Suspense
07-30 13:57:51.188 32724 32765 E ReactNativeJS:     in Route
07-30 13:57:51.188 32724 32765 E ReactNativeJS:     in Unknown
07-30 13:57:51.188 32724 32765 E ReactNativeJS:     in RNCSafeAreaProvider
07-30 13:57:51.188 32724 32765 E ReactNativeJS:     in SafeAreaProvider
07-30 13:57:51.188 32724 32765 E ReactNativeJS:     in wrapper
07-30 13:57:51.188 32724 32765 E ReactNativeJS:     in EnsureSingleNavigator
07-30 13:57:51.188 32724 32765 E ReactNativeJS:     in BaseNavigationContainer
07-30 13:57:51.188 32724 32765 E ReactNativeJS:     in ThemeProvider
07-30 13:57:51.188 32724 32765 E ReactNativeJS:     in NavigationContainerInner
07-30 13:57:51.188 32724 32765 E ReactNativeJS:     in ContextNavigator
07-30 13:57:51.188 32724 32765 E ReactNativeJS:     in ExpoRoot
07-30 13:57:51.188 32724 32765 E ReactNativeJS:     in App
07-30 13:57:51.188 32724 32765 E ReactNativeJS:     in RCTView
07-30 13:57:51.188 32724 32765 E ReactNativeJS:     in Unknown
07-30 13:57:51.188 32724 32765 E ReactNativeJS:     in AppContainer, js engine: hermes
07-30 13:57:51.189 32724 32766 E unknown:ReactNative: Error: Call to function 'ExpoAsset.downloadAsync' has been rejected.
07-30 13:57:51.189 32724 32766 E unknown:ReactNative:  Caused by: Unable to download asset from url:
07-30 13:57:51.189 32724 32766 E unknown:ReactNative:
07-30 13:57:51.189 32724 32766 E unknown:ReactNative: This error is located at:
07-30 13:57:51.189 32724 32766 E unknown:ReactNative:     in SQLiteProviderNonSuspense
07-30 13:57:51.189 32724 32766 E unknown:ReactNative:     in SQLiteProvider
07-30 13:57:51.189 32724 32766 E unknown:ReactNative:     in ThemeProvider
07-30 13:57:51.189 32724 32766 E unknown:ReactNative:     in RootLayout
07-30 13:57:51.189 32724 32766 E unknown:ReactNative:     in Unknown
07-30 13:57:51.189 32724 32766 E unknown:ReactNative:     in Suspense
07-30 13:57:51.189 32724 32766 E unknown:ReactNative:     in Route
07-30 13:57:51.189 32724 32766 E unknown:ReactNative:     in Unknown
07-30 13:57:51.189 32724 32766 E unknown:ReactNative:     in RNCSafeAreaProvider
07-30 13:57:51.189 32724 32766 E unknown:ReactNative:     in SafeAreaProvider
07-30 13:57:51.189 32724 32766 E unknown:ReactNative:     in wrapper
07-30 13:57:51.189 32724 32766 E unknown:ReactNative:     in EnsureSingleNavigator
07-30 13:57:51.189 32724 32766 E unknown:ReactNative:     in BaseNavigationContainer
07-30 13:57:51.189 32724 32766 E unknown:ReactNative:     in ThemeProvider
07-30 13:57:51.189 32724 32766 E unknown:ReactNative:     in NavigationContainerInner
07-30 13:57:51.189 32724 32766 E unknown:ReactNative:     in ContextNavigator
07-30 13:57:51.189 32724 32766 E unknown:ReactNative:     in ExpoRoot
07-30 13:57:51.189 32724 32766 E unknown:ReactNative:     in App
07-30 13:57:51.189 32724 32766 E unknown:ReactNative:     in RCTView
07-30 13:57:51.189 32724 32766 E unknown:ReactNative:     in Unknown
07-30 13:57:51.189 32724 32766 E unknown:ReactNative:     in AppContainer, js engine: hermes, stack:
07-30 13:57:51.189 32724 32766 E unknown:ReactNative: _construct@1:67761
07-30 13:57:51.189 32724 32766 E unknown:ReactNative: Wrapper@1:67415
07-30 13:57:51.189 32724 32766 E unknown:ReactNative: _callSuper@1:620200
07-30 13:57:51.189 32724 32766 E unknown:ReactNative: CodedError@1:620422
07-30 13:57:51.239 22421 22421 I A       : onStop
07-30 13:57:51.239  3253  4519 D OneSearchSuggestProvider: Shut down the binder channel
07-30 13:57:51.240  3253  4305 I s.nexuslauncher: oneway function results for code 2 on binder at 0xb400007c10841ad0 will be dropped but finished with status UNKNOWN_TRANSACTION
07-30 13:57:51.249  1917  4363 W InputManager-JNI: Input channel object '8f4e173 Splash Screen com.jcarpenter1.expootaexclusionrepro (client)' was disposed without first being removed with the input manager!
07-30 13:57:51.252  1917  4352 D CoreBackPreview: Window{8f4e173 u0 Splash Screen com.jcarpenter1.expootaexclusionrepro EXITING}: Setting back callback null
07-30 13:57:51.262  1917  4352 I ActivityManager: Killing 29857:com.google.android.as.oss/u0a328 (adj 975): empty #33
07-30 13:57:51.268  1917  2125 I libprocessgroup: Successfully killed process cgroup uid 10328 pid 29857 in 5ms
07-30 13:57:51.280  1917  2754 D ConnectivityService: NetReassign [no changes] [c 0] [a 0] [i 2]
07-30 13:57:51.282  1353  1353 I Zygote  : Process 29857 exited due to signal 9 (Killed)
07-30 13:57:51.329  1906  5995 I FontLog : (REDACTED) Received query %s, URI %s
07-30 13:57:51.329  1906  5995 I FontLog : (REDACTED) Query [%s] resolved to %s
07-30 13:57:51.331  1906  5995 I FontLog : (REDACTED) Fetch %s end status %s
07-30 13:57:51.333  1906  5995 I FontLog : (REDACTED) Pulling font file for id = %d, cache size = %d
07-30 13:57:51.336  1906  5995 I FontLog : (REDACTED) Pulling font file for id = %d, cache size = %d
07-30 13:57:51.758  1382  1382 W binder:1382_3: type=1400 audit(0.0:2535367): avc: denied { write } for name="statsdw" dev="tmpfs" ino=33376 scontext=u:r:hal_camera_default:s0 tcontext=u:object_r:statsdw_socket:s0 tclass=sock_file permissive=0
07-30 13:57:51.762  1382  1382 W binder:1382_3: type=1400 audit(0.0:2535368): avc: denied { write } for name="statsdw" dev="tmpfs" ino=33376 scontext=u:r:hal_camera_default:s0 tcontext=u:object_r:statsdw_socket:s0 tclass=sock_file permissive=0
07-30 13:57:51.772  1382  1382 W binder:1382_3: type=1400 audit(0.0:2535369): avc: denied { write } for name="statsdw" dev="tmpfs" ino=33376 scontext=u:r:hal_camera_default:s0 tcontext=u:object_r:statsdw_socket:s0 tclass=sock_file permissive=0
07-30 13:57:51.772  1382  1382 W binder:1382_3: type=1400 audit(0.0:2535370): avc: denied { write } for name="statsdw" dev="tmpfs" ino=33376 scontext=u:r:hal_camera_default:s0 tcontext=u:object_r:statsdw_socket:s0 tclass=sock_file permissive=0
07-30 13:57:51.778  1382  1382 W binder:1382_3: type=1400 audit(0.0:2535371): avc: denied { write } for name="statsdw" dev="tmpfs" ino=33376 scontext=u:r:hal_camera_default:s0 tcontext=u:object_r:statsdw_socket:s0 tclass=sock_file permissive=0
07-30 13:57:52.048  2874  2874 D DLObserver: onReceive(); android.intent.action.BATTERY_CHANGED
07-30 13:57:52.049  2874  2874 D DLObserver: plugged=2
07-30 13:57:52.050  2874  2874 D PowerNotificationWarningsGoogleImpl: onReceive: android.intent.action.BATTERY_CHANGED
07-30 13:57:52.050  2874  4029 D PowerUI : can't show warning due to - plugged: true status unknown: false
07-30 13:57:52.050  2874  2874 D BatteryDefenderNotification: isPlugged: true | isOverheated: false | defenderEnabled: false | isCharged: false | isPluggedInDock: false
07-30 13:57:52.051   652   652 I servicemanager: Found vendor.google.google_battery.IGoogleBattery/default in device VINTF manifest.
07-30 13:57:52.063  2874  2942 D BatteryInfoBroadcast: onReceive: android.intent.action.BATTERY_CHANGED isPowerSaveMode: false remainingTimeMillis: 191081517
07-30 13:57:52.123  2068  2068 D BoundBrokerSvc: onUnbind: Intent { act=com.google.android.gms.common.BIND_SHARED_PREFS pkg=com.google.android.gms }
07-30 13:57:52.762  1382  1382 W binder:1382_3: type=1400 audit(0.0:2535557): avc: denied { write } for name="statsdw" dev="tmpfs" ino=33376 scontext=u:r:hal_camera_default:s0 tcontext=u:object_r:statsdw_socket:s0 tclass=sock_file permissive=0
07-30 13:57:52.765  1382  1382 W binder:1382_3: type=1400 audit(0.0:2535558): avc: denied { write } for name="statsdw" dev="tmpfs" ino=33376 scontext=u:r:hal_camera_default:s0 tcontext=u:object_r:statsdw_socket:s0 tclass=sock_file permissive=0
07-30 13:57:52.772  1382  1382 W binder:1382_3: type=1400 audit(0.0:2535559): avc: denied { write } for name="statsdw" dev="tmpfs" ino=33376 scontext=u:r:hal_camera_default:s0 tcontext=u:object_r:statsdw_socket:s0 tclass=sock_file permissive=0
07-30 13:57:52.775  1382  1382 W binder:1382_3: type=1400 audit(0.0:2535560): avc: denied { write } for name="statsdw" dev="tmpfs" ino=33376 scontext=u:r:hal_camera_default:s0 tcontext=u:object_r:statsdw_socket:s0 tclass=sock_file permissive=0
07-30 13:57:52.782  1382  1382 W binder:1382_3: type=1400 audit(0.0:2535561): avc: denied { write } for name="statsdw" dev="tmpfs" ino=33376 scontext=u:r:hal_camera_default:s0 tcontext=u:object_r:statsdw_socket:s0 tclass=sock_file permissive=0
07-30 13:57:52.854  1395  1480 D VSC     : @ 489831.769: [WO] Proposed rotation: 4, flat angle threshold: 65
07-30 13:57:52.854  1395  1480 D VSC     : @ 489831.769: [WO] orientation angle 359, orientation 4
07-30 13:57:52.854  1395  1480 D VSC     : @ 489831.769: [WO] Gyro angle integrated: 0.409030
07-30 13:57:52.854  1395  1480 D VSC     : @ 489831.769: [WO] Gyro angle integrated: 0.409030
07-30 13:57:53.768  1382  1382 W binder:1382_3: type=1400 audit(0.0:2535744): avc: denied { write } for name="statsdw" dev="tmpfs" ino=33376 scontext=u:r:hal_camera_default:s0 tcontext=u:object_r:statsdw_socket:s0 tclass=sock_file permissive=0
07-30 13:57:53.772  1382  1382 W binder:1382_3: type=1400 audit(0.0:2535745): avc: denied { write } for name="statsdw" dev="tmpfs" ino=33376 scontext=u:r:hal_camera_default:s0 tcontext=u:object_r:statsdw_socket:s0 tclass=sock_file permissive=0
07-30 13:57:53.778  1382  1382 W binder:1382_3: type=1400 audit(0.0:2535746): avc: denied { write } for name="statsdw" dev="tmpfs" ino=33376 scontext=u:r:hal_camera_default:s0 tcontext=u:object_r:statsdw_socket:s0 tclass=sock_file permissive=0
07-30 13:57:53.782  1382  1382 W binder:1382_3: type=1400 audit(0.0:2535747): avc: denied { write } for name="statsdw" dev="tmpfs" ino=33376 scontext=u:r:hal_camera_default:s0 tcontext=u:object_r:statsdw_socket:s0 tclass=sock_file permissive=0
07-30 13:57:53.788  1382  1382 W binder:1382_3: type=1400 audit(0.0:2535748): avc: denied { write } for name="statsdw" dev="tmpfs" ino=33376 scontext=u:r:hal_camera_default:s0 tcontext=u:object_r:statsdw_socket:s0 tclass=sock_file permissive=0
07-30 13:57:53.915  1395  1480 D CHRE    : @ 489832.831: [ActivityPlatform] type 4, confidence 87
07-30 13:57:54.325  1917  2754 D ConnectivityService: NetReassign [no changes] [c 0] [a 1] [i 5]
07-30 13:57:54.660  1353  1353 I Zygote  : Process 31798 exited due to signal 9 (Killed)
07-30 13:57:54.661  1917  2105 I libprocessgroup: Successfully killed process cgroup uid 10191 pid 31798 in 16ms
07-30 13:57:54.663  2874  2874 D DLObserver: onReceive(); android.intent.action.BATTERY_CHANGED
07-30 13:57:54.663  2874  2874 D DLObserver: plugged=2
07-30 13:57:54.665  2874  4031 D PowerUI : can't show warning due to - plugged: true status unknown: false
07-30 13:57:54.666  2874  2874 D PowerNotificationWarningsGoogleImpl: onReceive: android.intent.action.BATTERY_CHANGED
07-30 13:57:54.666  2874  2874 D BatteryDefenderNotification: isPlugged: true | isOverheated: false | defenderEnabled: false | isCharged: false | isPluggedInDock: false
07-30 13:57:54.667   652   652 I servicemanager: Found vendor.google.google_battery.IGoogleBattery/default in device VINTF manifest.
07-30 13:57:54.680  2874  2942 D BatteryInfoBroadcast: onReceive: android.intent.action.BATTERY_CHANGED isPowerSaveMode: false remainingTimeMillis: 191082570
07-30 13:57:54.768  1382  1382 W binder:1382_3: type=1400 audit(0.0:2535929): avc: denied { write } for name="statsdw" dev="tmpfs" ino=33376 scontext=u:r:hal_camera_default:s0 tcontext=u:object_r:statsdw_socket:s0 tclass=sock_file permissive=0
07-30 13:57:54.772  1382  1382 W binder:1382_3: type=1400 audit(0.0:2535930): avc: denied { write } for name="statsdw" dev="tmpfs" ino=33376 scontext=u:r:hal_camera_default:s0 tcontext=u:object_r:statsdw_socket:s0 tclass=sock_file permissive=0
07-30 13:57:54.778  1382  1382 W binder:1382_3: type=1400 audit(0.0:2535931): avc: denied { write } for name="statsdw" dev="tmpfs" ino=33376 scontext=u:r:hal_camera_default:s0 tcontext=u:object_r:statsdw_socket:s0 tclass=sock_file permissive=0
07-30 13:57:54.782  1382  1382 W binder:1382_3: type=1400 audit(0.0:2535932): avc: denied { write } for name="statsdw" dev="tmpfs" ino=33376 scontext=u:r:hal_camera_default:s0 tcontext=u:object_r:statsdw_socket:s0 tclass=sock_file permissive=0
07-30 13:57:54.788  1382  1382 W binder:1382_3: type=1400 audit(0.0:2535933): avc: denied { write } for name="statsdw" dev="tmpfs" ino=33376 scontext=u:r:hal_camera_default:s0 tcontext=u:object_r:statsdw_socket:s0 tclass=sock_file permissive=0
07-30 13:57:54.933  1395  1480 D VSC     : @ 489833.849: [WO] Proposed rotation: 0, flat angle threshold: 65
07-30 13:57:54.933  1395  1480 D VSC     : @ 489833.849: [WO] orientation angle 0, orientation 0
07-30 13:57:54.933  1395  1480 D VSC     : @ 489833.849: [WO] Gyro angle integrated: 19.295513
07-30 13:57:54.933  1395  1480 D VSC     : @ 489833.849: [WO] Gyro angle integrated: 19.295513
07-30 13:57:55.136  1395  1480 D CHRE    : @ 489834.048: StationaryDetect
07-30 13:57:55.136  1395  1480 D CHRE    : @ 489834.051: MagGyroCal(0)=OFF
07-30 13:57:55.148  1720  2916 D BufferPoolAccessor2.0: evictor expired: 2, evicted: 0
07-30 13:57:55.193  1395  1480 D ASH     : @ 489834.108: SensorType 195 resampler quality 0
07-30 13:57:55.193  1395  1480 D ASH     : @ 489834.109: SensorType 195 resampler quality 0
07-30 13:57:55.775  1382  1382 W binder:1382_3: type=1400 audit(0.0:2536115): avc: denied { write } for name="statsdw" dev="tmpfs" ino=33376 scontext=u:r:hal_camera_default:s0 tcontext=u:object_r:statsdw_socket:s0 tclass=sock_file permissive=0
07-30 13:57:55.778  1382  1382 W binder:1382_3: type=1400 audit(0.0:2536116): avc: denied { write } for name="statsdw" dev="tmpfs" ino=33376 scontext=u:r:hal_camera_default:s0 tcontext=u:object_r:statsdw_socket:s0 tclass=sock_file permissive=0
07-30 13:57:55.782  1382  1382 W binder:1382_3: type=1400 audit(0.0:2536117): avc: denied { write } for name="statsdw" dev="tmpfs" ino=33376 scontext=u:r:hal_camera_default:s0 tcontext=u:object_r:statsdw_socket:s0 tclass=sock_file permissive=0
07-30 13:57:55.788  1382  1382 W binder:1382_3: type=1400 audit(0.0:2536118): avc: denied { write } for name="statsdw" dev="tmpfs" ino=33376 scontext=u:r:hal_camera_default:s0 tcontext=u:object_r:statsdw_socket:s0 tclass=sock_file permissive=0
07-30 13:57:55.795  1382  1382 W binder:1382_3: type=1400 audit(0.0:2536119): avc: denied { write } for name="statsdw" dev="tmpfs" ino=33376 scontext=u:r:hal_camera_default:s0 tcontext=u:object_r:statsdw_socket:s0 tclass=sock_file permissive=0
07-30 13:57:56.775  1382  1382 W binder:1382_3: type=1400 audit(0.0:2536301): avc: denied { write } for name="statsdw" dev="tmpfs" ino=33376 scontext=u:r:hal_camera_default:s0 tcontext=u:object_r:statsdw_socket:s0 tclass=sock_file permissive=0
07-30 13:57:56.778  1382  1382 W binder:1382_3: type=1400 audit(0.0:2536302): avc: denied { write } for name="statsdw" dev="tmpfs" ino=33376 scontext=u:r:hal_camera_default:s0 tcontext=u:object_r:statsdw_socket:s0 tclass=sock_file permissive=0
07-30 13:57:56.785  1382  1382 W binder:1382_3: type=1400 audit(0.0:2536303): avc: denied { write } for name="statsdw" dev="tmpfs" ino=33376 scontext=u:r:hal_camera_default:s0 tcontext=u:object_r:statsdw_socket:s0 tclass=sock_file permissive=0
07-30 13:57:56.792  1382  1382 W binder:1382_3: type=1400 audit(0.0:2536304): avc: denied { write } for name="statsdw" dev="tmpfs" ino=33376 scontext=u:r:hal_camera_default:s0 tcontext=u:object_r:statsdw_socket:s0 tclass=sock_file permissive=0
07-30 13:57:56.795  1382  1382 W binder:1382_3: type=1400 audit(0.0:2536305): avc: denied { write } for name="statsdw" dev="tmpfs" ino=33376 scontext=u:r:hal_camera_default:s0 tcontext=u:object_r:statsdw_socket:s0 tclass=sock_file permissive=0
07-30 13:57:56.927  1395  1480 D VSC     : @ 489835.842: [WO] Proposed rotation: 4, flat angle threshold: 65
07-30 13:57:56.927  1395  1480 D VSC     : @ 489835.842: [WO] orientation angle 359, orientation 4
07-30 13:57:56.927  1395  1480 D VSC     : @ 489835.842: [WO] Gyro angle integrated: 8.340426
07-30 13:57:56.927  1395  1480 D VSC     : @ 489835.842: [WO] Gyro angle integrated: 8.340426
07-30 13:57:57.045  1395  1480 D CHRE    : @ 489835.960: [ActivityPlatform] type 4, confidence 84
07-30 13:57:57.348  1917  2754 D ConnectivityService: NetReassign [no changes] [c 1] [a 0] [i 3]
07-30 13:57:57.778  1382  1382 W binder:1382_3: type=1400 audit(0.0:2536487): avc: denied { write } for name="statsdw" dev="tmpfs" ino=33376 scontext=u:r:hal_camera_default:s0 tcontext=u:object_r:statsdw_socket:s0 tclass=sock_file permissive=0
07-30 13:57:57.782  1382  1382 W binder:1382_3: type=1400 audit(0.0:2536488): avc: denied { write } for name="statsdw" dev="tmpfs" ino=33376 scontext=u:r:hal_camera_default:s0 tcontext=u:object_r:statsdw_socket:s0 tclass=sock_file permissive=0
07-30 13:57:57.788  1382  1382 W binder:1382_3: type=1400 audit(0.0:2536489): avc: denied { write } for name="statsdw" dev="tmpfs" ino=33376 scontext=u:r:hal_camera_default:s0 tcontext=u:object_r:statsdw_socket:s0 tclass=sock_file permissive=0
07-30 13:57:57.792  1382  1382 W binder:1382_3: type=1400 audit(0.0:2536490): avc: denied { write } for name="statsdw" dev="tmpfs" ino=33376 scontext=u:r:hal_camera_default:s0 tcontext=u:object_r:statsdw_socket:s0 tclass=sock_file permissive=0
07-30 13:57:57.798  1382  1382 W binder:1382_3: type=1400 audit(0.0:2536491): avc: denied { write } for name="statsdw" dev="tmpfs" ino=33376 scontext=u:r:hal_camera_default:s0 tcontext=u:object_r:statsdw_socket:s0 tclass=sock_file permissive=0
07-30 13:57:58.234  1395  1480 D VSC     : @ 489837.150: [Significant Motion] Request motion_detect, interval 18446744027136.0 ms, latency 0.0 ms
07-30 13:57:58.234  1395  1480 D VSC     : @ 489837.150: [Significant Motion] Stop accel
07-30 13:57:58.236  1395  1480 D ASH     : @ 489837.152: SensorType 195 resampler quality 2
07-30 13:57:58.782  1382  1382 W binder:1382_3: type=1400 audit(0.0:2536673): avc: denied { write } for name="statsdw" dev="tmpfs" ino=33376 scontext=u:r:hal_camera_default:s0 tcontext=u:object_r:statsdw_socket:s0 tclass=sock_file permissive=0
07-30 13:57:58.785  1382  1382 W binder:1382_3: type=1400 audit(0.0:2536674): avc: denied { write } for name="statsdw" dev="tmpfs" ino=33376 scontext=u:r:hal_camera_default:s0 tcontext=u:object_r:statsdw_socket:s0 tclass=sock_file permissive=0
07-30 13:57:58.792  1382  1382 W binder:1382_3: type=1400 audit(0.0:2536675): avc: denied { write } for name="statsdw" dev="tmpfs" ino=33376 scontext=u:r:hal_camera_default:s0 tcontext=u:object_r:statsdw_socket:s0 tclass=sock_file permissive=0
07-30 13:57:58.798  1382  1382 W binder:1382_3: type=1400 audit(0.0:2536676): avc: denied { write } for name="statsdw" dev="tmpfs" ino=33376 scontext=u:r:hal_camera_default:s0 tcontext=u:object_r:statsdw_socket:s0 tclass=sock_file permissive=0
07-30 13:57:58.802  1382  1382 W binder:1382_3: type=1400 audit(0.0:2536677): avc: denied { write } for name="statsdw" dev="tmpfs" ino=33376 scontext=u:r:hal_camera_default:s0 tcontext=u:object_r:statsdw_socket:s0 tclass=sock_file permissive=0
07-30 13:57:58.996  1395  1480 D VSC     : @ 489837.912: [WO] Proposed rotation: 4, flat angle threshold: 65
07-30 13:57:58.996  1395  1480 D VSC     : @ 489837.912: [WO] orientation angle 358, orientation 4
07-30 13:57:58.996  1395  1480 D VSC     : @ 489837.912: [WO] Gyro angle integrated: 0.138767
07-30 13:57:58.996  1395  1480 D VSC     : @ 489837.912: [WO] Gyro angle integrated: 0.138767
07-30 13:57:59.785  1382  1382 W binder:1382_3: type=1400 audit(0.0:2536859): avc: denied { write } for name="statsdw" dev="tmpfs" ino=33376 scontext=u:r:hal_camera_default:s0 tcontext=u:object_r:statsdw_socket:s0 tclass=sock_file permissive=0
07-30 13:57:59.792  1382  1382 W binder:1382_3: type=1400 audit(0.0:2536860): avc: denied { write } for name="statsdw" dev="tmpfs" ino=33376 scontext=u:r:hal_camera_default:s0 tcontext=u:object_r:statsdw_socket:s0 tclass=sock_file permissive=0
07-30 13:57:59.798  1382  1382 W binder:1382_3: type=1400 audit(0.0:2536861): avc: denied { write } for name="statsdw" dev="tmpfs" ino=33376 scontext=u:r:hal_camera_default:s0 tcontext=u:object_r:statsdw_socket:s0 tclass=sock_file permissive=0
07-30 13:57:59.802  1382  1382 W binder:1382_3: type=1400 audit(0.0:2536862): avc: denied { write } for name="statsdw" dev="tmpfs" ino=33376 scontext=u:r:hal_camera_default:s0 tcontext=u:object_r:statsdw_socket:s0 tclass=sock_file permissive=0
07-30 13:57:59.808  1382  1382 W binder:1382_3: type=1400 audit(0.0:2536863): avc: denied { write } for name="statsdw" dev="tmpfs" ino=33376 scontext=u:r:hal_camera_default:s0 tcontext=u:object_r:statsdw_socket:s0 tclass=sock_file permissive=0
07-30 13:58:00.008  4076  4161 I AiAiEcho: (REDACTED) Predicting[%d]: %s
07-30 13:58:00.010  4076  4161 I AiAiEcho: (REDACTED) EchoTargets: %s
07-30 13:58:00.010  4076  4161 I AiAiEcho: Filtered by AiAi flag check: %s
07-30 13:58:00.012  4076  4161 I AiAiEcho: (REDACTED) Ranked targets strategy: %s, count: %d, ranking metadata: %s
07-30 13:58:00.013  4076  4161 I AiAiEcho: (REDACTED) #weatherTwiddler: Weather removes SubtitleSupplementalItem in surface: %s
07-30 13:58:00.013  4076  4161 I AiAiEcho: #remoteViewsTwiddler: feature disabled.
07-30 13:58:00.015  4076  4161 I AiAiEcho: (REDACTED) Predicting[%d]: %s
07-30 13:58:00.016  4076  4161 I AiAiEcho: (REDACTED) EchoTargets: %s
07-30 13:58:00.016  4076  4161 I AiAiEcho: Filtered by AiAi flag check: %s
07-30 13:58:00.017  4076  4161 I AiAiEcho: (REDACTED) Ranked targets strategy: %s, count: %d, ranking metadata: %s
07-30 13:58:00.018  4076  4161 I AiAiEcho: (REDACTED) #weatherTwiddler: Weather removes SubtitleSupplementalItem in surface: %s
07-30 13:58:00.018  4076  4161 I AiAiEcho: #remoteViewsTwiddler: feature disabled.
07-30 13:58:00.028  4076  4161 I AiAiEcho: (REDACTED) #postPredictionTargets: Sending updates to UISurface %s with targets# %s (types=[%s])
07-30 13:58:00.037  4076  4161 I AiAiEcho: (REDACTED) #postPredictionTargets: Sending updates to UISurface %s with targets# %s (types=[%s])
07-30 13:58:00.041  3253  3253 D SsBaseTemplateCard: No text view can be set up
07-30 13:58:00.043  3253  3253 D SsBaseTemplateCard: Passed-in item info is null
07-30 13:58:00.043  3253  3253 D SsBaseTemplateCard: Passed-in item info is null
07-30 13:58:00.043  3253  3253 I SsBaseTemplateCard: Secondary card pane is null
07-30 13:58:00.051  2874  2874 D SsBaseTemplateCard: No text view can be set up
07-30 13:58:00.052  2874  2874 D SsBaseTemplateCard: Passed-in item info is null
07-30 13:58:00.052  2874  2874 D SsBaseTemplateCard: Passed-in item info is null
07-30 13:58:00.052  2874  2874 I SsBaseTemplateCard: Secondary card pane is null
07-30 13:58:00.255  1395  1480 D CHRE    : @ 489839.171: [ActivityPlatform] type 4, confidence 81
07-30 13:58:00.381  1917  2754 D ConnectivityService: NetReassign [no changes] [c 1] [a 0] [i 5]
07-30 13:58:00.795  1382  1382 W binder:1382_3: type=1400 audit(0.0:2537045): avc: denied { write } for name="statsdw" dev="tmpfs" ino=33376 scontext=u:r:hal_camera_default:s0 tcontext=u:object_r:statsdw_socket:s0 tclass=sock_file permissive=0
07-30 13:58:00.798  1382  1382 W binder:1382_3: type=1400 audit(0.0:2537046): avc: denied { write } for name="statsdw" dev="tmpfs" ino=33376 scontext=u:r:hal_camera_default:s0 tcontext=u:object_r:statsdw_socket:s0 tclass=sock_file permissive=0
07-30 13:58:00.805  1382  1382 W binder:1382_3: type=1400 audit(0.0:2537047): avc: denied { write } for name="statsdw" dev="tmpfs" ino=33376 scontext=u:r:hal_camera_default:s0 tcontext=u:object_r:statsdw_socket:s0 tclass=sock_file permissive=0
07-30 13:58:00.812  1382  1382 W binder:1382_3: type=1400 audit(0.0:2537048): avc: denied { write } for name="statsdw" dev="tmpfs" ino=33376 scontext=u:r:hal_camera_default:s0 tcontext=u:object_r:statsdw_socket:s0 tclass=sock_file permissive=0
07-30 13:58:00.818  1382  1382 W binder:1382_3: type=1400 audit(0.0:2537049): avc: denied { write } for name="statsdw" dev="tmpfs" ino=33376 scontext=u:r:hal_camera_default:s0 tcontext=u:object_r:statsdw_socket:s0 tclass=sock_file permissive=0
07-30 13:58:00.996  1395  1480 D VSC     : @ 489839.912: [WO] Proposed rotation: 4, flat angle threshold: 65
07-30 13:58:00.996  1395  1480 D VSC     : @ 489839.912: [WO] orientation angle 355, orientation 4
07-30 13:58:00.996  1395  1480 D VSC     : @ 489839.912: [WO] Gyro angle integrated: 3.566840
07-30 13:58:00.996  1395  1480 D VSC     : @ 489839.912: [WO] Gyro angle integrated: 3.566840
07-30 13:58:01.348  1395  1480 D VSC     : @ 489840.259: [Significant Motion] Stop motion_detect
07-30 13:58:01.348  1395  1480 D CHRE    : @ 489840.260: InstantMotion
07-30 13:58:01.348  1395  1480 D VSC     : @ 489840.262: [Significant Motion] Request accel, interval 20.0 ms, latency 3200.0 ms
07-30 13:58:01.355  1395  1480 D ASH     : @ 489840.271: SensorType 195 resampler quality 0
07-30 13:58:01.379  1395  1480 D CHRE    : @ 489840.291: MagGyroCal(0)=ON
07-30 13:58:01.436  1395  1480 D ASH     : @ 489840.350: SensorType 195 resampler quality 1
07-30 13:58:01.436  1395  1480 D ASH     : @ 489840.350: SensorType 195 resampler quality 1
07-30 13:58:01.798  1382  1382 W binder:1382_3: type=1400 audit(0.0:2537231): avc: denied { write } for name="statsdw" dev="tmpfs" ino=33376 scontext=u:r:hal_camera_default:s0 tcontext=u:object_r:statsdw_socket:s0 tclass=sock_file permissive=0
07-30 13:58:01.805  1382  1382 W binder:1382_3: type=1400 audit(0.0:2537232): avc: denied { write } for name="statsdw" dev="tmpfs" ino=33376 scontext=u:r:hal_camera_default:s0 tcontext=u:object_r:statsdw_socket:s0 tclass=sock_file permissive=0
07-30 13:58:01.808  1382  1382 W binder:1382_3: type=1400 audit(0.0:2537233): avc: denied { write } for name="statsdw" dev="tmpfs" ino=33376 scontext=u:r:hal_camera_default:s0 tcontext=u:object_r:statsdw_socket:s0 tclass=sock_file permissive=0
07-30 13:58:01.818  1382  1382 W binder:1382_3: type=1400 audit(0.0:2537234): avc: denied { write } for name="statsdw" dev="tmpfs" ino=33376 scontext=u:r:hal_camera_default:s0 tcontext=u:object_r:statsdw_socket:s0 tclass=sock_file permissive=0
07-30 13:58:01.822  1382  1382 W binder:1382_3: type=1400 audit(0.0:2537235): avc: denied { write } for name="statsdw" dev="tmpfs" ino=33376 scontext=u:r:hal_camera_default:s0 tcontext=u:object_r:statsdw_socket:s0 tclass=sock_file permissive=0
07-30 13:58:02.802  1382  1382 W binder:1382_3: type=1400 audit(0.0:2537417): avc: denied { write } for name="statsdw" dev="tmpfs" ino=33376 scontext=u:r:hal_camera_default:s0 tcontext=u:object_r:statsdw_socket:s0 tclass=sock_file permissive=0
07-30 13:58:02.808  1382  1382 W binder:1382_3: type=1400 audit(0.0:2537418): avc: denied { write } for name="statsdw" dev="tmpfs" ino=33376 scontext=u:r:hal_camera_default:s0 tcontext=u:object_r:statsdw_socket:s0 tclass=sock_file permissive=0
07-30 13:58:02.815  1382  1382 W binder:1382_3: type=1400 audit(0.0:2537419): avc: denied { write } for name="statsdw" dev="tmpfs" ino=33376 scontext=u:r:hal_camera_default:s0 tcontext=u:object_r:statsdw_socket:s0 tclass=sock_file permissive=0
07-30 13:58:02.818  1382  1382 W binder:1382_3: type=1400 audit(0.0:2537420): avc: denied { write } for name="statsdw" dev="tmpfs" ino=33376 scontext=u:r:hal_camera_default:s0 tcontext=u:object_r:statsdw_socket:s0 tclass=sock_file permissive=0
07-30 13:58:02.825  1382  1382 W binder:1382_3: type=1400 audit(0.0:2537421): avc: denied { write } for name="statsdw" dev="tmpfs" ino=33376 scontext=u:r:hal_camera_default:s0 tcontext=u:object_r:statsdw_socket:s0 tclass=sock_file permissive=0
07-30 13:58:02.995  1395  1480 D VSC     : @ 489841.911: [WO] Proposed rotation: 0, flat angle threshold: 65
07-30 13:58:02.995  1395  1480 D VSC     : @ 489841.911: [WO] orientation angle 12, orientation 0
07-30 13:58:02.995  1395  1480 D VSC     : @ 489841.911: [WO] Gyro angle integrated: 119.080230
07-30 13:58:03.409  1917  2754 D ConnectivityService: NetReassign [no changes] [c 1] [a 0] [i 5]
07-30 13:58:03.534  1395  1480 D CHRE    : @ 489842.450: [ActivityPlatform] type 4, confidence 77
07-30 13:58:03.812  1382  1382 W binder:1382_3: type=1400 audit(0.0:2537604): avc: denied { write } for name="statsdw" dev="tmpfs" ino=33376 scontext=u:r:hal_camera_default:s0 tcontext=u:object_r:statsdw_socket:s0 tclass=sock_file permissive=0
07-30 13:58:03.815  1382  1382 W binder:1382_3: type=1400 audit(0.0:2537605): avc: denied { write } for name="statsdw" dev="tmpfs" ino=33376 scontext=u:r:hal_camera_default:s0 tcontext=u:object_r:statsdw_socket:s0 tclass=sock_file permissive=0
07-30 13:58:03.825  1382  1382 W binder:1382_3: type=1400 audit(0.0:2537606): avc: denied { write } for name="statsdw" dev="tmpfs" ino=33376 scontext=u:r:hal_camera_default:s0 tcontext=u:object_r:statsdw_socket:s0 tclass=sock_file permissive=0
07-30 13:58:03.828  1382  1382 W binder:1382_3: type=1400 audit(0.0:2537607): avc: denied { write } for name="statsdw" dev="tmpfs" ino=33376 scontext=u:r:hal_camera_default:s0 tcontext=u:object_r:statsdw_socket:s0 tclass=sock_file permissive=0
07-30 13:58:03.832  1382  1382 W binder:1382_3: type=1400 audit(0.0:2537608): avc: denied { write } for name="statsdw" dev="tmpfs" ino=33376 scontext=u:r:hal_camera_default:s0 tcontext=u:object_r:statsdw_socket:s0 tclass=sock_file permissive=0
07-30 13:58:04.712   707   745 I BpBinder: onLastStrongRef automatically unlinking death recipients: <uncached descriptor>
07-30 13:58:04.724 22421 10132 E OpenGLRenderer: Unable to match the desired swap behavior.
07-30 13:58:04.732  3253  4422 E OpenGLRenderer: Unable to match the desired swap behavior.
07-30 13:58:04.775  1917  3213 I InputDispatcher: Channel [Gesture Monitor] swipe-up (server) is stealing touch from [9eecf92 com.jcarpenter1.expootaexclusionrepro/com.jcarpenter1.expootaexclusionrepro.MainActivity (server), [Gesture Monitor] edge-swipe (server)]
07-30 13:58:04.776  3253  3253 I LatencyTracker: ACTION_TOGGLE_RECENTS latency=46
