07-30 13:58:04.778  2874  2874 I vol.VolumeDialogImpl: mDialog.dismiss() reason: volume_controller from: com.android.systemui.volume.VolumeDialogImpl$7.onDismissRequested:2
07-30 13:58:04.810  1917  2092 V WindowManager: Unknown focus tokens, dropping reportFocusChanged
07-30 13:58:04.819  2692  2696 I native  : I0000 00:00:1722369484.819175    2696 tf_lite_classifier.cc:400] Event stream classified as kNone
07-30 13:58:04.815  1382  1382 W binder:1382_3: type=1400 audit(0.0:2537791): avc: denied { write } for name="statsdw" dev="tmpfs" ino=33376 scontext=u:r:hal_camera_default:s0 tcontext=u:object_r:statsdw_socket:s0 tclass=sock_file permissive=0
07-30 13:58:04.822  1382  1382 W binder:1382_3: type=1400 audit(0.0:2537792): avc: denied { write } for name="statsdw" dev="tmpfs" ino=33376 scontext=u:r:hal_camera_default:s0 tcontext=u:object_r:statsdw_socket:s0 tclass=sock_file permissive=0
07-30 13:58:04.825  1382  1382 W binder:1382_3: type=1400 audit(0.0:2537793): avc: denied { write } for name="statsdw" dev="tmpfs" ino=33376 scontext=u:r:hal_camera_default:s0 tcontext=u:object_r:statsdw_socket:s0 tclass=sock_file permissive=0
07-30 13:58:04.832  1382  1382 W binder:1382_3: type=1400 audit(0.0:2537794): avc: denied { write } for name="statsdw" dev="tmpfs" ino=33376 scontext=u:r:hal_camera_default:s0 tcontext=u:object_r:statsdw_socket:s0 tclass=sock_file permissive=0
07-30 13:58:04.835  1382  1382 W binder:1382_3: type=1400 audit(0.0:2537795): avc: denied { write } for name="statsdw" dev="tmpfs" ino=33376 scontext=u:r:hal_camera_default:s0 tcontext=u:object_r:statsdw_socket:s0 tclass=sock_file permissive=0
07-30 13:58:04.901  1906  1932 I ActiveUnlock: (REDACTED) StorageMediator database state changed from %s to %s
07-30 13:58:04.902  1906  1932 I ActiveUnlock: (REDACTED) StorageMediator database state changed from %s to %s
07-30 13:58:04.988  1395  1480 D VSC     : @ 489843.905: [WO] Proposed rotation: 0, flat angle threshold: 65
07-30 13:58:04.989  1395  1480 D VSC     : @ 489843.905: [WO] orientation angle 0, orientation 0
07-30 13:58:04.989  1395  1480 D VSC     : @ 489843.905: [WO] Gyro angle integrated: 8.334471
07-30 13:58:04.989  1395  1480 D VSC     : @ 489843.905: [WO] Gyro angle integrated: 8.334471
07-30 13:58:05.042  1917  2089 I LatencyTracker: ACTION_START_RECENTS_ANIMATION latency=45
07-30 13:58:05.371  1395  1395 I sensors-hal: [hal]batch_physical_sensor:319, android.sensor.accelerometer/11, period=200000000, max_latency=0
07-30 13:58:05.371  1395  1395 I sensors-hal: [sensor]set_config:64, sample_period_ns is adjusted to 200000000 based on min/max delay_ns
07-30 13:58:05.371  1395  1395 I sensors-hal: [hal]batch_physical_sensor:328, android.sensor.accelerometer/11, period=200000000, max_latency=0 request completed
07-30 13:58:05.371  1395  1395 I sensors-hal: [hal]flush_physical_sensor:360, android.sensor.accelerometer/11
07-30 13:58:05.371  1395  1395 I sensors-hal: [hal]flush_physical_sensor:366, android.sensor.accelerometer/11 completed
07-30 13:58:05.374  1395 28095 I sensors-hal: [ssc_sensor]ssc_conn_resp_cb:685, resp_value = 0
07-30 13:58:05.374  1395 28095 I sensors-hal: [ssc_sensor]ssc_conn_resp_cb:685, resp_value = 0
07-30 13:58:05.547  2692  2696 I native  : I0000 00:00:1722369485.547942    2696 tf_lite_classifier.cc:400] Event stream classified as kNone
07-30 13:58:05.789  1917  3213 I ActivityManager: PendingStartActivityUids startActivity to updateOomAdj delay:1077ms, uid:10154
07-30 13:58:05.818  1382  1382 W binder:1382_3: type=1400 audit(0.0:2537984): avc: denied { write } for name="statsdw" dev="tmpfs" ino=33376 scontext=u:r:hal_camera_default:s0 tcontext=u:object_r:statsdw_socket:s0 tclass=sock_file permissive=0
07-30 13:58:05.825  1382  1382 W binder:1382_3: type=1400 audit(0.0:2537985): avc: denied { write } for name="statsdw" dev="tmpfs" ino=33376 scontext=u:r:hal_camera_default:s0 tcontext=u:object_r:statsdw_socket:s0 tclass=sock_file permissive=0
07-30 13:58:05.832  1382  1382 W binder:1382_3: type=1400 audit(0.0:2537986): avc: denied { write } for name="statsdw" dev="tmpfs" ino=33376 scontext=u:r:hal_camera_default:s0 tcontext=u:object_r:statsdw_socket:s0 tclass=sock_file permissive=0
07-30 13:58:05.835  1382  1382 W binder:1382_3: type=1400 audit(0.0:2537987): avc: denied { write } for name="statsdw" dev="tmpfs" ino=33376 scontext=u:r:hal_camera_default:s0 tcontext=u:object_r:statsdw_socket:s0 tclass=sock_file permissive=0
07-30 13:58:05.842  1382  1382 W binder:1382_3: type=1400 audit(0.0:2537988): avc: denied { write } for name="statsdw" dev="tmpfs" ino=33376 scontext=u:r:hal_camera_default:s0 tcontext=u:object_r:statsdw_socket:s0 tclass=sock_file permissive=0
07-30 13:58:05.918  3253  3311 D QuickstepModelDelegate: notifyAppTargetEvent action=1 launchLocation=
07-30 13:58:05.919  1917  4228 E AppSearchIcing: document-store.cc:1099:
07-30 13:58:05.919  1917  4228 W AppSearchIcing: icing-search-engine.cc:317: Error: 5, Message: Document (com.google.android.googlequicksearchbox$OneSearchZeroStateGoogleSuggestions/default, zp) not found.
07-30 13:58:05.919 22421 22421 I A       : onStart
07-30 13:58:05.921  3253  4519 E OneSearchSuggestProvider: Failed to fetch suggestions from AppSearch, fallback to AGA
07-30 13:58:05.921  3253  4519 E OneSearchSuggestProvider: java.util.concurrent.CompletionException: java.util.NoSuchElementException: No value present
07-30 13:58:05.921  3253  4519 E OneSearchSuggestProvider: 	at java.util.concurrent.CompletableFuture.encodeThrowable(CompletableFuture.java:308)
07-30 13:58:05.921  3253  4519 E OneSearchSuggestProvider: 	at java.util.concurrent.CompletableFuture.completeThrowable(CompletableFuture.java:323)
07-30 13:58:05.921  3253  4519 E OneSearchSuggestProvider: 	at java.util.concurrent.CompletableFuture$UniAccept.tryFire(CompletableFuture.java:684)
07-30 13:58:05.921  3253  4519 E OneSearchSuggestProvider: 	at java.util.concurrent.CompletableFuture.postComplete(CompletableFuture.java:486)
07-30 13:58:05.921  3253  4519 E OneSearchSuggestProvider: 	at java.util.concurrent.CompletableFuture.completeExceptionally(CompletableFuture.java:2138)
07-30 13:58:05.921  3253  4519 E OneSearchSuggestProvider: 	at com.google.android.apps.nexuslauncher.allapps.K.onResult(Unknown Source:59)
07-30 13:58:05.921  3253  4519 E OneSearchSuggestProvider: 	at android.app.appsearch.SearchSessionUtil$1.lambda$onResult$0(SearchSessionUtil.java:129)
07-30 13:58:05.921  3253  4519 E OneSearchSuggestProvider: 	at android.app.appsearch.SearchSessionUtil$1.$r8$lambda$_nlk9WiPjSfaAsqKYmp0aPvSRC0(SearchSessionUtil.java:1)
07-30 13:58:05.921  3253  4519 E OneSearchSuggestProvider: 	at android.app.appsearch.SearchSessionUtil$1$$ExternalSyntheticLambda0.run(R8$$SyntheticClass:13)
07-30 13:58:05.921  3253  4519 E OneSearchSuggestProvider: 	at android.os.Handler.handleCallback(Handler.java:942)
07-30 13:58:05.921  3253  4519 E OneSearchSuggestProvider: 	at android.os.Handler.dispatchMessage(Handler.java:99)
07-30 13:58:05.921  3253  4519 E OneSearchSuggestProvider: 	at android.os.Looper.loopOnce(Looper.java:201)
07-30 13:58:05.921  3253  4519 E OneSearchSuggestProvider: 	at android.os.Looper.loop(Looper.java:288)
07-30 13:58:05.921  3253  4519 E OneSearchSuggestProvider: 	at android.os.HandlerThread.run(HandlerThread.java:67)
07-30 13:58:05.921  3253  4519 E OneSearchSuggestProvider: Caused by: java.util.NoSuchElementException: No value present
07-30 13:58:05.921  3253  4519 E OneSearchSuggestProvider: 	at java.util.Optional.get(Optional.java:144)
07-30 13:58:05.921  3253  4519 E OneSearchSuggestProvider: 	at com.google.android.apps.nexuslauncher.allapps.K.onResult(Unknown Source:16)
07-30 13:58:05.921  3253  4519 E OneSearchSuggestProvider: 	... 8 more
07-30 13:58:05.922  3253  4519 D OneSearchSuggestProvider: Created the binder channel successfully for end point service =com.google.android.apps.search.googleapp.search.suggest.plugins.onesearch.server.OneSearchSuggestService , mChannel=Q0{delegate=L0{logId=45, target=directaddress:///AndroidComponentAddress%5BIntent%20%7B%20act=grpc.io.action.BIND%20cmp=com.google.android.googlequicksearchbox/com.google.android.apps.search.googleapp.search.suggest.plugins.onesearch.server.OneSearchSuggestService%20%7D%5D}} , mOneSearchConnection=y1.J@9f8af01
07-30 13:58:05.927 22421 22421 I A       : onResume
07-30 13:58:05.929  4076  4161 I AiAiEcho: (REDACTED) Predicting[%d]: %s
07-30 13:58:05.930  4076  4161 I AiAiEcho: (REDACTED) EchoTargets: %s
07-30 13:58:05.930  4076  4161 I AiAiEcho: Filtered by AiAi flag check: %s
07-30 13:58:05.931  4076  4161 I AiAiEcho: (REDACTED) Ranked targets strategy: %s, count: %d, ranking metadata: %s
07-30 13:58:05.932  4076  4161 I AiAiEcho: (REDACTED) #weatherTwiddler: Weather removes SubtitleSupplementalItem in surface: %s
07-30 13:58:05.932  4076  4161 I AiAiEcho: #remoteViewsTwiddler: feature disabled.
07-30 13:58:05.937  1917  3201 W AutofillManagerServiceImpl: getFillEventHistory() called by UID 10135, but service UID is 10147
07-30 13:58:05.938  4076  4161 I AiAiEcho: (REDACTED) #postPredictionTargets: Sending updates to UISurface %s with targets# %s (types=[%s])
07-30 13:58:05.941 22421 22421 I A       : (REDACTED) Created gRPC endpoint for service %s
07-30 13:58:05.943  3253  3253 I AiAiSuggestUi: Clearing suggestions.
07-30 13:58:05.943  3253  3253 I AiAiSuggestUi: Clearing suggestions.
07-30 13:58:05.945  3253  3253 D SsBaseTemplateCard: No text view can be set up
07-30 13:58:05.945  3253  3253 D SsBaseTemplateCard: Passed-in item info is null
07-30 13:58:05.945  3253  3253 D SsBaseTemplateCard: Passed-in item info is null
07-30 13:58:05.945  3253  3253 I SsBaseTemplateCard: Secondary card pane is null
07-30 13:58:05.952  1395  1395 I sensors-hal: [hal]batch_physical_sensor:319, android.sensor.accelerometer/11, period=200000000, max_latency=2000000000
07-30 13:58:05.952  1395  1395 I sensors-hal: [sensor]set_config:64, sample_period_ns is adjusted to 200000000 based on min/max delay_ns
07-30 13:58:05.952  1395  1395 I sensors-hal: [hal]batch_physical_sensor:328, android.sensor.accelerometer/11, period=200000000, max_latency=2000000000 request completed
07-30 13:58:05.953  1395 28095 I sensors-hal: [ssc_sensor]ssc_conn_resp_cb:685, resp_value = 0
07-30 13:58:05.953 32724 32765 I ReactNativeJNI: Memory warning (pressure level: TRIM_MEMORY_UI_HIDDEN) received by JS VM, ignoring because it's non-severe
07-30 13:58:05.954 17875 17875 I GoogleInputMethodService: GoogleInputMethodService.onFinishInput():3157
07-30 13:58:05.955 17875 17875 I GoogleInputMethodService: GoogleInputMethodService.updateDeviceLockedStatus():2248 repeatCheckTimes = 0, locked = false
07-30 13:58:05.956 17875 17875 I GoogleInputMethodService: GoogleInputMethodService.onStartInput():1986 onStartInput(EditorInfo{EditorInfo{packageName=com.google.android.apps.nexuslauncher, inputType=0, inputTypeString=NULL, enableLearning=false, autoCorrection=false, autoComplete=false, imeOptions=0, privateImeOptions=null, actionName=UNSPECIFIED, actionLabel=null, initialSelStart=-1, initialSelEnd=-1, initialCapsMode=0, label=null, fieldId=-1, fieldName=null, extras=null, hintText=null, hintLocales=[]}}, false)
07-30 13:58:05.957 17875 17875 I GoogleInputMethodService: GoogleInputMethodService.updateDeviceLockedStatus():2248 repeatCheckTimes = 1, locked = false
07-30 13:58:05.958 17875 17875 I AndroidIME: InputBundleManager.loadActiveInputBundleId():450 loadActiveInputBundleId: und-Latn-x-password, password
07-30 13:58:06.044  1917  2092 I ActivityManager: Killing 32724:com.jcarpenter1.expootaexclusionrepro/u0a481 (adj 905): remove task
07-30 13:58:06.050  1917  2125 I libprocessgroup: Successfully killed process cgroup uid 10481 pid 32724 in 5ms
07-30 13:58:06.083  1917  3279 I WindowManager: WIN DEATH: Window{9eecf92 u0 com.jcarpenter1.expootaexclusionrepro/com.jcarpenter1.expootaexclusionrepro.MainActivity}
07-30 13:58:06.083  1917  3279 W InputManager-JNI: Input channel object '9eecf92 com.jcarpenter1.expootaexclusionrepro/com.jcarpenter1.expootaexclusionrepro.MainActivity (client)' was disposed without first being removed with the input manager!
07-30 13:58:06.084  1353  1353 I Zygote  : Process 32724 exited due to signal 9 (Killed)
07-30 13:58:06.091  1917  2092 W ActivityManager: setHasOverlayUi called on unknown pid: 32724
07-30 13:58:06.091  1917  2104 W UsageStatsService: Unexpected activity event reported! (com.jcarpenter1.expootaexclusionrepro/com.jcarpenter1.expootaexclusionrepro.MainActivity event : 23 instanceId : 132525783)
07-30 13:58:06.422  3118  3913 D QCNEJ/WlanStaInfoRelay: Received action: android.net.wifi.RSSI_CHANGED
07-30 13:58:06.433  3753  3813 D DeviceStateHelper: Wifi freq: 5805
07-30 13:58:06.440  1906  5992 I ChimeraSrvcProxy: NullBinder for android.net.action.RECOMMEND_NETWORKS triggering remote TransactionTooLargeException due to Service without Chimera impl
07-30 13:58:06.441  1906  5992 W .gms.persistent: Large reply transaction of 1056768 bytes, interface descriptor , code 1
07-30 13:58:06.446  1917  2754 D ConnectivityService: NetReassign [no changes] [c 0] [a 0] [i 2]
07-30 13:58:06.703  2692  2696 I native  : I0000 00:00:1722369486.703409    2696 tf_lite_classifier.cc:400] Event stream classified as kNone
07-30 13:58:06.707  1917  4377 D CompatibilityChangeReporter: Compat change id reported: 161252188; UID 10481; state: DISABLED
07-30 13:58:06.707  1917  4377 I ActivityTaskManager: START u0 {act=android.intent.action.MAIN cat=[android.intent.category.LAUNCHER] flg=0x10200000 cmp=com.jcarpenter1.expootaexclusionrepro/.MainActivity bnds=[663,1813][820,1990]} from uid 10154
07-30 13:58:06.708  1917  4377 D CompatibilityChangeReporter: Compat change id reported: 265464455; UID 10481; state: DISABLED
07-30 13:58:06.709  1917  4377 D CompatibilityChangeReporter: Compat change id reported: 265452344; UID 10481; state: DISABLED
07-30 13:58:06.709  1917  4377 D CompatibilityChangeReporter: Compat change id reported: 266124927; UID 10481; state: DISABLED
07-30 13:58:06.709  1917  4377 D CompatibilityChangeReporter: Compat change id reported: 265451093; UID 10481; state: DISABLED
07-30 13:58:06.709  1917  4377 D CompatibilityChangeReporter: Compat change id reported: 265456536; UID 10481; state: DISABLED
07-30 13:58:06.709  1917  4377 D CompatibilityChangeReporter: Compat change id reported: 255940284; UID 10481; state: DISABLED
07-30 13:58:06.709  1917  4377 D CompatibilityChangeReporter: Compat change id reported: 236283604; UID 10481; state: DISABLED
07-30 13:58:06.709  1917  4377 D CompatibilityChangeReporter: Compat change id reported: 263959004; UID 10481; state: DISABLED
07-30 13:58:06.710  1917  4377 D CompatibilityChangeReporter: Compat change id reported: 264304459; UID 10481; state: DISABLED
07-30 13:58:06.710  1917  4377 D CompatibilityChangeReporter: Compat change id reported: 264301586; UID 10481; state: DISABLED
07-30 13:58:06.710  1917  4377 D CompatibilityChangeReporter: Compat change id reported: 254631730; UID 10481; state: DISABLED
07-30 13:58:06.710  1917  4377 D CompatibilityChangeReporter: Compat change id reported: 273509367; UID 10481; state: DISABLED
07-30 13:58:06.710  1917  4377 D CompatibilityChangeReporter: Compat change id reported: 263259275; UID 10481; state: DISABLED
07-30 13:58:06.711  1917  4377 D CompatibilityChangeReporter: Compat change id reported: 194480991; UID 10481; state: ENABLED
07-30 13:58:06.711  1917  4377 D CompatibilityChangeReporter: Compat change id reported: 174042980; UID 10481; state: DISABLED
07-30 13:58:06.715  1917  4377 D CompatibilityChangeReporter: Compat change id reported: 184838306; UID 10481; state: DISABLED
07-30 13:58:06.715  1917  4377 D CompatibilityChangeReporter: Compat change id reported: 185004937; UID 10481; state: DISABLED
07-30 13:58:06.716  1917  4377 D CompatibilityChangeReporter: Compat change id reported: 181136395; UID 10481; state: DISABLED
07-30 13:58:06.716  1917  4377 D CompatibilityChangeReporter: Compat change id reported: 174042936; UID 10481; state: DISABLED
07-30 13:58:06.718  1917  4377 D CompatibilityChangeReporter: Compat change id reported: 197654537; UID 10481; state: ENABLED
07-30 13:58:06.720  1917  4377 D CompatibilityChangeReporter: Compat change id reported: 205907456; UID 10481; state: ENABLED
07-30 13:58:06.725  1917  4377 D CompatibilityChangeReporter: Compat change id reported: 194833441; UID 10481; state: ENABLED
07-30 13:58:06.726  1917  2092 D CompatibilityChangeReporter: Compat change id reported: 135634846; UID 10481; state: DISABLED
07-30 13:58:06.726  1917  2092 D CompatibilityChangeReporter: Compat change id reported: 177438394; UID 10481; state: DISABLED
07-30 13:58:06.726  1917  2092 D CompatibilityChangeReporter: Compat change id reported: 135772972; UID 10481; state: DISABLED
07-30 13:58:06.726  1917  2092 D CompatibilityChangeReporter: Compat change id reported: 135754954; UID 10481; state: ENABLED
07-30 13:58:06.726  1917  2106 D CompatibilityChangeReporter: Compat change id reported: 143937733; UID 10481; state: ENABLED
07-30 13:58:06.728  2874  2935 W Parcel  : Expecting binder but got null!
07-30 13:58:06.729  1917  4377 D CompatibilityChangeReporter: Compat change id reported: 168419799; UID 10481; state: DISABLED
07-30 13:58:06.729  1917  4377 D CompatibilityChangeReporter: Compat change id reported: 273564678; UID 10481; state: DISABLED
07-30 13:58:06.734  1353  1353 D Zygote  : Forked child process 349
07-30 13:58:06.734  3253  3311 D QuickstepModelDelegate: notifyAppTargetEvent action=1 launchLocation=predictions/hotseat
07-30 13:58:06.734  1917  3279 D CoreBackPreview: Window{2400002 u0 Splash Screen com.jcarpenter1.expootaexclusionrepro}: Setting back callback OnBackInvokedCallbackInfo{mCallback=android.window.IOnBackInvokedCallback$Stub$Proxy@f3fa149, mPriority=0}
07-30 13:58:06.734  1917  2106 I ActivityManager: Start proc 349:com.jcarpenter1.expootaexclusionrepro/u0a481 for next-top-activity {com.jcarpenter1.expootaexclusionrepro/com.jcarpenter1.expootaexclusionrepro.MainActivity}
07-30 13:58:06.738  1917  4360 W AutofillManagerServiceImpl: getFillEventHistory() called by UID 10135, but service UID is 10147
07-30 13:58:06.739  2874  2935 E OpenGLRenderer: Unable to match the desired swap behavior.
07-30 13:58:06.739  1395  1480 D CHRE    : @ 489845.656: [ActivityPlatform] type 4, confidence 84
07-30 13:58:06.746   349   349 I aexclusionrepro: Using CollectorTypeCC GC.
07-30 13:58:06.749   349   349 E aexclusionrepro: Not starting debugger since process cannot load the jdwp agent.
07-30 13:58:06.764   349   349 D CompatibilityChangeReporter: Compat change id reported: 171979766; UID 10481; state: ENABLED
07-30 13:58:06.775   349   349 D nativeloader: Configuring clns-4 for other apk /data/app/~~NfLuExn4uH56SsxBgVKQgQ==/com.jcarpenter1.expootaexclusionrepro-qBr5yS93gDrON2zDImzzIg==/base.apk. target_sdk_version=34, uses_libraries=, library_path=/data/app/~~NfLuExn4uH56SsxBgVKQgQ==/com.jcarpenter1.expootaexclusionrepro-qBr5yS93gDrON2zDImzzIg==/lib/arm64:/data/app/~~NfLuExn4uH56SsxBgVKQgQ==/com.jcarpenter1.expootaexclusionrepro-qBr5yS93gDrON2zDImzzIg==/base.apk!/lib/arm64-v8a, permitted_path=/data:/mnt/expand:/data/user/0/com.jcarpenter1.expootaexclusionrepro
07-30 13:58:06.781   349   349 V GraphicsEnvironment: ANGLE Developer option for 'com.jcarpenter1.expootaexclusionrepro' set to: 'default'
07-30 13:58:06.781   349   349 V GraphicsEnvironment: ANGLE GameManagerService for com.jcarpenter1.expootaexclusionrepro: false
07-30 13:58:06.782   349   349 V GraphicsEnvironment: Updatable production driver is not supported on the device.
07-30 13:58:06.783   349   349 D NetworkSecurityConfig: No Network Security Config specified, using platform default
07-30 13:58:06.784   349   349 D NetworkSecurityConfig: No Network Security Config specified, using platform default
07-30 13:58:06.798   349   349 V SoLoader: Init SoLoader delegate
07-30 13:58:06.803   349   349 D AppCompatDelegate: Checking for metadata for AppLocalesMetadataHolderService : Service not found
07-30 13:58:06.818  1382  1382 W binder:1382_3: type=1400 audit(0.0:2538172): avc: denied { write } for name="statsdw" dev="tmpfs" ino=33376 scontext=u:r:hal_camera_default:s0 tcontext=u:object_r:statsdw_socket:s0 tclass=sock_file permissive=0
07-30 13:58:06.825  1382  1382 W binder:1382_3: type=1400 audit(0.0:2538173): avc: denied { write } for name="statsdw" dev="tmpfs" ino=33376 scontext=u:r:hal_camera_default:s0 tcontext=u:object_r:statsdw_socket:s0 tclass=sock_file permissive=0
07-30 13:58:06.832 22421 22421 I A       : onPause
07-30 13:58:06.832  1382  1382 W binder:1382_3: type=1400 audit(0.0:2538174): avc: denied { write } for name="statsdw" dev="tmpfs" ino=33376 scontext=u:r:hal_camera_default:s0 tcontext=u:object_r:statsdw_socket:s0 tclass=sock_file permissive=0
07-30 13:58:06.835  1382  1382 W binder:1382_3: type=1400 audit(0.0:2538175): avc: denied { write } for name="statsdw" dev="tmpfs" ino=33376 scontext=u:r:hal_camera_default:s0 tcontext=u:object_r:statsdw_socket:s0 tclass=sock_file permissive=0
07-30 13:58:06.842  1382  1382 W binder:1382_3: type=1400 audit(0.0:2538176): avc: denied { write } for name="statsdw" dev="tmpfs" ino=33376 scontext=u:r:hal_camera_default:s0 tcontext=u:object_r:statsdw_socket:s0 tclass=sock_file permissive=0
07-30 13:58:06.846 22421 22602 V ClearcutMetricXmitter: Transmission is done.
07-30 13:58:06.899   349   349 D CompatibilityChangeReporter: Compat change id reported: 237531167; UID 10481; state: DISABLED
07-30 13:58:06.907   349   460 W Parcel  : Expecting binder but got null!
07-30 13:58:06.913  1917  4361 D CoreBackPreview: Window{ad32103 u0 com.jcarpenter1.expootaexclusionrepro/com.jcarpenter1.expootaexclusionrepro.MainActivity}: Setting back callback OnBackInvokedCallbackInfo{mCallback=android.window.IOnBackInvokedCallback$Stub$Proxy@366eb9, mPriority=0}
07-30 13:58:06.921   349   464 I dev.expo.updates: {"timestamp":1722369486921,"message":"embeddedAssetFileMap: embeddedAssets count = 18","code":"None","level":"info"}
07-30 13:58:06.922   349   464 I dev.expo.updates: {"timestamp":1722369486922,"message":"embeddedAssetFileMap: 778ffc9fe8773a878e9c30a6304784de,png => file:\/\/\/data\/user\/0\/com.jcarpenter1.expootaexclusionrepro\/files\/.expo-internal\/778ffc9fe8773a878e9c30a6304784de.png","code":"None","level":"info"}
07-30 13:58:06.923   349   464 I dev.expo.updates: {"timestamp":1722369486923,"message":"embeddedAssetFileMap: 376d6a4c7f622917c39feb23671ef71d,png => file:\/\/\/data\/user\/0\/com.jcarpenter1.expootaexclusionrepro\/files\/.expo-internal\/376d6a4c7f622917c39feb23671ef71d.png","code":"None","level":"info"}
07-30 13:58:06.924   349   464 I dev.expo.updates: {"timestamp":1722369486924,"message":"embeddedAssetFileMap: c79c3606a1cf168006ad3979763c7e0c,png => file:\/\/\/data\/user\/0\/com.jcarpenter1.expootaexclusionrepro\/files\/.expo-internal\/c79c3606a1cf168006ad3979763c7e0c.png","code":"None","level":"info"}
07-30 13:58:06.925   349   464 I dev.expo.updates: {"timestamp":1722369486925,"message":"embeddedAssetFileMap: 02bc1fa7c0313217bde2d65ccbff40c9,png => file:\/\/\/data\/user\/0\/com.jcarpenter1.expootaexclusionrepro\/files\/.expo-internal\/02bc1fa7c0313217bde2d65ccbff40c9.png","code":"None","level":"info"}
07-30 13:58:06.926   349   464 I dev.expo.updates: {"timestamp":1722369486925,"message":"embeddedAssetFileMap: 35ba0eaec5a4f5ed12ca16fabeae451d,png => file:\/\/\/data\/user\/0\/com.jcarpenter1.expootaexclusionrepro\/files\/.expo-internal\/35ba0eaec5a4f5ed12ca16fabeae451d.png","code":"None","level":"info"}
07-30 13:58:06.927   349   464 I dev.expo.updates: {"timestamp":1722369486926,"message":"embeddedAssetFileMap: 5223c8d9b0d08b82a5670fb5f71faf78,png => file:\/\/\/data\/user\/0\/com.jcarpenter1.expootaexclusionrepro\/files\/.expo-internal\/5223c8d9b0d08b82a5670fb5f71faf78.png","code":"None","level":"info"}
07-30 13:58:06.927   349   464 I dev.expo.updates: {"timestamp":1722369486927,"message":"embeddedAssetFileMap: 563d5e3294b67811d0a1aede6f601e30,png => file:\/\/\/data\/user\/0\/com.jcarpenter1.expootaexclusionrepro\/files\/.expo-internal\/563d5e3294b67811d0a1aede6f601e30.png","code":"None","level":"info"}
07-30 13:58:06.928   349   464 I dev.expo.updates: {"timestamp":1722369486928,"message":"embeddedAssetFileMap: b6c297a501e289394b0bc5dc69c265e6,png => file:\/\/\/data\/user\/0\/com.jcarpenter1.expootaexclusionrepro\/files\/.expo-internal\/b6c297a501e289394b0bc5dc69c265e6.png","code":"None","level":"info"}
07-30 13:58:06.929   349   464 I dev.expo.updates: {"timestamp":1722369486929,"message":"embeddedAssetFileMap: 5974eb3e1c5314e8d5a822702d7d0740,png => file:\/\/\/data\/user\/0\/com.jcarpenter1.expootaexclusionrepro\/files\/.expo-internal\/5974eb3e1c5314e8d5a822702d7d0740.png","code":"None","level":"info"}
07-30 13:58:06.930   349   464 I dev.expo.updates: {"timestamp":1722369486930,"message":"embeddedAssetFileMap: 9d9c5644f55c2f6e4b7f247c378b2fe9,png => file:\/\/\/data\/user\/0\/com.jcarpenter1.expootaexclusionrepro\/files\/.expo-internal\/9d9c5644f55c2f6e4b7f247c378b2fe9.png","code":"None","level":"info"}
07-30 13:58:06.931   349   464 I dev.expo.updates: {"timestamp":1722369486931,"message":"embeddedAssetFileMap: 6148e7019854f3bde85b633cb88f3c25,ttf => file:\/\/\/data\/user\/0\/com.jcarpenter1.expootaexclusionrepro\/files\/.expo-internal\/6148e7019854f3bde85b633cb88f3c25.ttf","code":"None","level":"info"}
07-30 13:58:06.932   349   464 I dev.expo.updates: {"timestamp":1722369486932,"message":"embeddedAssetFileMap: 695d5a1c6f29a689130f3aaa573aec6e,png => file:\/\/\/data\/user\/0\/com.jcarpenter1.expootaexclusionrepro\/files\/.expo-internal\/695d5a1c6f29a689130f3aaa573aec6e.png","code":"None","level":"info"}
07-30 13:58:06.933   349   464 I dev.expo.updates: {"timestamp":1722369486932,"message":"embeddedAssetFileMap: b507e7f2c91ebc8fe24dee79ccb3b600,png => file:\/\/\/data\/user\/0\/com.jcarpenter1.expootaexclusionrepro\/files\/.expo-internal\/b507e7f2c91ebc8fe24dee79ccb3b600.png","code":"None","level":"info"}
07-30 13:58:06.933   349   460 I AdrenoGLES-0: QUALCOMM build                   : 85da404, I46ff5fc46f
07-30 13:58:06.933   349   460 I AdrenoGLES-0: Build Date                       : 11/30/20
07-30 13:58:06.933   349   460 I AdrenoGLES-0: OpenGL ES Shader Compiler Version: EV031.31.04.01
07-30 13:58:06.933   349   460 I AdrenoGLES-0: Local Branch                     : promo490_3_Google
07-30 13:58:06.933   349   460 I AdrenoGLES-0: Remote Branch                    :
07-30 13:58:06.933   349   460 I AdrenoGLES-0: Remote Branch                    :
07-30 13:58:06.933   349   460 I AdrenoGLES-0: Reconstruct Branch               :
07-30 13:58:06.933   349   460 I AdrenoGLES-0: Build Config                     : S P 10.0.4 AArch64
07-30 13:58:06.933   349   460 I AdrenoGLES-0: Driver Path                      : /vendor/lib64/egl/libGLESv2_adreno.so
07-30 13:58:06.933   349   464 I dev.expo.updates: {"timestamp":1722369486933,"message":"embeddedAssetFileMap: 8a4d0e5b845044e56e3b2df627d01cfd,png => file:\/\/\/data\/user\/0\/com.jcarpenter1.expootaexclusionrepro\/files\/.expo-internal\/8a4d0e5b845044e56e3b2df627d01cfd.png","code":"None","level":"info"}
07-30 13:58:06.934   349   464 I dev.expo.updates: {"timestamp":1722369486934,"message":"embeddedAssetFileMap: 8f14e478886737f3323a2ac79c833749,png => file:\/\/\/data\/user\/0\/com.jcarpenter1.expootaexclusionrepro\/files\/.expo-internal\/8f14e478886737f3323a2ac79c833749.png","code":"None","level":"info"}
07-30 13:58:06.935   349   464 I dev.expo.updates: {"timestamp":1722369486935,"message":"embeddedAssetFileMap: 49a79d66bdea2debf1832bf4d7aca127,ttf => file:\/\/\/data\/user\/0\/com.jcarpenter1.expootaexclusionrepro\/files\/.expo-internal\/49a79d66bdea2debf1832bf4d7aca127.ttf","code":"None","level":"info"}
07-30 13:58:06.936   349   464 I dev.expo.updates: {"timestamp":1722369486935,"message":"embeddedAssetFileMap: 92c7720bb90d3bf633cdce9845065657,db => file:\/\/\/data\/user\/0\/com.jcarpenter1.expootaexclusionrepro\/files\/.expo-internal\/92c7720bb90d3bf633cdce9845065657.db","code":"None","level":"info"}
07-30 13:58:06.937   349   475 I dev.expo.updates: {"timestamp":1722369486937,"message":"Updates state change: Check, context = {isUpdateAvailable=false, isUpdatePending=false, isChecking=true, isDownloading=false, isRestarting=false}","code":"None","level":"info"}
07-30 13:58:06.940   349   460 I AdrenoGLES-0: PFP: 0x016ee190, ME: 0x00000000
07-30 13:58:06.943   349   460 W AdrenoUtils: <ReadGpuID_from_sysfs:197>: Failed to open /sys/class/kgsl/kgsl-3d0/gpu_model
07-30 13:58:06.943   349   460 W AdrenoUtils: <ReadGpuID:221>: Failed to read chip ID from gpu_model. Fallback to use the GSL path
07-30 13:58:06.944   349   475 V SoLoader: libreactnativejni.so not found on /data/app/~~NfLuExn4uH56SsxBgVKQgQ==/com.jcarpenter1.expootaexclusionrepro-qBr5yS93gDrON2zDImzzIg==/lib/arm64
07-30 13:58:06.946   349   475 V SoLoader: libandroid.so not found on /data/app/~~NfLuExn4uH56SsxBgVKQgQ==/com.jcarpenter1.expootaexclusionrepro-qBr5yS93gDrON2zDImzzIg==/lib/arm64
07-30 13:58:06.946   349   475 V SoLoader: libandroid.so not found on /data/app/~~NfLuExn4uH56SsxBgVKQgQ==/com.jcarpenter1.expootaexclusionrepro-qBr5yS93gDrON2zDImzzIg==/base.apk!/lib/arm64-v8a
07-30 13:58:06.946   349   475 D SoLoader: libandroid.so found on /system/lib64
07-30 13:58:06.946   349   475 D SoLoader: libandroid.so loaded implicitly
07-30 13:58:06.946   349   475 V SoLoader: libyoga.so not found on /data/app/~~NfLuExn4uH56SsxBgVKQgQ==/com.jcarpenter1.expootaexclusionrepro-qBr5yS93gDrON2zDImzzIg==/lib/arm64
07-30 13:58:06.947   349   475 V SoLoader: libfbjni.so not found on /data/app/~~NfLuExn4uH56SsxBgVKQgQ==/com.jcarpenter1.expootaexclusionrepro-qBr5yS93gDrON2zDImzzIg==/lib/arm64
07-30 13:58:06.947   349   475 V SoLoader: liblog.so not found on /data/app/~~NfLuExn4uH56SsxBgVKQgQ==/com.jcarpenter1.expootaexclusionrepro-qBr5yS93gDrON2zDImzzIg==/lib/arm64
07-30 13:58:06.947   349   475 V SoLoader: liblog.so not found on /data/app/~~NfLuExn4uH56SsxBgVKQgQ==/com.jcarpenter1.expootaexclusionrepro-qBr5yS93gDrON2zDImzzIg==/base.apk!/lib/arm64-v8a
07-30 13:58:06.947   349   475 D SoLoader: liblog.so found on /system/lib64
07-30 13:58:06.947   349   475 D SoLoader: liblog.so loaded implicitly
07-30 13:58:06.948   349   475 V SoLoader: libm.so not found on /data/app/~~NfLuExn4uH56SsxBgVKQgQ==/com.jcarpenter1.expootaexclusionrepro-qBr5yS93gDrON2zDImzzIg==/lib/arm64
07-30 13:58:06.948   349   475 V SoLoader: libm.so not found on /data/app/~~NfLuExn4uH56SsxBgVKQgQ==/com.jcarpenter1.expootaexclusionrepro-qBr5yS93gDrON2zDImzzIg==/base.apk!/lib/arm64-v8a
07-30 13:58:06.948   349   475 D SoLoader: libm.so found on /system/lib64
07-30 13:58:06.948   349   475 D SoLoader: libm.so loaded implicitly
07-30 13:58:06.948   349   475 V SoLoader: libc++_shared.so not found on /data/app/~~NfLuExn4uH56SsxBgVKQgQ==/com.jcarpenter1.expootaexclusionrepro-qBr5yS93gDrON2zDImzzIg==/lib/arm64
07-30 13:58:06.948   709   709 I SDM     : HWCDisplay::GetColorModeCount: Supported color mode count = 3
07-30 13:58:06.948   349   475 V SoLoader: libc.so not found on /data/app/~~NfLuExn4uH56SsxBgVKQgQ==/com.jcarpenter1.expootaexclusionrepro-qBr5yS93gDrON2zDImzzIg==/lib/arm64
07-30 13:58:06.948   349   475 V SoLoader: libc.so not found on /data/app/~~NfLuExn4uH56SsxBgVKQgQ==/com.jcarpenter1.expootaexclusionrepro-qBr5yS93gDrON2zDImzzIg==/base.apk!/lib/arm64-v8a
07-30 13:58:06.948   349   475 D SoLoader: libc.so found on /system/lib64
07-30 13:58:06.948   349   475 D SoLoader: libc.so loaded implicitly
07-30 13:58:06.949   349   475 V SoLoader: libdl.so not found on /data/app/~~NfLuExn4uH56SsxBgVKQgQ==/com.jcarpenter1.expootaexclusionrepro-qBr5yS93gDrON2zDImzzIg==/lib/arm64
07-30 13:58:06.949   349   475 V SoLoader: libdl.so not found on /data/app/~~NfLuExn4uH56SsxBgVKQgQ==/com.jcarpenter1.expootaexclusionrepro-qBr5yS93gDrON2zDImzzIg==/base.apk!/lib/arm64-v8a
07-30 13:58:06.949   349   475 D SoLoader: libdl.so found on /system/lib64
07-30 13:58:06.949   349   475 D SoLoader: libdl.so loaded implicitly
07-30 13:58:06.949   349   460 E OpenGLRenderer: Unable to match the desired swap behavior.
07-30 13:58:06.952   349   475 D SoLoader: libc++_shared.so found on /data/app/~~NfLuExn4uH56SsxBgVKQgQ==/com.jcarpenter1.expootaexclusionrepro-qBr5yS93gDrON2zDImzzIg==/base.apk!/lib/arm64-v8a
07-30 13:58:06.954   652   652 I servicemanager: Could not find android.hardware.graphics.allocator.IAllocator/default in the VINTF manifest.
07-30 13:58:06.954   349   475 D SoLoader: libfbjni.so found on /data/app/~~NfLuExn4uH56SsxBgVKQgQ==/com.jcarpenter1.expootaexclusionrepro-qBr5yS93gDrON2zDImzzIg==/base.apk!/lib/arm64-v8a
07-30 13:58:06.955   349   475 D SoLoader: libyoga.so found on /data/app/~~NfLuExn4uH56SsxBgVKQgQ==/com.jcarpenter1.expootaexclusionrepro-qBr5yS93gDrON2zDImzzIg==/base.apk!/lib/arm64-v8a
07-30 13:58:06.955   349   475 V SoLoader: libreactperfloggerjni.so not found on /data/app/~~NfLuExn4uH56SsxBgVKQgQ==/com.jcarpenter1.expootaexclusionrepro-qBr5yS93gDrON2zDImzzIg==/lib/arm64
07-30 13:58:06.957   349   475 D SoLoader: libreactperfloggerjni.so found on /data/app/~~NfLuExn4uH56SsxBgVKQgQ==/com.jcarpenter1.expootaexclusionrepro-qBr5yS93gDrON2zDImzzIg==/base.apk!/lib/arm64-v8a
07-30 13:58:06.957   349   475 V SoLoader: libreact_render_core.so not found on /data/app/~~NfLuExn4uH56SsxBgVKQgQ==/com.jcarpenter1.expootaexclusionrepro-qBr5yS93gDrON2zDImzzIg==/lib/arm64
07-30 13:58:06.958   349   475 V SoLoader: libreact_render_debug.so not found on /data/app/~~NfLuExn4uH56SsxBgVKQgQ==/com.jcarpenter1.expootaexclusionrepro-qBr5yS93gDrON2zDImzzIg==/lib/arm64
07-30 13:58:06.959   349   475 V SoLoader: libfolly_runtime.so not found on /data/app/~~NfLuExn4uH56SsxBgVKQgQ==/com.jcarpenter1.expootaexclusionrepro-qBr5yS93gDrON2zDImzzIg==/lib/arm64
07-30 13:58:06.960   349   475 V SoLoader: libglog.so not found on /data/app/~~NfLuExn4uH56SsxBgVKQgQ==/com.jcarpenter1.expootaexclusionrepro-qBr5yS93gDrON2zDImzzIg==/lib/arm64
07-30 13:58:06.963   349   475 D SoLoader: libglog.so found on /data/app/~~NfLuExn4uH56SsxBgVKQgQ==/com.jcarpenter1.expootaexclusionrepro-qBr5yS93gDrON2zDImzzIg==/base.apk!/lib/arm64-v8a
07-30 13:58:06.968   349   475 D SoLoader: libfolly_runtime.so found on /data/app/~~NfLuExn4uH56SsxBgVKQgQ==/com.jcarpenter1.expootaexclusionrepro-qBr5yS93gDrON2zDImzzIg==/base.apk!/lib/arm64-v8a
07-30 13:58:06.970   349   475 D SoLoader: libreact_render_debug.so found on /data/app/~~NfLuExn4uH56SsxBgVKQgQ==/com.jcarpenter1.expootaexclusionrepro-qBr5yS93gDrON2zDImzzIg==/base.apk!/lib/arm64-v8a
07-30 13:58:06.971   349   475 V SoLoader: libreact_render_graphics.so not found on /data/app/~~NfLuExn4uH56SsxBgVKQgQ==/com.jcarpenter1.expootaexclusionrepro-qBr5yS93gDrON2zDImzzIg==/lib/arm64
07-30 13:58:06.973   349   475 V SoLoader: libreact_utils.so not found on /data/app/~~NfLuExn4uH56SsxBgVKQgQ==/com.jcarpenter1.expootaexclusionrepro-qBr5yS93gDrON2zDImzzIg==/lib/arm64
07-30 13:58:06.974   349   475 V SoLoader: libreact_debug.so not found on /data/app/~~NfLuExn4uH56SsxBgVKQgQ==/com.jcarpenter1.expootaexclusionrepro-qBr5yS93gDrON2zDImzzIg==/lib/arm64
07-30 13:58:06.975   349   475 D SoLoader: libreact_debug.so found on /data/app/~~NfLuExn4uH56SsxBgVKQgQ==/com.jcarpenter1.expootaexclusionrepro-qBr5yS93gDrON2zDImzzIg==/base.apk!/lib/arm64-v8a
07-30 13:58:06.976   349   475 V SoLoader: libjsinspector.so not found on /data/app/~~NfLuExn4uH56SsxBgVKQgQ==/com.jcarpenter1.expootaexclusionrepro-qBr5yS93gDrON2zDImzzIg==/lib/arm64
07-30 13:58:06.976   349   475 V SoLoader: libreact_featureflags.so not found on /data/app/~~NfLuExn4uH56SsxBgVKQgQ==/com.jcarpenter1.expootaexclusionrepro-qBr5yS93gDrON2zDImzzIg==/lib/arm64
07-30 13:58:06.977   349   349 V SoLoader: libhermes.so not found on /data/app/~~NfLuExn4uH56SsxBgVKQgQ==/com.jcarpenter1.expootaexclusionrepro-qBr5yS93gDrON2zDImzzIg==/lib/arm64
07-30 13:58:06.978   349   475 D SoLoader: libreact_featureflags.so found on /data/app/~~NfLuExn4uH56SsxBgVKQgQ==/com.jcarpenter1.expootaexclusionrepro-qBr5yS93gDrON2zDImzzIg==/base.apk!/lib/arm64-v8a
07-30 13:58:06.978   349   349 V SoLoader: libjsi.so not found on /data/app/~~NfLuExn4uH56SsxBgVKQgQ==/com.jcarpenter1.expootaexclusionrepro-qBr5yS93gDrON2zDImzzIg==/lib/arm64
07-30 13:58:06.978   349   475 V SoLoader: libruntimeexecutor.so not found on /data/app/~~NfLuExn4uH56SsxBgVKQgQ==/com.jcarpenter1.expootaexclusionrepro-qBr5yS93gDrON2zDImzzIg==/lib/arm64
07-30 13:58:06.980   349   349 D SoLoader: libjsi.so found on /data/app/~~NfLuExn4uH56SsxBgVKQgQ==/com.jcarpenter1.expootaexclusionrepro-qBr5yS93gDrON2zDImzzIg==/base.apk!/lib/arm64-v8a
07-30 13:58:06.981   349   349 D SoLoader: libhermes.so found on /data/app/~~NfLuExn4uH56SsxBgVKQgQ==/com.jcarpenter1.expootaexclusionrepro-qBr5yS93gDrON2zDImzzIg==/base.apk!/lib/arm64-v8a
07-30 13:58:06.982   349   349 V SoLoader: libhermes_executor.so not found on /data/app/~~NfLuExn4uH56SsxBgVKQgQ==/com.jcarpenter1.expootaexclusionrepro-qBr5yS93gDrON2zDImzzIg==/lib/arm64
07-30 13:58:06.982   349   475 D SoLoader: libruntimeexecutor.so found on /data/app/~~NfLuExn4uH56SsxBgVKQgQ==/com.jcarpenter1.expootaexclusionrepro-qBr5yS93gDrON2zDImzzIg==/base.apk!/lib/arm64-v8a
07-30 13:58:06.983  1917  2089 I ActivityTaskManager: Displayed com.jcarpenter1.expootaexclusionrepro/.MainActivity: +271ms
07-30 13:58:06.983   349   475 D SoLoader: libjsinspector.so found on /data/app/~~NfLuExn4uH56SsxBgVKQgQ==/com.jcarpenter1.expootaexclusionrepro-qBr5yS93gDrON2zDImzzIg==/base.apk!/lib/arm64-v8a
07-30 13:58:06.984   349   475 D SoLoader: libreact_utils.so found on /data/app/~~NfLuExn4uH56SsxBgVKQgQ==/com.jcarpenter1.expootaexclusionrepro-qBr5yS93gDrON2zDImzzIg==/base.apk!/lib/arm64-v8a
07-30 13:58:06.985   349   475 D SoLoader: libreact_render_graphics.so found on /data/app/~~NfLuExn4uH56SsxBgVKQgQ==/com.jcarpenter1.expootaexclusionrepro-qBr5yS93gDrON2zDImzzIg==/base.apk!/lib/arm64-v8a
07-30 13:58:06.985   349   475 V SoLoader: libreact_render_mapbuffer.so not found on /data/app/~~NfLuExn4uH56SsxBgVKQgQ==/com.jcarpenter1.expootaexclusionrepro-qBr5yS93gDrON2zDImzzIg==/lib/arm64
07-30 13:58:06.986   349   475 D SoLoader: libreact_render_mapbuffer.so found on /data/app/~~NfLuExn4uH56SsxBgVKQgQ==/com.jcarpenter1.expootaexclusionrepro-qBr5yS93gDrON2zDImzzIg==/base.apk!/lib/arm64-v8a
07-30 13:58:06.987   349   475 D SoLoader: libreact_render_core.so found on /data/app/~~NfLuExn4uH56SsxBgVKQgQ==/com.jcarpenter1.expootaexclusionrepro-qBr5yS93gDrON2zDImzzIg==/base.apk!/lib/arm64-v8a
07-30 13:58:06.989   349   475 D SoLoader: libreactnativejni.so found on /data/app/~~NfLuExn4uH56SsxBgVKQgQ==/com.jcarpenter1.expootaexclusionrepro-qBr5yS93gDrON2zDImzzIg==/base.apk!/lib/arm64-v8a
07-30 13:58:06.990   349   475 E dev.expo.updates: {"timestamp":1722369486990,"message":"Could not emit Expo.nativeUpdatesStateChangeEvent check event; no subscribers registered.","code":"JSRuntimeError","level":"error","stacktrace":["expo.modules.updates.logging.UpdatesLogger.logEntryString(UpdatesLogger.kt:141)","expo.modules.updates.logging.UpdatesLogger.error(UpdatesLogger.kt:94)","expo.modules.updates.logging.UpdatesLogger.error(UpdatesLogger.kt:84)","expo.modules.updates.logging.UpdatesLogger.error$default(UpdatesLogger.kt:79)","expo.modules.updates.UpdatesUtils.sendEvent(UpdatesUtils.kt:177)","expo.modules.updates.EnabledUpdatesController.sendEventToJS(EnabledUpdatesController.kt:175)","expo.modules.updates.EnabledUpdatesController.sendUpdateStateChangeEventToAppContext(EnabledUpdatesController.kt:171)","expo.modules.updates.statemachine.UpdatesStateMachine.sendChangeEventToJS(UpdatesStateMachine.kt:96)","expo.modules.updates.statemachine.UpdatesStateMachine.processEvent(UpdatesStateMachine.kt:73)","expo.modules.updates.statemachine.UpdatesStateMachine.access$processEvent(UpdatesStateMachine.kt:13)","expo.modules.updates.statemachine.UpdatesStateMachine$serialExecutorQueue$1.processStateEvent(UpdatesStateMachine.kt:24)","expo.modules.updates.procedures.StateMachineSerialExecutorQueue$MethodInvocationHolder$execute$1.processStateEvent(StateMachineSerialExecutorQueue.kt:35)","expo.modules.updates.procedures.StartupProcedure$loaderTask$1.onRemoteCheckForUpdateStarted(StartupProcedure.kt:111)","expo.modules.updates.loader.LoaderTask.launchRemoteUpdateInBackground$lambda$1(LoaderTask.kt:352)","expo.modules.updates.loader.LoaderTask.$r8$lambda$8InBWK0aYpzSnAyJPpk9Wheme_8(Unknown Source:0)","expo.modules.updates.loader.LoaderTask$$ExternalSyntheticLambda0.run(Unknown Source:6)","android.os.AsyncTask$SerialExecutor$1.run(AsyncTask.java:305)","java.util.concurrent.ThreadPoolExecutor.runWorker(ThreadPoolExecutor.java:1145)","java.util.concurrent.ThreadPoolExecutor$Worker.run(ThreadPoolExecutor.java:644)","java.lang.Thread.run(Thread.java:1012)"]}
07-30 13:58:06.991   349   349 D SoLoader: libhermes_executor.so found on /data/app/~~NfLuExn4uH56SsxBgVKQgQ==/com.jcarpenter1.expootaexclusionrepro-qBr5yS93gDrON2zDImzzIg==/base.apk!/lib/arm64-v8a
07-30 13:58:07.000  4076  4198 W AiAiEcho: Logging to Simple Storage failed.
07-30 13:58:07.000  4076  4198 W AiAiEcho: java.util.concurrent.CancellationException
07-30 13:58:07.000  4076  4198 W AiAiEcho: 	at ybm.d(PG:8)
07-30 13:58:07.000  4076  4198 W AiAiEcho: 	at ybm.get(PG:1)
07-30 13:58:07.000  4076  4198 W AiAiEcho: 	at a.n(PG:2)
07-30 13:58:07.000  4076  4198 W AiAiEcho: 	at trf.Q(PG:10)
07-30 13:58:07.000  4076  4198 W AiAiEcho: 	at uba.run(PG:24)
07-30 13:58:07.000  4076  4198 W AiAiEcho: 	at java.util.concurrent.Executors$RunnableAdapter.call(Executors.java:487)
07-30 13:58:07.000  4076  4198 W AiAiEcho: 	at uci.a(PG:3)
07-30 13:58:07.000  4076  4198 W AiAiEcho: 	at ubk.run(PG:21)
07-30 13:58:07.000  4076  4198 W AiAiEcho: 	at ucj.run(PG:5)
07-30 13:58:07.000  4076  4198 W AiAiEcho: 	at java.util.concurrent.Executors$RunnableAdapter.call(Executors.java:487)
07-30 13:58:07.000  4076  4198 W AiAiEcho: 	at java.util.concurrent.FutureTask.run(FutureTask.java:264)
07-30 13:58:07.000  4076  4198 W AiAiEcho: 	at java.util.concurrent.ScheduledThreadPoolExecutor$ScheduledFutureTask.run(ScheduledThreadPoolExecutor.java:307)
07-30 13:58:07.000  4076  4198 W AiAiEcho: 	at java.util.concurrent.ThreadPoolExecutor.runWorker(ThreadPoolExecutor.java:1145)
07-30 13:58:07.000  4076  4198 W AiAiEcho: 	at java.util.concurrent.ThreadPoolExecutor$Worker.run(ThreadPoolExecutor.java:644)
07-30 13:58:07.000  4076  4198 W AiAiEcho: 	at hff.run(PG:221)
07-30 13:58:07.000  4076  4198 W AiAiEcho: 	at java.lang.Thread.run(Thread.java:1012)
07-30 13:58:07.000  4076  4198 W AiAiEcho: Caused by: xuy: Parent job is Cancelled; job=xva{Cancelled}@9680557
07-30 13:58:07.000  4076  4198 W AiAiEcho: Caused by: android.database.sqlite.SQLiteException: no such column: "ttlBaseMillis" (code 1 SQLITE_ERROR): , while compiling: ALTER TABLE `PersistedPeopleSuggestLabels`
07-30 13:58:07.000  4076  4198 W AiAiEcho:             RENAME COLUMN `ttlBaseMillis` TO `createdMillis`;
07-30 13:58:07.000  4076  4198 W AiAiEcho: 	at android.database.sqlite.SQLiteConnection.nativePrepareStatement(Native Method)
07-30 13:58:07.000  4076  4198 W AiAiEcho: 	at android.database.sqlite.SQLiteConnection.acquirePreparedStatement(SQLiteConnection.java:1068)
07-30 13:58:07.000  4076  4198 W AiAiEcho: 	at android.database.sqlite.SQLiteConnection.prepare(SQLiteConnection.java:673)
07-30 13:58:07.000  4076  4198 W AiAiEcho: 	at android.database.sqlite.SQLiteSession.prepare(SQLiteSession.java:590)
07-30 13:58:07.000  4076  4198 W AiAiEcho: 	at android.database.sqlite.SQLiteProgram.<init>(SQLiteProgram.java:62)
07-30 13:58:07.000  4076  4198 W AiAiEcho: 	at android.database.sqlite.SQLiteStatement.<init>(SQLiteStatement.java:34)
07-30 13:58:07.000  4076  4198 W AiAiEcho: 	at android.database.sqlite.SQLiteDatabase.executeSql(SQLiteDatabase.java:2086)
07-30 13:58:07.000  4076  4198 W AiAiEcho: 	at android.database.sqlite.SQLiteDatabase.execSQL(SQLiteDatabase.java:2008)
07-30 13:58:07.000  4076  4198 W AiAiEcho: 	at bsy.h(PG:3)
07-30 13:58:07.000  4076  4198 W AiAiEcho: 	at gfl.a(PG:3)
07-30 13:58:07.000  4076  4198 W AiAiEcho: 	at bso.b(PG:151)
07-30 13:58:07.000  4076  4198 W AiAiEcho: 	at btc.onUpgrade(PG:15)
07-30 13:58:07.000  4076  4198 W AiAiEcho: 	at android.database.sqlite.SQLiteOpenHelper.getDatabaseLocked(SQLiteOpenHelper.java:416)
07-30 13:58:07.000  4076  4198 W AiAiEcho: 	at android.database.sqlite.SQLiteOpenHelper.getWritableDatabase(SQLiteOpenHelper.java:316)
07-30 13:58:07.000  4076  4198 W AiAiEcho: 	at btc.c(PG:1)
07-30 13:58:07.000  4076  4198 W AiAiEcho: 	at btc.b(PG:90)
07-30 13:58:07.000  4076  4198 W AiAiEcho: 	at bte.a(PG:5)
07-30 13:58:07.000  4076  4198 W AiAiEcho: 	at ghg.b(PG:139)
07-30 13:58:07.000  4076  4198 W AiAiEcho: 	at ghg.a(PG:13)
07-30 13:58:07.000  4076  4198 W AiAiEcho: 	at xpi.C(PG:14)
07-30 13:58:07.000  4076  4198 W AiAiEcho: 	at xey.bw(PG:54)
07-30 13:58:07.000  4076  4198 W AiAiEcho: 	at ghl.b(PG:39)
07-30 13:58:07.000  4076  4198 W AiAiEcho: 	at xms.g(PG:13)
07-30 13:58:07.000  4076  4198 W AiAiEcho: 	at kotlinx.coroutines.DispatchedTask.run(PG:114)
07-30 13:58:07.000  4076  4198 W AiAiEcho: 	at java.util.concurrent.Executors$RunnableAdapter.call(Executors.java:487)
07-30 13:58:07.000  4076  4198 W AiAiEcho: 	at uci.a(PG:3)
07-30 13:58:07.000  4076  4198 W AiAiEcho: 	at ubk.run(PG:21)
07-30 13:58:07.000  4076  4198 W AiAiEcho: 	at ucj.run(PG:5)
07-30 13:58:07.000  4076  4198 W AiAiEcho: 	at java.util.concurrent.Executors$RunnableAdapter.call(Executors.java:487)
07-30 13:58:07.000  4076  4198 W AiAiEcho: 	at java.util.concurrent.FutureTask.run(FutureTask.java:264)
07-30 13:58:07.000  4076  4198 W AiAiEcho: 	at java.util.concurrent.ScheduledThreadPoolExecutor$ScheduledFutureTask.run(ScheduledThreadPoolExecutor.java:307)
07-30 13:58:07.000  4076  4198 W AiAiEcho: 	at java.util.concurrent.ThreadPoolExecutor.runWorker(ThreadPoolExecutor.java:1145)
07-30 13:58:07.000  4076  4198 W AiAiEcho: 	at java.util.concurrent.ThreadPoolExecutor$Worker.run(ThreadPoolExecutor.java:644)
07-30 13:58:07.000  4076  4198 W AiAiEcho: 	at hff.run(PG:221)
07-30 13:58:07.000  4076  4198 W AiAiEcho: 	at java.lang.Thread.run(Thread.java:1012)
07-30 13:58:07.001  4076  4198 W AiAiEcho: Logging to Simple Storage failed.
07-30 13:58:07.001  4076  4198 W AiAiEcho: java.util.concurrent.CancellationException
07-30 13:58:07.001  4076  4198 W AiAiEcho: 	at ybm.d(PG:8)
07-30 13:58:07.001  4076  4198 W AiAiEcho: 	at ybm.get(PG:1)
07-30 13:58:07.001  4076  4198 W AiAiEcho: 	at a.n(PG:2)
07-30 13:58:07.001  4076  4198 W AiAiEcho: 	at trf.Q(PG:10)
07-30 13:58:07.001  4076  4198 W AiAiEcho: 	at uba.run(PG:24)
07-30 13:58:07.001  4076  4198 W AiAiEcho: 	at java.util.concurrent.Executors$RunnableAdapter.call(Executors.java:487)
07-30 13:58:07.001  4076  4198 W AiAiEcho: 	at uci.a(PG:3)
07-30 13:58:07.001  4076  4198 W AiAiEcho: 	at ubk.run(PG:21)
07-30 13:58:07.001  4076  4198 W AiAiEcho: 	at ucj.run(PG:5)
07-30 13:58:07.001  4076  4198 W AiAiEcho: 	at java.util.concurrent.Executors$RunnableAdapter.call(Executors.java:487)
07-30 13:58:07.001  4076  4198 W AiAiEcho: 	at java.util.concurrent.FutureTask.run(FutureTask.java:264)
07-30 13:58:07.001  4076  4198 W AiAiEcho: 	at java.util.concurrent.ScheduledThreadPoolExecutor$ScheduledFutureTask.run(ScheduledThreadPoolExecutor.java:307)
07-30 13:58:07.001  4076  4198 W AiAiEcho: 	at java.util.concurrent.ThreadPoolExecutor.runWorker(ThreadPoolExecutor.java:1145)
07-30 13:58:07.001  4076  4198 W AiAiEcho: 	at java.util.concurrent.ThreadPoolExecutor$Worker.run(ThreadPoolExecutor.java:644)
07-30 13:58:07.001  4076  4198 W AiAiEcho: 	at hff.run(PG:221)
07-30 13:58:07.001  4076  4198 W AiAiEcho: 	at java.lang.Thread.run(Thread.java:1012)
07-30 13:58:07.001  4076  4198 W AiAiEcho: Caused by: xuy: Parent job is Cancelled; job=xva{Cancelled}@9680557
07-30 13:58:07.001  4076  4198 W AiAiEcho: Caused by: android.database.sqlite.SQLiteException: no such column: "ttlBaseMillis" (code 1 SQLITE_ERROR): , while compiling: ALTER TABLE `PersistedPeopleSuggestLabels`
07-30 13:58:07.001  4076  4198 W AiAiEcho:             RENAME COLUMN `ttlBaseMillis` TO `createdMillis`;
07-30 13:58:07.001  4076  4198 W AiAiEcho: 	at android.database.sqlite.SQLiteConnection.nativePrepareStatement(Native Method)
07-30 13:58:07.001  4076  4198 W AiAiEcho: 	at android.database.sqlite.SQLiteConnection.acquirePreparedStatement(SQLiteConnection.java:1068)
07-30 13:58:07.001  4076  4198 W AiAiEcho: 	at android.database.sqlite.SQLiteConnection.prepare(SQLiteConnection.java:673)
07-30 13:58:07.001  4076  4198 W AiAiEcho: 	at android.database.sqlite.SQLiteSession.prepare(SQLiteSession.java:590)
07-30 13:58:07.001  4076  4198 W AiAiEcho: 	at android.database.sqlite.SQLiteProgram.<init>(SQLiteProgram.java:62)
07-30 13:58:07.001  4076  4198 W AiAiEcho: 	at android.database.sqlite.SQLiteStatement.<init>(SQLiteStatement.java:34)
07-30 13:58:07.001  4076  4198 W AiAiEcho: 	at android.database.sqlite.SQLiteDatabase.executeSql(SQLiteDatabase.java:2086)
07-30 13:58:07.001  4076  4198 W AiAiEcho: 	at android.database.sqlite.SQLiteDatabase.execSQL(SQLiteDatabase.java:2008)
07-30 13:58:07.001  4076  4198 W AiAiEcho: 	at bsy.h(PG:3)
07-30 13:58:07.001  4076  4198 W AiAiEcho: 	at gfl.a(PG:3)
07-30 13:58:07.001  4076  4198 W AiAiEcho: 	at bso.b(PG:151)
07-30 13:58:07.001  4076  4198 W AiAiEcho: 	at btc.onUpgrade(PG:15)
07-30 13:58:07.001  4076  4198 W AiAiEcho: 	at android.database.sqlite.SQLiteOpenHelper.getDatabaseLocked(SQLiteOpenHelper.java:416)
07-30 13:58:07.001  4076  4198 W AiAiEcho: 	at android.database.sqlite.SQLiteOpenHelper.getWritableDatabase(SQLiteOpenHelper.java:316)
07-30 13:58:07.001  4076  4198 W AiAiEcho: 	at btc.c(PG:1)
07-30 13:58:07.001  4076  4198 W AiAiEcho: 	at btc.b(PG:90)
07-30 13:58:07.001  4076  4198 W AiAiEcho: 	at bte.a(PG:5)
07-30 13:58:07.001  4076  4198 W AiAiEcho: 	at ghg.b(PG:139)
