07-30 13:57:49.706  1917  2104 W UsageStatsService: Unexpected activity event reported! (com.android.chrome/org.chromium.chrome.browser.ChromeTabbedActivity event : 23 instanceId : 135649924)
07-30 13:57:49.706  1917  2130 E system_server: updateValue is called with a value {0, 0, 0, 0, 0, 0, 0, 0, 0, 0, 0, 0, 0, 0, 0, 0, 0, 0, 0, 0, 0, 0, 0}, which is lower than the previous value {0, 0, 0, 0, 0, 0, 24, 0, 0, 75, 0, 0, 0, 0, 0, 0, 0, 0, 0, 0, 0, 6, 2}
07-30 13:57:49.708 22421 22421 W A       : Custom Tabs connection lost
07-30 13:57:49.711  1353  1353 I Zygote  : Process 31179 exited due to signal 9 (Killed)
07-30 13:57:49.713  1917  2092 W ActivityManager: setHasOverlayUi called on unknown pid: 31179
07-30 13:57:49.752  1382  1382 W binder:1382_3: type=1400 audit(0.0:2534993): avc: denied { write } for name="statsdw" dev="tmpfs" ino=33376 scontext=u:r:hal_camera_default:s0 tcontext=u:object_r:statsdw_socket:s0 tclass=sock_file permissive=0
07-30 13:57:49.758  1382  1382 W binder:1382_3: type=1400 audit(0.0:2534994): avc: denied { write } for name="statsdw" dev="tmpfs" ino=33376 scontext=u:r:hal_camera_default:s0 tcontext=u:object_r:statsdw_socket:s0 tclass=sock_file permissive=0
07-30 13:57:49.762  1382  1382 W binder:1382_3: type=1400 audit(0.0:2534995): avc: denied { write } for name="statsdw" dev="tmpfs" ino=33376 scontext=u:r:hal_camera_default:s0 tcontext=u:object_r:statsdw_socket:s0 tclass=sock_file permissive=0
07-30 13:57:49.772  1382  1382 W binder:1382_3: type=1400 audit(0.0:2534996): avc: denied { write } for name="statsdw" dev="tmpfs" ino=33376 scontext=u:r:hal_camera_default:s0 tcontext=u:object_r:statsdw_socket:s0 tclass=sock_file permissive=0
07-30 13:57:49.775  1382  1382 W binder:1382_3: type=1400 audit(0.0:2534997): avc: denied { write } for name="statsdw" dev="tmpfs" ino=33376 scontext=u:r:hal_camera_default:s0 tcontext=u:object_r:statsdw_socket:s0 tclass=sock_file permissive=0
07-30 13:57:49.952  3253  3253 I AiAiSuggestUi: Clearing suggestions.
07-30 13:57:49.952  3253  3253 I AiAiSuggestUi: Clearing suggestions.
07-30 13:57:49.959  1395  1395 I sensors-hal: [hal]batch_physical_sensor:319, android.sensor.accelerometer/11, period=200000000, max_latency=2000000000
07-30 13:57:49.959  1395  1395 I sensors-hal: [sensor]set_config:64, sample_period_ns is adjusted to 200000000 based on min/max delay_ns
07-30 13:57:49.959  1395  1395 I sensors-hal: [hal]batch_physical_sensor:328, android.sensor.accelerometer/11, period=200000000, max_latency=2000000000 request completed
07-30 13:57:49.960  1395 28095 I sensors-hal: [ssc_sensor]ssc_conn_resp_cb:685, resp_value = 0
07-30 13:57:50.058  1917  2092 I ActivityManager: Killing 31475:com.google.android.GoogleCamera/u0a193 (adj 900): remove task
07-30 13:57:50.066  1917  2125 I libprocessgroup: Successfully killed process cgroup uid 10193 pid 31475 in 5ms
07-30 13:57:50.147  1720  1884 D BufferPoolAccessor2.0: bufferpool2 0xb4000076f301e598 : 0(0 size) total buffers - 0(0 size) used buffers - 14/18 (recycle/alloc) - 4/17 (fetch/transfer)
07-30 13:57:50.147  1720  1884 D BufferPoolAccessor2.0: Destruction - bufferpool2 0xb4000076f301e598 cached: 0/0M, 0/0% in use; allocs: 18, 78% recycled; transfers: 17, 76% unfetched
07-30 13:57:50.147  1720  1884 D BufferPoolAccessor2.0: bufferpool2 0xb4000076f301f5c8 : 0(0 size) total buffers - 0(0 size) used buffers - 23/27 (recycle/alloc) - 4/26 (fetch/transfer)
07-30 13:57:50.147  1720  1884 D BufferPoolAccessor2.0: Destruction - bufferpool2 0xb4000076f301f5c8 cached: 0/0M, 0/0% in use; allocs: 27, 85% recycled; transfers: 26, 85% unfetched
07-30 13:57:50.180  1917  4377 I WindowManager: WIN DEATH: Window{c6b5f08 u0 com.google.android.GoogleCamera/com.android.camera.CameraLauncher}
07-30 13:57:50.181  1917  4377 W InputManager-JNI: Input channel object 'c6b5f08 com.google.android.GoogleCamera/com.android.camera.CameraLauncher (client)' was disposed without first being removed with the input manager!
07-30 13:57:50.181  1353  1353 I Zygote  : Process 31475 exited due to signal 9 (Killed)
07-30 13:57:50.181  1917  2754 D ConnectivityService: releasing NetworkRequest [ REQUEST id=1802, [ Capabilities: INTERNET&NOT_RESTRICTED&TRUSTED&NOT_VCN_MANAGED Uid: 10193 RequestorUid: 10193 RequestorPkg: com.google.android.GoogleCamera UnderlyingNetworks: Null] ] (release request)
07-30 13:57:50.184  1622  2663 D Camera2ClientBase: Camera 0: start to disconnect
07-30 13:57:50.184  1622  2663 D Camera2ClientBase: Camera 0: serializationLock acquired
07-30 13:57:50.184  1622  2663 D Camera2ClientBase: Camera 0: Shutting down
07-30 13:57:50.184  1622  2663 I Camera3-Device: disconnectImpl: E
07-30 13:57:50.184  1622  2663 I Camera2ClientBase: Closed Camera 0. Client was: com.google.android.GoogleCamera (PID 31475, UID 10193)
07-30 13:57:50.185  1622  2663 I Camera3-Device: disconnectImpl: E
07-30 13:57:50.185  1622  2663 I Camera3DeviceInjectionMethods: injectionDisconnectImpl: Injection camera disconnect
07-30 13:57:50.187  1917  2092 W ActivityManager: setHasOverlayUi called on unknown pid: 31475
07-30 13:57:50.187  1917  2104 W UsageStatsService: Unexpected activity event reported! (com.google.android.GoogleCamera/com.google.android.apps.camera.legacy.app.activity.main.CameraActivity event : 23 instanceId : 167311729)
07-30 13:57:50.629  2692  2696 I native  : I0000 00:00:1722369470.628984    2696 tf_lite_classifier.cc:400] Event stream classified as kNone
07-30 13:57:50.632  1917  4363 D CompatibilityChangeReporter: Compat change id reported: 161252188; UID 10481; state: DISABLED
07-30 13:57:50.632  1917  4363 I ActivityTaskManager: START u0 {act=android.intent.action.MAIN cat=[android.intent.category.LAUNCHER] flg=0x10200000 cmp=com.jcarpenter1.expootaexclusionrepro/.MainActivity bnds=[864,1813][1021,1990]} from uid 10154
07-30 13:57:50.633  1917  4363 D CompatibilityChangeReporter: Compat change id reported: 265464455; UID 10481; state: DISABLED
07-30 13:57:50.633  1917  4363 D CompatibilityChangeReporter: Compat change id reported: 265452344; UID 10481; state: DISABLED
07-30 13:57:50.633  1917  4363 D CompatibilityChangeReporter: Compat change id reported: 266124927; UID 10481; state: DISABLED
07-30 13:57:50.633  1917  4363 D CompatibilityChangeReporter: Compat change id reported: 265451093; UID 10481; state: DISABLED
07-30 13:57:50.633  1917  4363 D CompatibilityChangeReporter: Compat change id reported: 265456536; UID 10481; state: DISABLED
07-30 13:57:50.633  1917  4363 D CompatibilityChangeReporter: Compat change id reported: 255940284; UID 10481; state: DISABLED
07-30 13:57:50.633  1917  4363 D CompatibilityChangeReporter: Compat change id reported: 236283604; UID 10481; state: DISABLED
07-30 13:57:50.633  1917  4363 D CompatibilityChangeReporter: Compat change id reported: 263959004; UID 10481; state: DISABLED
07-30 13:57:50.633  1917  4363 D CompatibilityChangeReporter: Compat change id reported: 264304459; UID 10481; state: DISABLED
07-30 13:57:50.634  1917  4363 D CompatibilityChangeReporter: Compat change id reported: 264301586; UID 10481; state: DISABLED
07-30 13:57:50.634  1917  4363 D CompatibilityChangeReporter: Compat change id reported: 254631730; UID 10481; state: DISABLED
07-30 13:57:50.634  1917  4363 D CompatibilityChangeReporter: Compat change id reported: 273509367; UID 10481; state: DISABLED
07-30 13:57:50.634  1917  4363 D CompatibilityChangeReporter: Compat change id reported: 263259275; UID 10481; state: DISABLED
07-30 13:57:50.634  1917  4363 D CompatibilityChangeReporter: Compat change id reported: 194480991; UID 10481; state: ENABLED
07-30 13:57:50.635  1917  4363 D CompatibilityChangeReporter: Compat change id reported: 174042980; UID 10481; state: DISABLED
07-30 13:57:50.637  1917  4363 D CompatibilityChangeReporter: Compat change id reported: 184838306; UID 10481; state: DISABLED
07-30 13:57:50.637  1917  4363 D CompatibilityChangeReporter: Compat change id reported: 185004937; UID 10481; state: DISABLED
07-30 13:57:50.638  1917  4363 D CompatibilityChangeReporter: Compat change id reported: 181136395; UID 10481; state: DISABLED
07-30 13:57:50.638  1917  4363 D CompatibilityChangeReporter: Compat change id reported: 174042936; UID 10481; state: DISABLED
07-30 13:57:50.639  1917  4363 D CompatibilityChangeReporter: Compat change id reported: 197654537; UID 10481; state: ENABLED
07-30 13:57:50.640  1917  4363 D CompatibilityChangeReporter: Compat change id reported: 205907456; UID 10481; state: ENABLED
07-30 13:57:50.645  1917  4363 D CompatibilityChangeReporter: Compat change id reported: 194833441; UID 10481; state: ENABLED
07-30 13:57:50.646  1917  2092 D CompatibilityChangeReporter: Compat change id reported: 135634846; UID 10481; state: DISABLED
07-30 13:57:50.646  1917  2092 D CompatibilityChangeReporter: Compat change id reported: 177438394; UID 10481; state: DISABLED
07-30 13:57:50.646  1917  2092 D CompatibilityChangeReporter: Compat change id reported: 135772972; UID 10481; state: DISABLED
07-30 13:57:50.646  1917  2092 D CompatibilityChangeReporter: Compat change id reported: 135754954; UID 10481; state: ENABLED
07-30 13:57:50.647  1917  2106 D CompatibilityChangeReporter: Compat change id reported: 143937733; UID 10481; state: ENABLED
07-30 13:57:50.650  3253  3311 D QuickstepModelDelegate: notifyAppTargetEvent action=1 launchLocation=predictions/hotseat
07-30 13:57:50.651  2874  2935 W Parcel  : Expecting binder but got null!
07-30 13:57:50.653  1917  4352 D CompatibilityChangeReporter: Compat change id reported: 168419799; UID 10481; state: DISABLED
07-30 13:57:50.653  1917  4352 D CompatibilityChangeReporter: Compat change id reported: 273564678; UID 10481; state: DISABLED
07-30 13:57:50.655  1353  1353 D Zygote  : Forked child process 32724
07-30 13:57:50.656  1917  2106 I ActivityManager: Start proc 32724:com.jcarpenter1.expootaexclusionrepro/u0a481 for next-top-activity {com.jcarpenter1.expootaexclusionrepro/com.jcarpenter1.expootaexclusionrepro.MainActivity}
07-30 13:57:50.658  1917  4352 W AutofillManagerServiceImpl: getFillEventHistory() called by UID 10135, but service UID is 10147
07-30 13:57:50.659  1917  4363 D CoreBackPreview: Window{8f4e173 u0 Splash Screen com.jcarpenter1.expootaexclusionrepro}: Setting back callback OnBackInvokedCallbackInfo{mCallback=android.window.IOnBackInvokedCallback$Stub$Proxy@6df022e, mPriority=0}
07-30 13:57:50.670  2874  2935 E OpenGLRenderer: Unable to match the desired swap behavior.
07-30 13:57:50.670 32724 32724 I aexclusionrepro: Using CollectorTypeCC GC.
07-30 13:57:50.673 32724 32724 E aexclusionrepro: Not starting debugger since process cannot load the jdwp agent.
07-30 13:57:50.694 32724 32724 D CompatibilityChangeReporter: Compat change id reported: 171979766; UID 10481; state: ENABLED
07-30 13:57:50.704 32724 32724 D nativeloader: Configuring clns-4 for other apk /data/app/~~NfLuExn4uH56SsxBgVKQgQ==/com.jcarpenter1.expootaexclusionrepro-qBr5yS93gDrON2zDImzzIg==/base.apk. target_sdk_version=34, uses_libraries=, library_path=/data/app/~~NfLuExn4uH56SsxBgVKQgQ==/com.jcarpenter1.expootaexclusionrepro-qBr5yS93gDrON2zDImzzIg==/lib/arm64:/data/app/~~NfLuExn4uH56SsxBgVKQgQ==/com.jcarpenter1.expootaexclusionrepro-qBr5yS93gDrON2zDImzzIg==/base.apk!/lib/arm64-v8a, permitted_path=/data:/mnt/expand:/data/user/0/com.jcarpenter1.expootaexclusionrepro
07-30 13:57:50.705  1395  1480 D CHRE    : @ 489829.621: [ActivityPlatform] type 4, confidence 91
07-30 13:57:50.710 32724 32724 V GraphicsEnvironment: ANGLE Developer option for 'com.jcarpenter1.expootaexclusionrepro' set to: 'default'
07-30 13:57:50.711 32724 32724 V GraphicsEnvironment: ANGLE GameManagerService for com.jcarpenter1.expootaexclusionrepro: false
07-30 13:57:50.711 32724 32724 V GraphicsEnvironment: Updatable production driver is not supported on the device.
07-30 13:57:50.712 32724 32724 D NetworkSecurityConfig: No Network Security Config specified, using platform default
07-30 13:57:50.712 32724 32724 D NetworkSecurityConfig: No Network Security Config specified, using platform default
07-30 13:57:50.723 32724 32724 V SoLoader: Init SoLoader delegate
07-30 13:57:50.730 32724 32724 D AppCompatDelegate: Checking for metadata for AppLocalesMetadataHolderService : Service not found
07-30 13:57:50.754 22421 22421 I A       : onPause
07-30 13:57:50.755  1382  1382 W binder:1382_3: type=1400 audit(0.0:2535179): avc: denied { write } for name="statsdw" dev="tmpfs" ino=33376 scontext=u:r:hal_camera_default:s0 tcontext=u:object_r:statsdw_socket:s0 tclass=sock_file permissive=0
07-30 13:57:50.762  1382  1382 W binder:1382_3: type=1400 audit(0.0:2535180): avc: denied { write } for name="statsdw" dev="tmpfs" ino=33376 scontext=u:r:hal_camera_default:s0 tcontext=u:object_r:statsdw_socket:s0 tclass=sock_file permissive=0
07-30 13:57:50.767 22421  1347 V ClearcutMetricXmitter: Transmission is done.
07-30 13:57:50.765  1382  1382 W binder:1382_3: type=1400 audit(0.0:2535181): avc: denied { write } for name="statsdw" dev="tmpfs" ino=33376 scontext=u:r:hal_camera_default:s0 tcontext=u:object_r:statsdw_socket:s0 tclass=sock_file permissive=0
07-30 13:57:50.772  1382  1382 W binder:1382_3: type=1400 audit(0.0:2535182): avc: denied { write } for name="statsdw" dev="tmpfs" ino=33376 scontext=u:r:hal_camera_default:s0 tcontext=u:object_r:statsdw_socket:s0 tclass=sock_file permissive=0
07-30 13:57:50.778  1382  1382 W binder:1382_3: type=1400 audit(0.0:2535183): avc: denied { write } for name="statsdw" dev="tmpfs" ino=33376 scontext=u:r:hal_camera_default:s0 tcontext=u:object_r:statsdw_socket:s0 tclass=sock_file permissive=0
07-30 13:57:50.823 32724 32724 D CompatibilityChangeReporter: Compat change id reported: 237531167; UID 10481; state: DISABLED
07-30 13:57:50.828 32724 32741 W Parcel  : Expecting binder but got null!
07-30 13:57:50.836  1917  4352 D CoreBackPreview: Window{9eecf92 u0 com.jcarpenter1.expootaexclusionrepro/com.jcarpenter1.expootaexclusionrepro.MainActivity}: Setting back callback OnBackInvokedCallbackInfo{mCallback=android.window.IOnBackInvokedCallback$Stub$Proxy@e110d60, mPriority=0}
07-30 13:57:50.846 32724 32745 I dev.expo.updates: {"timestamp":1722369470846,"message":"embeddedAssetFileMap: embeddedAssets count = 18","code":"None","level":"info"}
07-30 13:57:50.846 32724 32745 I dev.expo.updates: {"timestamp":1722369470846,"message":"embeddedAssetFileMap: 778ffc9fe8773a878e9c30a6304784de,png => file:\/\/\/data\/user\/0\/com.jcarpenter1.expootaexclusionrepro\/files\/.expo-internal\/778ffc9fe8773a878e9c30a6304784de.png","code":"None","level":"info"}
07-30 13:57:50.847 32724 32745 I dev.expo.updates: {"timestamp":1722369470847,"message":"embeddedAssetFileMap: 376d6a4c7f622917c39feb23671ef71d,png => file:\/\/\/data\/user\/0\/com.jcarpenter1.expootaexclusionrepro\/files\/.expo-internal\/376d6a4c7f622917c39feb23671ef71d.png","code":"None","level":"info"}
07-30 13:57:50.847 32724 32745 I dev.expo.updates: {"timestamp":1722369470847,"message":"embeddedAssetFileMap: c79c3606a1cf168006ad3979763c7e0c,png => file:\/\/\/data\/user\/0\/com.jcarpenter1.expootaexclusionrepro\/files\/.expo-internal\/c79c3606a1cf168006ad3979763c7e0c.png","code":"None","level":"info"}
07-30 13:57:50.848 32724 32745 I dev.expo.updates: {"timestamp":1722369470847,"message":"embeddedAssetFileMap: 02bc1fa7c0313217bde2d65ccbff40c9,png => file:\/\/\/data\/user\/0\/com.jcarpenter1.expootaexclusionrepro\/files\/.expo-internal\/02bc1fa7c0313217bde2d65ccbff40c9.png","code":"None","level":"info"}
07-30 13:57:50.848 32724 32745 I dev.expo.updates: {"timestamp":1722369470848,"message":"embeddedAssetFileMap: 35ba0eaec5a4f5ed12ca16fabeae451d,png => file:\/\/\/data\/user\/0\/com.jcarpenter1.expootaexclusionrepro\/files\/.expo-internal\/35ba0eaec5a4f5ed12ca16fabeae451d.png","code":"None","level":"info"}
07-30 13:57:50.848 32724 32745 I dev.expo.updates: {"timestamp":1722369470848,"message":"embeddedAssetFileMap: 5223c8d9b0d08b82a5670fb5f71faf78,png => file:\/\/\/data\/user\/0\/com.jcarpenter1.expootaexclusionrepro\/files\/.expo-internal\/5223c8d9b0d08b82a5670fb5f71faf78.png","code":"None","level":"info"}
07-30 13:57:50.849 32724 32745 I dev.expo.updates: {"timestamp":1722369470849,"message":"embeddedAssetFileMap: 563d5e3294b67811d0a1aede6f601e30,png => file:\/\/\/data\/user\/0\/com.jcarpenter1.expootaexclusionrepro\/files\/.expo-internal\/563d5e3294b67811d0a1aede6f601e30.png","code":"None","level":"info"}
07-30 13:57:50.849 32724 32745 I dev.expo.updates: {"timestamp":1722369470849,"message":"embeddedAssetFileMap: b6c297a501e289394b0bc5dc69c265e6,png => file:\/\/\/data\/user\/0\/com.jcarpenter1.expootaexclusionrepro\/files\/.expo-internal\/b6c297a501e289394b0bc5dc69c265e6.png","code":"None","level":"info"}
07-30 13:57:50.850 32724 32745 I dev.expo.updates: {"timestamp":1722369470850,"message":"embeddedAssetFileMap: 5974eb3e1c5314e8d5a822702d7d0740,png => file:\/\/\/data\/user\/0\/com.jcarpenter1.expootaexclusionrepro\/files\/.expo-internal\/5974eb3e1c5314e8d5a822702d7d0740.png","code":"None","level":"info"}
07-30 13:57:50.850 32724 32745 I dev.expo.updates: {"timestamp":1722369470850,"message":"embeddedAssetFileMap: 9d9c5644f55c2f6e4b7f247c378b2fe9,png => file:\/\/\/data\/user\/0\/com.jcarpenter1.expootaexclusionrepro\/files\/.expo-internal\/9d9c5644f55c2f6e4b7f247c378b2fe9.png","code":"None","level":"info"}
07-30 13:57:50.851 32724 32745 I dev.expo.updates: {"timestamp":1722369470850,"message":"embeddedAssetFileMap: 6148e7019854f3bde85b633cb88f3c25,ttf => file:\/\/\/data\/user\/0\/com.jcarpenter1.expootaexclusionrepro\/files\/.expo-internal\/6148e7019854f3bde85b633cb88f3c25.ttf","code":"None","level":"info"}
07-30 13:57:50.851 32724 32745 I dev.expo.updates: {"timestamp":1722369470851,"message":"embeddedAssetFileMap: 695d5a1c6f29a689130f3aaa573aec6e,png => file:\/\/\/data\/user\/0\/com.jcarpenter1.expootaexclusionrepro\/files\/.expo-internal\/695d5a1c6f29a689130f3aaa573aec6e.png","code":"None","level":"info"}
07-30 13:57:50.851 32724 32745 I dev.expo.updates: {"timestamp":1722369470851,"message":"embeddedAssetFileMap: b507e7f2c91ebc8fe24dee79ccb3b600,png => file:\/\/\/data\/user\/0\/com.jcarpenter1.expootaexclusionrepro\/files\/.expo-internal\/b507e7f2c91ebc8fe24dee79ccb3b600.png","code":"None","level":"info"}
07-30 13:57:50.852 32724 32745 I dev.expo.updates: {"timestamp":1722369470852,"message":"embeddedAssetFileMap: 8a4d0e5b845044e56e3b2df627d01cfd,png => file:\/\/\/data\/user\/0\/com.jcarpenter1.expootaexclusionrepro\/files\/.expo-internal\/8a4d0e5b845044e56e3b2df627d01cfd.png","code":"None","level":"info"}
07-30 13:57:50.852 32724 32745 I dev.expo.updates: {"timestamp":1722369470852,"message":"embeddedAssetFileMap: 8f14e478886737f3323a2ac79c833749,png => file:\/\/\/data\/user\/0\/com.jcarpenter1.expootaexclusionrepro\/files\/.expo-internal\/8f14e478886737f3323a2ac79c833749.png","code":"None","level":"info"}
07-30 13:57:50.853 32724 32745 I dev.expo.updates: {"timestamp":1722369470852,"message":"embeddedAssetFileMap: 49a79d66bdea2debf1832bf4d7aca127,ttf => file:\/\/\/data\/user\/0\/com.jcarpenter1.expootaexclusionrepro\/files\/.expo-internal\/49a79d66bdea2debf1832bf4d7aca127.ttf","code":"None","level":"info"}
07-30 13:57:50.853 32724 32745 I dev.expo.updates: {"timestamp":1722369470853,"message":"embeddedAssetFileMap: 92c7720bb90d3bf633cdce9845065657,db => file:\/\/\/data\/user\/0\/com.jcarpenter1.expootaexclusionrepro\/files\/.expo-internal\/92c7720bb90d3bf633cdce9845065657.db","code":"None","level":"info"}
07-30 13:57:50.854 32724 32741 I AdrenoGLES-0: QUALCOMM build                   : 85da404, I46ff5fc46f
07-30 13:57:50.854 32724 32741 I AdrenoGLES-0: Build Date                       : 11/30/20
07-30 13:57:50.854 32724 32741 I AdrenoGLES-0: OpenGL ES Shader Compiler Version: EV031.31.04.01
07-30 13:57:50.854 32724 32741 I AdrenoGLES-0: Local Branch                     : promo490_3_Google
07-30 13:57:50.854 32724 32741 I AdrenoGLES-0: Remote Branch                    :
07-30 13:57:50.854 32724 32741 I AdrenoGLES-0: Remote Branch                    :
07-30 13:57:50.854 32724 32741 I AdrenoGLES-0: Reconstruct Branch               :
07-30 13:57:50.854 32724 32741 I AdrenoGLES-0: Build Config                     : S P 10.0.4 AArch64
07-30 13:57:50.854 32724 32741 I AdrenoGLES-0: Driver Path                      : /vendor/lib64/egl/libGLESv2_adreno.so
07-30 13:57:50.854 32724 32752 I dev.expo.updates: {"timestamp":1722369470854,"message":"Updates state change: Check, context = {isUpdateAvailable=false, isUpdatePending=false, isChecking=true, isDownloading=false, isRestarting=false}","code":"None","level":"info"}
07-30 13:57:50.857 32724 32752 V SoLoader: libreactnativejni.so not found on /data/app/~~NfLuExn4uH56SsxBgVKQgQ==/com.jcarpenter1.expootaexclusionrepro-qBr5yS93gDrON2zDImzzIg==/lib/arm64
07-30 13:57:50.857 32724 32741 I AdrenoGLES-0: PFP: 0x016ee190, ME: 0x00000000
07-30 13:57:50.859 32724 32741 W AdrenoUtils: <ReadGpuID_from_sysfs:197>: Failed to open /sys/class/kgsl/kgsl-3d0/gpu_model
07-30 13:57:50.859 32724 32741 W AdrenoUtils: <ReadGpuID:221>: Failed to read chip ID from gpu_model. Fallback to use the GSL path
07-30 13:57:50.860  1395  1480 D VSC     : @ 489829.775: [WO] Proposed rotation: 4, flat angle threshold: 65
07-30 13:57:50.860  1395  1480 D VSC     : @ 489829.775: [WO] orientation angle 359, orientation 4
07-30 13:57:50.860  1395  1480 D VSC     : @ 489829.775: [WO] Gyro angle integrated: 3.079051
07-30 13:57:50.860  1395  1480 D VSC     : @ 489829.775: [WO] Gyro angle integrated: 3.079051
07-30 13:57:50.864 32724 32752 V SoLoader: libandroid.so not found on /data/app/~~NfLuExn4uH56SsxBgVKQgQ==/com.jcarpenter1.expootaexclusionrepro-qBr5yS93gDrON2zDImzzIg==/lib/arm64
07-30 13:57:50.864 32724 32752 V SoLoader: libandroid.so not found on /data/app/~~NfLuExn4uH56SsxBgVKQgQ==/com.jcarpenter1.expootaexclusionrepro-qBr5yS93gDrON2zDImzzIg==/base.apk!/lib/arm64-v8a
07-30 13:57:50.864 32724 32752 D SoLoader: libandroid.so found on /system/lib64
07-30 13:57:50.864 32724 32752 D SoLoader: libandroid.so loaded implicitly
07-30 13:57:50.864 32724 32752 V SoLoader: libyoga.so not found on /data/app/~~NfLuExn4uH56SsxBgVKQgQ==/com.jcarpenter1.expootaexclusionrepro-qBr5yS93gDrON2zDImzzIg==/lib/arm64
07-30 13:57:50.864   709   709 I SDM     : HWCDisplay::GetColorModeCount: Supported color mode count = 3
07-30 13:57:50.865 32724 32741 E OpenGLRenderer: Unable to match the desired swap behavior.
07-30 13:57:50.865 32724 32752 V SoLoader: libfbjni.so not found on /data/app/~~NfLuExn4uH56SsxBgVKQgQ==/com.jcarpenter1.expootaexclusionrepro-qBr5yS93gDrON2zDImzzIg==/lib/arm64
07-30 13:57:50.867 32724 32752 V SoLoader: liblog.so not found on /data/app/~~NfLuExn4uH56SsxBgVKQgQ==/com.jcarpenter1.expootaexclusionrepro-qBr5yS93gDrON2zDImzzIg==/lib/arm64
07-30 13:57:50.867 32724 32752 V SoLoader: liblog.so not found on /data/app/~~NfLuExn4uH56SsxBgVKQgQ==/com.jcarpenter1.expootaexclusionrepro-qBr5yS93gDrON2zDImzzIg==/base.apk!/lib/arm64-v8a
07-30 13:57:50.867 32724 32752 D SoLoader: liblog.so found on /system/lib64
07-30 13:57:50.867 32724 32752 D SoLoader: liblog.so loaded implicitly
07-30 13:57:50.867 32724 32752 V SoLoader: libm.so not found on /data/app/~~NfLuExn4uH56SsxBgVKQgQ==/com.jcarpenter1.expootaexclusionrepro-qBr5yS93gDrON2zDImzzIg==/lib/arm64
07-30 13:57:50.867 32724 32752 V SoLoader: libm.so not found on /data/app/~~NfLuExn4uH56SsxBgVKQgQ==/com.jcarpenter1.expootaexclusionrepro-qBr5yS93gDrON2zDImzzIg==/base.apk!/lib/arm64-v8a
07-30 13:57:50.867 32724 32752 D SoLoader: libm.so found on /system/lib64
07-30 13:57:50.867 32724 32752 D SoLoader: libm.so loaded implicitly
07-30 13:57:50.867 32724 32752 V SoLoader: libc++_shared.so not found on /data/app/~~NfLuExn4uH56SsxBgVKQgQ==/com.jcarpenter1.expootaexclusionrepro-qBr5yS93gDrON2zDImzzIg==/lib/arm64
07-30 13:57:50.867 32724 32752 V SoLoader: libc.so not found on /data/app/~~NfLuExn4uH56SsxBgVKQgQ==/com.jcarpenter1.expootaexclusionrepro-qBr5yS93gDrON2zDImzzIg==/lib/arm64
07-30 13:57:50.868 32724 32752 V SoLoader: libc.so not found on /data/app/~~NfLuExn4uH56SsxBgVKQgQ==/com.jcarpenter1.expootaexclusionrepro-qBr5yS93gDrON2zDImzzIg==/base.apk!/lib/arm64-v8a
07-30 13:57:50.868 32724 32752 D SoLoader: libc.so found on /system/lib64
07-30 13:57:50.868 32724 32752 D SoLoader: libc.so loaded implicitly
07-30 13:57:50.868 32724 32752 V SoLoader: libdl.so not found on /data/app/~~NfLuExn4uH56SsxBgVKQgQ==/com.jcarpenter1.expootaexclusionrepro-qBr5yS93gDrON2zDImzzIg==/lib/arm64
07-30 13:57:50.868 32724 32752 V SoLoader: libdl.so not found on /data/app/~~NfLuExn4uH56SsxBgVKQgQ==/com.jcarpenter1.expootaexclusionrepro-qBr5yS93gDrON2zDImzzIg==/base.apk!/lib/arm64-v8a
07-30 13:57:50.868 32724 32752 D SoLoader: libdl.so found on /system/lib64
07-30 13:57:50.868 32724 32752 D SoLoader: libdl.so loaded implicitly
07-30 13:57:50.869   652   652 I servicemanager: Could not find android.hardware.graphics.allocator.IAllocator/default in the VINTF manifest.
07-30 13:57:50.869 32724 32752 D SoLoader: libc++_shared.so found on /data/app/~~NfLuExn4uH56SsxBgVKQgQ==/com.jcarpenter1.expootaexclusionrepro-qBr5yS93gDrON2zDImzzIg==/base.apk!/lib/arm64-v8a
07-30 13:57:50.870 32724 32752 D SoLoader: libfbjni.so found on /data/app/~~NfLuExn4uH56SsxBgVKQgQ==/com.jcarpenter1.expootaexclusionrepro-qBr5yS93gDrON2zDImzzIg==/base.apk!/lib/arm64-v8a
07-30 13:57:50.871 32724 32752 D SoLoader: libyoga.so found on /data/app/~~NfLuExn4uH56SsxBgVKQgQ==/com.jcarpenter1.expootaexclusionrepro-qBr5yS93gDrON2zDImzzIg==/base.apk!/lib/arm64-v8a
07-30 13:57:50.871 32724 32752 V SoLoader: libreactperfloggerjni.so not found on /data/app/~~NfLuExn4uH56SsxBgVKQgQ==/com.jcarpenter1.expootaexclusionrepro-qBr5yS93gDrON2zDImzzIg==/lib/arm64
07-30 13:57:50.873 32724 32752 D SoLoader: libreactperfloggerjni.so found on /data/app/~~NfLuExn4uH56SsxBgVKQgQ==/com.jcarpenter1.expootaexclusionrepro-qBr5yS93gDrON2zDImzzIg==/base.apk!/lib/arm64-v8a
07-30 13:57:50.873 32724 32752 V SoLoader: libreact_render_core.so not found on /data/app/~~NfLuExn4uH56SsxBgVKQgQ==/com.jcarpenter1.expootaexclusionrepro-qBr5yS93gDrON2zDImzzIg==/lib/arm64
07-30 13:57:50.874 32724 32752 V SoLoader: libreact_render_debug.so not found on /data/app/~~NfLuExn4uH56SsxBgVKQgQ==/com.jcarpenter1.expootaexclusionrepro-qBr5yS93gDrON2zDImzzIg==/lib/arm64
07-30 13:57:50.878 32724 32752 V SoLoader: libfolly_runtime.so not found on /data/app/~~NfLuExn4uH56SsxBgVKQgQ==/com.jcarpenter1.expootaexclusionrepro-qBr5yS93gDrON2zDImzzIg==/lib/arm64
07-30 13:57:50.882 32724 32752 V SoLoader: libglog.so not found on /data/app/~~NfLuExn4uH56SsxBgVKQgQ==/com.jcarpenter1.expootaexclusionrepro-qBr5yS93gDrON2zDImzzIg==/lib/arm64
07-30 13:57:50.885 32724 32752 D SoLoader: libglog.so found on /data/app/~~NfLuExn4uH56SsxBgVKQgQ==/com.jcarpenter1.expootaexclusionrepro-qBr5yS93gDrON2zDImzzIg==/base.apk!/lib/arm64-v8a
07-30 13:57:50.886 32724 32724 V SoLoader: libhermes.so not found on /data/app/~~NfLuExn4uH56SsxBgVKQgQ==/com.jcarpenter1.expootaexclusionrepro-qBr5yS93gDrON2zDImzzIg==/lib/arm64
07-30 13:57:50.887 32724 32752 D SoLoader: libfolly_runtime.so found on /data/app/~~NfLuExn4uH56SsxBgVKQgQ==/com.jcarpenter1.expootaexclusionrepro-qBr5yS93gDrON2zDImzzIg==/base.apk!/lib/arm64-v8a
07-30 13:57:50.887 32724 32724 V SoLoader: libjsi.so not found on /data/app/~~NfLuExn4uH56SsxBgVKQgQ==/com.jcarpenter1.expootaexclusionrepro-qBr5yS93gDrON2zDImzzIg==/lib/arm64
07-30 13:57:50.888 32724 32752 D SoLoader: libreact_render_debug.so found on /data/app/~~NfLuExn4uH56SsxBgVKQgQ==/com.jcarpenter1.expootaexclusionrepro-qBr5yS93gDrON2zDImzzIg==/base.apk!/lib/arm64-v8a
07-30 13:57:50.888 32724 32752 V SoLoader: libreact_render_graphics.so not found on /data/app/~~NfLuExn4uH56SsxBgVKQgQ==/com.jcarpenter1.expootaexclusionrepro-qBr5yS93gDrON2zDImzzIg==/lib/arm64
07-30 13:57:50.888 32724 32724 D SoLoader: libjsi.so found on /data/app/~~NfLuExn4uH56SsxBgVKQgQ==/com.jcarpenter1.expootaexclusionrepro-qBr5yS93gDrON2zDImzzIg==/base.apk!/lib/arm64-v8a
07-30 13:57:50.889 32724 32752 V SoLoader: libreact_utils.so not found on /data/app/~~NfLuExn4uH56SsxBgVKQgQ==/com.jcarpenter1.expootaexclusionrepro-qBr5yS93gDrON2zDImzzIg==/lib/arm64
07-30 13:57:50.890 32724 32724 D SoLoader: libhermes.so found on /data/app/~~NfLuExn4uH56SsxBgVKQgQ==/com.jcarpenter1.expootaexclusionrepro-qBr5yS93gDrON2zDImzzIg==/base.apk!/lib/arm64-v8a
07-30 13:57:50.890 32724 32724 V SoLoader: libhermes_executor.so not found on /data/app/~~NfLuExn4uH56SsxBgVKQgQ==/com.jcarpenter1.expootaexclusionrepro-qBr5yS93gDrON2zDImzzIg==/lib/arm64
07-30 13:57:50.890 32724 32752 V SoLoader: libreact_debug.so not found on /data/app/~~NfLuExn4uH56SsxBgVKQgQ==/com.jcarpenter1.expootaexclusionrepro-qBr5yS93gDrON2zDImzzIg==/lib/arm64
07-30 13:57:50.892 32724 32752 D SoLoader: libreact_debug.so found on /data/app/~~NfLuExn4uH56SsxBgVKQgQ==/com.jcarpenter1.expootaexclusionrepro-qBr5yS93gDrON2zDImzzIg==/base.apk!/lib/arm64-v8a
07-30 13:57:50.892 32724 32752 V SoLoader: libjsinspector.so not found on /data/app/~~NfLuExn4uH56SsxBgVKQgQ==/com.jcarpenter1.expootaexclusionrepro-qBr5yS93gDrON2zDImzzIg==/lib/arm64
07-30 13:57:50.893 32724 32752 V SoLoader: libreact_featureflags.so not found on /data/app/~~NfLuExn4uH56SsxBgVKQgQ==/com.jcarpenter1.expootaexclusionrepro-qBr5yS93gDrON2zDImzzIg==/lib/arm64
07-30 13:57:50.894 32724 32752 D SoLoader: libreact_featureflags.so found on /data/app/~~NfLuExn4uH56SsxBgVKQgQ==/com.jcarpenter1.expootaexclusionrepro-qBr5yS93gDrON2zDImzzIg==/base.apk!/lib/arm64-v8a
07-30 13:57:50.895 32724 32752 V SoLoader: libruntimeexecutor.so not found on /data/app/~~NfLuExn4uH56SsxBgVKQgQ==/com.jcarpenter1.expootaexclusionrepro-qBr5yS93gDrON2zDImzzIg==/lib/arm64
07-30 13:57:50.896 32724 32752 D SoLoader: libruntimeexecutor.so found on /data/app/~~NfLuExn4uH56SsxBgVKQgQ==/com.jcarpenter1.expootaexclusionrepro-qBr5yS93gDrON2zDImzzIg==/base.apk!/lib/arm64-v8a
07-30 13:57:50.897 32724 32752 D SoLoader: libjsinspector.so found on /data/app/~~NfLuExn4uH56SsxBgVKQgQ==/com.jcarpenter1.expootaexclusionrepro-qBr5yS93gDrON2zDImzzIg==/base.apk!/lib/arm64-v8a
07-30 13:57:50.898 32724 32752 D SoLoader: libreact_utils.so found on /data/app/~~NfLuExn4uH56SsxBgVKQgQ==/com.jcarpenter1.expootaexclusionrepro-qBr5yS93gDrON2zDImzzIg==/base.apk!/lib/arm64-v8a
07-30 13:57:50.899 32724 32752 D SoLoader: libreact_render_graphics.so found on /data/app/~~NfLuExn4uH56SsxBgVKQgQ==/com.jcarpenter1.expootaexclusionrepro-qBr5yS93gDrON2zDImzzIg==/base.apk!/lib/arm64-v8a
07-30 13:57:50.899 32724 32752 V SoLoader: libreact_render_mapbuffer.so not found on /data/app/~~NfLuExn4uH56SsxBgVKQgQ==/com.jcarpenter1.expootaexclusionrepro-qBr5yS93gDrON2zDImzzIg==/lib/arm64
07-30 13:57:50.900 32724 32752 D SoLoader: libreact_render_mapbuffer.so found on /data/app/~~NfLuExn4uH56SsxBgVKQgQ==/com.jcarpenter1.expootaexclusionrepro-qBr5yS93gDrON2zDImzzIg==/base.apk!/lib/arm64-v8a
07-30 13:57:50.902 32724 32752 D SoLoader: libreact_render_core.so found on /data/app/~~NfLuExn4uH56SsxBgVKQgQ==/com.jcarpenter1.expootaexclusionrepro-qBr5yS93gDrON2zDImzzIg==/base.apk!/lib/arm64-v8a
07-30 13:57:50.902  1917  2089 I ActivityTaskManager: Displayed com.jcarpenter1.expootaexclusionrepro/.MainActivity: +258ms
07-30 13:57:50.903  4076  4198 W AiAiEcho: Logging to Simple Storage failed.
07-30 13:57:50.903  4076  4198 W AiAiEcho: java.util.concurrent.CancellationException
07-30 13:57:50.903  4076  4198 W AiAiEcho: 	at ybm.d(PG:8)
07-30 13:57:50.903  4076  4198 W AiAiEcho: 	at ybm.get(PG:1)
07-30 13:57:50.903  4076  4198 W AiAiEcho: 	at a.n(PG:2)
07-30 13:57:50.903  4076  4198 W AiAiEcho: 	at trf.Q(PG:10)
07-30 13:57:50.903  4076  4198 W AiAiEcho: 	at uba.run(PG:24)
07-30 13:57:50.903  4076  4198 W AiAiEcho: 	at java.util.concurrent.Executors$RunnableAdapter.call(Executors.java:487)
07-30 13:57:50.903  4076  4198 W AiAiEcho: 	at uci.a(PG:3)
07-30 13:57:50.903  4076  4198 W AiAiEcho: 	at ubk.run(PG:21)
07-30 13:57:50.903  4076  4198 W AiAiEcho: 	at ucj.run(PG:5)
07-30 13:57:50.903  4076  4198 W AiAiEcho: 	at java.util.concurrent.Executors$RunnableAdapter.call(Executors.java:487)
07-30 13:57:50.903  4076  4198 W AiAiEcho: 	at java.util.concurrent.FutureTask.run(FutureTask.java:264)
07-30 13:57:50.903  4076  4198 W AiAiEcho: 	at java.util.concurrent.ScheduledThreadPoolExecutor$ScheduledFutureTask.run(ScheduledThreadPoolExecutor.java:307)
07-30 13:57:50.903  4076  4198 W AiAiEcho: 	at java.util.concurrent.ThreadPoolExecutor.runWorker(ThreadPoolExecutor.java:1145)
07-30 13:57:50.903  4076  4198 W AiAiEcho: 	at java.util.concurrent.ThreadPoolExecutor$Worker.run(ThreadPoolExecutor.java:644)
07-30 13:57:50.903  4076  4198 W AiAiEcho: 	at hff.run(PG:221)
07-30 13:57:50.903  4076  4198 W AiAiEcho: 	at java.lang.Thread.run(Thread.java:1012)
07-30 13:57:50.903  4076  4198 W AiAiEcho: Caused by: xuy: Parent job is Cancelled; job=xva{Cancelled}@9680557
07-30 13:57:50.903  4076  4198 W AiAiEcho: Caused by: android.database.sqlite.SQLiteException: no such column: "ttlBaseMillis" (code 1 SQLITE_ERROR): , while compiling: ALTER TABLE `PersistedPeopleSuggestLabels`
07-30 13:57:50.903  4076  4198 W AiAiEcho:             RENAME COLUMN `ttlBaseMillis` TO `createdMillis`;
07-30 13:57:50.903  4076  4198 W AiAiEcho: 	at android.database.sqlite.SQLiteConnection.nativePrepareStatement(Native Method)
07-30 13:57:50.903  4076  4198 W AiAiEcho: 	at android.database.sqlite.SQLiteConnection.acquirePreparedStatement(SQLiteConnection.java:1068)
07-30 13:57:50.903  4076  4198 W AiAiEcho: 	at android.database.sqlite.SQLiteConnection.prepare(SQLiteConnection.java:673)
07-30 13:57:50.903  4076  4198 W AiAiEcho: 	at android.database.sqlite.SQLiteSession.prepare(SQLiteSession.java:590)
07-30 13:57:50.903  4076  4198 W AiAiEcho: 	at android.database.sqlite.SQLiteProgram.<init>(SQLiteProgram.java:62)
07-30 13:57:50.903  4076  4198 W AiAiEcho: 	at android.database.sqlite.SQLiteStatement.<init>(SQLiteStatement.java:34)
07-30 13:57:50.903  4076  4198 W AiAiEcho: 	at android.database.sqlite.SQLiteDatabase.executeSql(SQLiteDatabase.java:2086)
07-30 13:57:50.903  4076  4198 W AiAiEcho: 	at android.database.sqlite.SQLiteDatabase.execSQL(SQLiteDatabase.java:2008)
07-30 13:57:50.903  4076  4198 W AiAiEcho: 	at bsy.h(PG:3)
07-30 13:57:50.903  4076  4198 W AiAiEcho: 	at gfl.a(PG:3)
07-30 13:57:50.903  4076  4198 W AiAiEcho: 	at bso.b(PG:151)
07-30 13:57:50.903  4076  4198 W AiAiEcho: 	at btc.onUpgrade(PG:15)
07-30 13:57:50.903  4076  4198 W AiAiEcho: 	at android.database.sqlite.SQLiteOpenHelper.getDatabaseLocked(SQLiteOpenHelper.java:416)
07-30 13:57:50.903  4076  4198 W AiAiEcho: 	at android.database.sqlite.SQLiteOpenHelper.getWritableDatabase(SQLiteOpenHelper.java:316)
07-30 13:57:50.903  4076  4198 W AiAiEcho: 	at btc.c(PG:1)
07-30 13:57:50.903  4076  4198 W AiAiEcho: 	at btc.b(PG:90)
07-30 13:57:50.903  4076  4198 W AiAiEcho: 	at bte.a(PG:5)
07-30 13:57:50.903  4076  4198 W AiAiEcho: 	at ghg.b(PG:139)
07-30 13:57:50.903  4076  4198 W AiAiEcho: 	at ghg.a(PG:13)
07-30 13:57:50.903  4076  4198 W AiAiEcho: 	at xpi.C(PG:14)
07-30 13:57:50.903  4076  4198 W AiAiEcho: 	at xey.bw(PG:54)
07-30 13:57:50.903  4076  4198 W AiAiEcho: 	at ghl.b(PG:39)
07-30 13:57:50.903  4076  4198 W AiAiEcho: 	at xms.g(PG:13)
07-30 13:57:50.903  4076  4198 W AiAiEcho: 	at kotlinx.coroutines.DispatchedTask.run(PG:114)
07-30 13:57:50.903  4076  4198 W AiAiEcho: 	at java.util.concurrent.Executors$RunnableAdapter.call(Executors.java:487)
07-30 13:57:50.903  4076  4198 W AiAiEcho: 	at uci.a(PG:3)
07-30 13:57:50.903  4076  4198 W AiAiEcho: 	at ubk.run(PG:21)
07-30 13:57:50.903  4076  4198 W AiAiEcho: 	at ucj.run(PG:5)
07-30 13:57:50.903  4076  4198 W AiAiEcho: 	at java.util.concurrent.Executors$RunnableAdapter.call(Executors.java:487)
07-30 13:57:50.903  4076  4198 W AiAiEcho: 	at java.util.concurrent.FutureTask.run(FutureTask.java:264)
07-30 13:57:50.903  4076  4198 W AiAiEcho: 	at java.util.concurrent.ScheduledThreadPoolExecutor$ScheduledFutureTask.run(ScheduledThreadPoolExecutor.java:307)
07-30 13:57:50.903  4076  4198 W AiAiEcho: 	at java.util.concurrent.ThreadPoolExecutor.runWorker(ThreadPoolExecutor.java:1145)
07-30 13:57:50.903  4076  4198 W AiAiEcho: 	at java.util.concurrent.ThreadPoolExecutor$Worker.run(ThreadPoolExecutor.java:644)
07-30 13:57:50.903  4076  4198 W AiAiEcho: 	at hff.run(PG:221)
07-30 13:57:50.903  4076  4198 W AiAiEcho: 	at java.lang.Thread.run(Thread.java:1012)
07-30 13:57:50.903 32724 32752 D SoLoader: libreactnativejni.so found on /data/app/~~NfLuExn4uH56SsxBgVKQgQ==/com.jcarpenter1.expootaexclusionrepro-qBr5yS93gDrON2zDImzzIg==/base.apk!/lib/arm64-v8a
07-30 13:57:50.904  4076  4198 W AiAiEcho: Logging to Simple Storage failed.
07-30 13:57:50.904  4076  4198 W AiAiEcho: java.util.concurrent.CancellationException
07-30 13:57:50.904  4076  4198 W AiAiEcho: 	at ybm.d(PG:8)
07-30 13:57:50.904  4076  4198 W AiAiEcho: 	at ybm.get(PG:1)
07-30 13:57:50.904  4076  4198 W AiAiEcho: 	at a.n(PG:2)
07-30 13:57:50.904  4076  4198 W AiAiEcho: 	at trf.Q(PG:10)
07-30 13:57:50.904  4076  4198 W AiAiEcho: 	at uba.run(PG:24)
07-30 13:57:50.904  4076  4198 W AiAiEcho: 	at java.util.concurrent.Executors$RunnableAdapter.call(Executors.java:487)
07-30 13:57:50.904  4076  4198 W AiAiEcho: 	at uci.a(PG:3)
07-30 13:57:50.904  4076  4198 W AiAiEcho: 	at ubk.run(PG:21)
07-30 13:57:50.904  4076  4198 W AiAiEcho: 	at ucj.run(PG:5)
07-30 13:57:50.904  4076  4198 W AiAiEcho: 	at java.util.concurrent.Executors$RunnableAdapter.call(Executors.java:487)
07-30 13:57:50.904  4076  4198 W AiAiEcho: 	at java.util.concurrent.FutureTask.run(FutureTask.java:264)
07-30 13:57:50.904  4076  4198 W AiAiEcho: 	at java.util.concurrent.ScheduledThreadPoolExecutor$ScheduledFutureTask.run(ScheduledThreadPoolExecutor.java:307)
07-30 13:57:50.904  4076  4198 W AiAiEcho: 	at java.util.concurrent.ThreadPoolExecutor.runWorker(ThreadPoolExecutor.java:1145)
07-30 13:57:50.904  4076  4198 W AiAiEcho: 	at java.util.concurrent.ThreadPoolExecutor$Worker.run(ThreadPoolExecutor.java:644)
07-30 13:57:50.904  4076  4198 W AiAiEcho: 	at hff.run(PG:221)
07-30 13:57:50.904  4076  4198 W AiAiEcho: 	at java.lang.Thread.run(Thread.java:1012)
07-30 13:57:50.904  4076  4198 W AiAiEcho: Caused by: xuy: Parent job is Cancelled; job=xva{Cancelled}@9680557
07-30 13:57:50.904  4076  4198 W AiAiEcho: Caused by: android.database.sqlite.SQLiteException: no such column: "ttlBaseMillis" (code 1 SQLITE_ERROR): , while compiling: ALTER TABLE `PersistedPeopleSuggestLabels`
07-30 13:57:50.904  4076  4198 W AiAiEcho:             RENAME COLUMN `ttlBaseMillis` TO `createdMillis`;
07-30 13:57:50.904  4076  4198 W AiAiEcho: 	at android.database.sqlite.SQLiteConnection.nativePrepareStatement(Native Method)
07-30 13:57:50.904  4076  4198 W AiAiEcho: 	at android.database.sqlite.SQLiteConnection.acquirePreparedStatement(SQLiteConnection.java:1068)
07-30 13:57:50.904  4076  4198 W AiAiEcho: 	at android.database.sqlite.SQLiteConnection.prepare(SQLiteConnection.java:673)
07-30 13:57:50.904  4076  4198 W AiAiEcho: 	at android.database.sqlite.SQLiteSession.prepare(SQLiteSession.java:590)
07-30 13:57:50.904  4076  4198 W AiAiEcho: 	at android.database.sqlite.SQLiteProgram.<init>(SQLiteProgram.java:62)
07-30 13:57:50.904  4076  4198 W AiAiEcho: 	at android.database.sqlite.SQLiteStatement.<init>(SQLiteStatement.java:34)
07-30 13:57:50.904  4076  4198 W AiAiEcho: 	at android.database.sqlite.SQLiteDatabase.executeSql(SQLiteDatabase.java:2086)
07-30 13:57:50.904  4076  4198 W AiAiEcho: 	at android.database.sqlite.SQLiteDatabase.execSQL(SQLiteDatabase.java:2008)
07-30 13:57:50.904  4076  4198 W AiAiEcho: 	at bsy.h(PG:3)
07-30 13:57:50.904  4076  4198 W AiAiEcho: 	at gfl.a(PG:3)
07-30 13:57:50.904  4076  4198 W AiAiEcho: 	at bso.b(PG:151)
07-30 13:57:50.904  4076  4198 W AiAiEcho: 	at btc.onUpgrade(PG:15)
07-30 13:57:50.904  4076  4198 W AiAiEcho: 	at android.database.sqlite.SQLiteOpenHelper.getDatabaseLocked(SQLiteOpenHelper.java:416)
07-30 13:57:50.904  4076  4198 W AiAiEcho: 	at android.database.sqlite.SQLiteOpenHelper.getWritableDatabase(SQLiteOpenHelper.java:316)
07-30 13:57:50.904  4076  4198 W AiAiEcho: 	at btc.c(PG:1)
07-30 13:57:50.904  4076  4198 W AiAiEcho: 	at btc.b(PG:90)
07-30 13:57:50.904  4076  4198 W AiAiEcho: 	at bte.a(PG:5)
07-30 13:57:50.904  4076  4198 W AiAiEcho: 	at ghg.b(PG:139)
07-30 13:57:50.904  4076  4198 W AiAiEcho: 	at ghg.a(PG:13)
07-30 13:57:50.904  4076  4198 W AiAiEcho: 	at xpi.C(PG:14)
07-30 13:57:50.904  4076  4198 W AiAiEcho: 	at xey.bw(PG:54)
07-30 13:57:50.904  4076  4198 W AiAiEcho: 	at ghl.b(PG:39)
07-30 13:57:50.904  4076  4198 W AiAiEcho: 	at xms.g(PG:13)
07-30 13:57:50.904  4076  4198 W AiAiEcho: 	at kotlinx.coroutines.DispatchedTask.run(PG:114)
07-30 13:57:50.904  4076  4198 W AiAiEcho: 	at java.util.concurrent.Executors$RunnableAdapter.call(Executors.java:487)
07-30 13:57:50.904  4076  4198 W AiAiEcho: 	at uci.a(PG:3)
07-30 13:57:50.904  4076  4198 W AiAiEcho: 	at ubk.run(PG:21)
07-30 13:57:50.904  4076  4198 W AiAiEcho: 	at ucj.run(PG:5)
07-30 13:57:50.904  4076  4198 W AiAiEcho: 	at java.util.concurrent.Executors$RunnableAdapter.call(Executors.java:487)
07-30 13:57:50.904  4076  4198 W AiAiEcho: 	at java.util.concurrent.FutureTask.run(FutureTask.java:264)
07-30 13:57:50.904  4076  4198 W AiAiEcho: 	at java.util.concurrent.ScheduledThreadPoolExecutor$ScheduledFutureTask.run(ScheduledThreadPoolExecutor.java:307)
07-30 13:57:50.904  4076  4198 W AiAiEcho: 	at java.util.concurrent.ThreadPoolExecutor.runWorker(ThreadPoolExecutor.java:1145)
07-30 13:57:50.904  4076  4198 W AiAiEcho: 	at java.util.concurrent.ThreadPoolExecutor$Worker.run(ThreadPoolExecutor.java:644)
07-30 13:57:50.904  4076  4198 W AiAiEcho: 	at hff.run(PG:221)
07-30 13:57:50.904  4076  4198 W AiAiEcho: 	at java.lang.Thread.run(Thread.java:1012)
07-30 13:57:50.904 32724 32752 E dev.expo.updates: {"timestamp":1722369470904,"message":"Could not emit Expo.nativeUpdatesStateChangeEvent check event; no subscribers registered.","code":"JSRuntimeError","level":"error","stacktrace":["expo.modules.updates.logging.UpdatesLogger.logEntryString(UpdatesLogger.kt:141)","expo.modules.updates.logging.UpdatesLogger.error(UpdatesLogger.kt:94)","expo.modules.updates.logging.UpdatesLogger.error(UpdatesLogger.kt:84)","expo.modules.updates.logging.UpdatesLogger.error$default(UpdatesLogger.kt:79)","expo.modules.updates.UpdatesUtils.sendEvent(UpdatesUtils.kt:177)","expo.modules.updates.EnabledUpdatesController.sendEventToJS(EnabledUpdatesController.kt:175)","expo.modules.updates.EnabledUpdatesController.sendUpdateStateChangeEventToAppContext(EnabledUpdatesController.kt:171)","expo.modules.updates.statemachine.UpdatesStateMachine.sendChangeEventToJS(UpdatesStateMachine.kt:96)","expo.modules.updates.statemachine.UpdatesStateMachine.processEvent(UpdatesStateMachine.kt:73)","expo.modules.updates.statemachine.UpdatesStateMachine.access$processEvent(UpdatesStateMachine.kt:13)","expo.modules.updates.statemachine.UpdatesStateMachine$serialExecutorQueue$1.processStateEvent(UpdatesStateMachine.kt:24)","expo.modules.updates.procedures.StateMachineSerialExecutorQueue$MethodInvocationHolder$execute$1.processStateEvent(StateMachineSerialExecutorQueue.kt:35)","expo.modules.updates.procedures.StartupProcedure$loaderTask$1.onRemoteCheckForUpdateStarted(StartupProcedure.kt:111)","expo.modules.updates.loader.LoaderTask.launchRemoteUpdateInBackground$lambda$1(LoaderTask.kt:352)","expo.modules.updates.loader.LoaderTask.$r8$lambda$8InBWK0aYpzSnAyJPpk9Wheme_8(Unknown Source:0)","expo.modules.updates.loader.LoaderTask$$ExternalSyntheticLambda0.run(Unknown Source:6)","android.os.AsyncTask$SerialExecutor$1.run(AsyncTask.java:305)","java.util.concurrent.ThreadPoolExecutor.runWorker(ThreadPoolExecutor.java:1145)","java.util.concurrent.ThreadPoolExecutor$Worker.run(ThreadPoolExecutor.java:644)","java.lang.Thread.run(Thread.java:1012)"]}
07-30 13:57:50.905 32724 32724 D SoLoader: libhermes_executor.so found on /data/app/~~NfLuExn4uH56SsxBgVKQgQ==/com.jcarpenter1.expootaexclusionrepro-qBr5yS93gDrON2zDImzzIg==/base.apk!/lib/arm64-v8a
07-30 13:57:50.905  4076  4198 W AiAiEcho: Logging to Simple Storage failed.
07-30 13:57:50.905  4076  4198 W AiAiEcho: java.util.concurrent.CancellationException
07-30 13:57:50.905  4076  4198 W AiAiEcho: 	at ybm.d(PG:8)
07-30 13:57:50.905  4076  4198 W AiAiEcho: 	at ybm.get(PG:1)
07-30 13:57:50.905  4076  4198 W AiAiEcho: 	at a.n(PG:2)
07-30 13:57:50.905  4076  4198 W AiAiEcho: 	at trf.Q(PG:10)
07-30 13:57:50.905  4076  4198 W AiAiEcho: 	at uba.run(PG:24)
07-30 13:57:50.905  4076  4198 W AiAiEcho: 	at java.util.concurrent.Executors$RunnableAdapter.call(Executors.java:487)
07-30 13:57:50.905  4076  4198 W AiAiEcho: 	at uci.a(PG:3)
07-30 13:57:50.905  4076  4198 W AiAiEcho: 	at ubk.run(PG:21)
07-30 13:57:50.905  4076  4198 W AiAiEcho: 	at ucj.run(PG:5)
07-30 13:57:50.905  4076  4198 W AiAiEcho: 	at java.util.concurrent.Executors$RunnableAdapter.call(Executors.java:487)
07-30 13:57:50.905  4076  4198 W AiAiEcho: 	at java.util.concurrent.FutureTask.run(FutureTask.java:264)
07-30 13:57:50.905  4076  4198 W AiAiEcho: 	at java.util.concurrent.ScheduledThreadPoolExecutor$ScheduledFutureTask.run(ScheduledThreadPoolExecutor.java:307)
07-30 13:57:50.905  4076  4198 W AiAiEcho: 	at java.util.concurrent.ThreadPoolExecutor.runWorker(ThreadPoolExecutor.java:1145)
07-30 13:57:50.905  4076  4198 W AiAiEcho: 	at java.util.concurrent.ThreadPoolExecutor$Worker.run(ThreadPoolExecutor.java:644)
07-30 13:57:50.905  4076  4198 W AiAiEcho: 	at hff.run(PG:221)
07-30 13:57:50.905  4076  4198 W AiAiEcho: 	at java.lang.Thread.run(Thread.java:1012)
07-30 13:57:50.905  4076  4198 W AiAiEcho: Caused by: xuy: Parent job is Cancelled; job=xva{Cancelled}@9680557
07-30 13:57:50.905  4076  4198 W AiAiEcho: Caused by: android.database.sqlite.SQLiteException: no such column: "ttlBaseMillis" (code 1 SQLITE_ERROR): , while compiling: ALTER TABLE `PersistedPeopleSuggestLabels`
07-30 13:57:50.905  4076  4198 W AiAiEcho:             RENAME COLUMN `ttlBaseMillis` TO `createdMillis`;
07-30 13:57:50.905  4076  4198 W AiAiEcho: 	at android.database.sqlite.SQLiteConnection.nativePrepareStatement(Native Method)
07-30 13:57:50.905  4076  4198 W AiAiEcho: 	at android.database.sqlite.SQLiteConnection.acquirePreparedStatement(SQLiteConnection.java:1068)
07-30 13:57:50.905  4076  4198 W AiAiEcho: 	at android.database.sqlite.SQLiteConnection.prepare(SQLiteConnection.java:673)
07-30 13:57:50.905  4076  4198 W AiAiEcho: 	at android.database.sqlite.SQLiteSession.prepare(SQLiteSession.java:590)
07-30 13:57:50.905  4076  4198 W AiAiEcho: 	at android.database.sqlite.SQLiteProgram.<init>(SQLiteProgram.java:62)
07-30 13:57:50.905  4076  4198 W AiAiEcho: 	at android.database.sqlite.SQLiteStatement.<init>(SQLiteStatement.java:34)
07-30 13:57:50.905  4076  4198 W AiAiEcho: 	at android.database.sqlite.SQLiteDatabase.executeSql(SQLiteDatabase.java:2086)
07-30 13:57:50.905  4076  4198 W AiAiEcho: 	at android.database.sqlite.SQLiteDatabase.execSQL(SQLiteDatabase.java:2008)
07-30 13:57:50.905  4076  4198 W AiAiEcho: 	at bsy.h(PG:3)
07-30 13:57:50.905  4076  4198 W AiAiEcho: 	at gfl.a(PG:3)
07-30 13:57:50.905  4076  4198 W AiAiEcho: 	at bso.b(PG:151)
07-30 13:57:50.905  4076  4198 W AiAiEcho: 	at btc.onUpgrade(PG:15)
07-30 13:57:50.905  4076  4198 W AiAiEcho: 	at android.database.sqlite.SQLiteOpenHelper.getDatabaseLocked(SQLiteOpenHelper.java:416)
07-30 13:57:50.905  4076  4198 W AiAiEcho: 	at android.database.sqlite.SQLiteOpenHelper.getWritableDatabase(SQLiteOpenHelper.java:316)
07-30 13:57:50.905  4076  4198 W AiAiEcho: 	at btc.c(PG:1)
07-30 13:57:50.905  4076  4198 W AiAiEcho: 	at btc.b(PG:90)
07-30 13:57:50.905  4076  4198 W AiAiEcho: 	at bte.a(PG:5)
07-30 13:57:50.905  4076  4198 W AiAiEcho: 	at ghg.b(PG:139)
07-30 13:57:50.905  4076  4198 W AiAiEcho: 	at ghg.a(PG:13)
07-30 13:57:50.905  4076  4198 W AiAiEcho: 	at xpi.C(PG:14)
07-30 13:57:50.905  4076  4198 W AiAiEcho: 	at xey.bw(PG:54)
07-30 13:57:50.905  4076  4198 W AiAiEcho: 	at ghl.b(PG:39)
07-30 13:57:50.905  4076  4198 W AiAiEcho: 	at xms.g(PG:13)
07-30 13:57:50.905  4076  4198 W AiAiEcho: 	at kotlinx.coroutines.DispatchedTask.run(PG:114)
07-30 13:57:50.905  4076  4198 W AiAiEcho: 	at java.util.concurrent.Executors$RunnableAdapter.call(Executors.java:487)
07-30 13:57:50.905  4076  4198 W AiAiEcho: 	at uci.a(PG:3)
07-30 13:57:50.905  4076  4198 W AiAiEcho: 	at ubk.run(PG:21)
07-30 13:57:50.905  4076  4198 W AiAiEcho: 	at ucj.run(PG:5)
07-30 13:57:50.905  4076  4198 W AiAiEcho: 	at java.util.concurrent.Executors$RunnableAdapter.call(Executors.java:487)
07-30 13:57:50.905  4076  4198 W AiAiEcho: 	at java.util.concurrent.FutureTask.run(FutureTask.java:264)
07-30 13:57:50.905  4076  4198 W AiAiEcho: 	at java.util.concurrent.ScheduledThreadPoolExecutor$ScheduledFutureTask.run(ScheduledThreadPoolExecutor.java:307)
07-30 13:57:50.905  4076  4198 W AiAiEcho: 	at java.util.concurrent.ThreadPoolExecutor.runWorker(ThreadPoolExecutor.java:1145)
07-30 13:57:50.905  4076  4198 W AiAiEcho: 	at java.util.concurrent.ThreadPoolExecutor$Worker.run(ThreadPoolExecutor.java:644)
07-30 13:57:50.905  4076  4198 W AiAiEcho: 	at hff.run(PG:221)
07-30 13:57:50.905  4076  4198 W AiAiEcho: 	at java.lang.Thread.run(Thread.java:1012)
07-30 13:57:50.920  1917  4363 D CompatibilityChangeReporter: Compat change id reported: 214016041; UID 10481; state: ENABLED
07-30 13:57:50.920 32724 32759 D TrafficStats: tagSocket(103) with statsTag=0xffffffff, statsUid=-1
07-30 13:57:50.923 17875 17875 I GoogleInputMethodService: GoogleInputMethodService.onFinishInput():3157
07-30 13:57:50.924 17875 17875 I GoogleInputMethodService: GoogleInputMethodService.updateDeviceLockedStatus():2248 repeatCheckTimes = 0, locked = false
